192.168.2.24 - dba_user [15/Mar/2024:14:11:15 +0900] "GET /api/v1/reports/export HTTP/1.1" 500 30310 "-" "Mozilla/5.0"
192.168.5.8 - - [19/Mar/2024:11:49:32 +0900] "GET /admin/users/list HTTP/1.1" 304 19811 "-" "Mozilla/5.0"
192.168.2.82 - admin01 [17/Feb/2024:11:06:58 +0900] "GET /api/v1/customers/search HTTP/1.1" 200 440 "-" "Mozilla/5.0"
192.168.7.79 - - [06/Mar/2024:09:46:39 +0900] "GET /static/css/style.css HTTP/1.1" 200 46559 "-" "Mozilla/5.0"
192.168.4.205 - - [20/Feb/2024:13:17:26 +0900] "GET /static/js/app.js HTTP/1.1" 500 43689 "-" "Mozilla/5.0"
192.168.10.51 - emp008 [21/Feb/2024:06:08:23 +0900] "GET /api/v1/reports/export HTTP/1.1" 500 33369 "-" "Mozilla/5.0"
192.168.1.226 - admin01 [02/Feb/2024:03:27:24 +0900] "GET /api/v1/reports/export HTTP/1.1" 200 31644 "-" "Mozilla/5.0"
192.168.4.144 - emp009 [10/Mar/2024:15:27:07 +0900] "GET /static/js/app.js HTTP/1.1" 500 11397 "-" "Mozilla/5.0"
192.168.1.194 - emp005 [06/Feb/2024:05:09:59 +0900] "GET /static/js/app.js HTTP/1.1" 500 36296 "-" "Mozilla/5.0"
192.168.7.79 - admin01 [16/Mar/2024:00:37:28 +0900] "GET /api/v1/personal/info HTTP/1.1" 200 38088 "-" "Mozilla/5.0"
192.168.1.194 - emp009 [09/Feb/2024:12:38:52 +0900] "GET /api/v1/reports/export HTTP/1.1" 304 46313 "-" "Mozilla/5.0"
192.168.2.82 - emp003 [02/Mar/2024:02:13:54 +0900] "GET /api/v1/reports/export HTTP/1.1" 500 22401 "-" "Mozilla/5.0"
192.168.10.51 - - [20/Mar/2024:11:32:48 +0900] "GET /static/css/style.css HTTP/1.1" 304 41437 "-" "Mozilla/5.0"
192.168.4.144 - emp004 [20/Feb/2024:07:15:38 +0900] "GET /api/v1/reports/export HTTP/1.1" 200 9149 "-" "Mozilla/5.0"
192.168.1.194 - emp010 [08/Mar/2024:19:28:15 +0900] "GET /api/v1/personal/info HTTP/1.1" 404 14645 "-" "Mozilla/5.0"
192.168.3.138 - emp010 [01/Feb/2024:12:22:51 +0900] "GET /api/v1/customers/search HTTP/1.1" 500 46101 "-" "Mozilla/5.0"
192.168.5.8 - - [20/Feb/2024:08:09:55 +0900] "GET /api/v1/personal/info HTTP/1.1" 404 47184 "-" "Mozilla/5.0"
192.168.4.144 - - [15/Feb/2024:23:43:32 +0900] "GET /api/v1/personal/info HTTP/1.1" 304 38794 "-" "Mozilla/5.0"
192.168.8.128 - - [01/Mar/2024:14:13:40 +0900] "POST /static/js/app.js HTTP/1.1" 500 27254 "-" "Mozilla/5.0"
192.168.8.128 - emp003 [02/Mar/2024:04:47:51 +0900] "POST /static/js/app.js HTTP/1.1" 200 42883 "-" "Mozilla/5.0"
192.168.2.24 - - [21/Mar/2024:23:05:04 +0900] "GET /api/v1/personal/info HTTP/1.1" 200 39063 "-" "Mozilla/5.0"
192.168.4.130 - - [28/Feb/2024:13:31:12 +0900] "GET /api/v1/personal/info HTTP/1.1" 200 21959 "-" "Mozilla/5.0"
192.168.2.82 - emp006 [16/Mar/2024:08:25:46 +0900] "POST /api/v1/members/profile HTTP/1.1" 200 35264 "-" "Mozilla/5.0"
192.168.8.128 - emp007 [22/Feb/2024:13:32:17 +0900] "GET /static/js/app.js HTTP/1.1" 304 1971 "-" "Mozilla/5.0"
192.168.2.141 - - [20/Mar/2024:06:06:44 +0900] "GET /api/v1/reports/export HTTP/1.1" 304 5363 "-" "Mozilla/5.0"
192.168.8.128 - emp008 [09/Feb/2024:20:46:32 +0900] "GET /api/v1/reports/export HTTP/1.1" 404 38165 "-" "Mozilla/5.0"
192.168.4.230 - admin01 [05/Feb/2024:08:01:23 +0900] "GET /api/v1/customers/search HTTP/1.1" 304 45324 "-" "Mozilla/5.0"
192.168.5.8 - emp001 [14/Mar/2024:05:23:14 +0900] "GET /api/v1/members/profile HTTP/1.1" 200 38523 "-" "Mozilla/5.0"
192.168.2.225 - - [10/Feb/2024:01:48:33 +0900] "GET /api/v1/customers/search?phone=02-345-6789&user=- HTTP/1.1" 200 3186 "-" "Mozilla/5.0"
192.168.3.138 - - [02/Feb/2024:05:18:42 +0900] "GET /api/v1/reports/export HTTP/1.1" 404 39828 "-" "Mozilla/5.0"
192.168.7.79 - admin01 [13/Feb/2024:14:11:31 +0900] "POST /api/v1/customers/search HTTP/1.1" 200 5715 "-" "Mozilla/5.0"
192.168.10.51 - - [21/Mar/2024:06:23:52 +0900] "GET /api/v1/reports/export HTTP/1.1" 200 13178 "-" "Mozilla/5.0"
192.168.1.226 - - [16/Mar/2024:10:00:55 +0900] "GET /admin/users/list HTTP/1.1" 200 37536 "-" "Mozilla/5.0"
192.168.4.230 - - [03/Feb/2024:06:19:08 +0900] "GET /api/v1/personal/info HTTP/1.1" 200 29058 "-" "Mozilla/5.0"
192.168.10.51 - - [03/Feb/2024:06:33:56 +0900] "GET /api/v1/reports/export HTTP/1.1" 404 18124 "-" "Mozilla/5.0"
192.168.10.51 - - [09/Feb/2024:20:52:23 +0900] "POST /api/v1/customers/search HTTP/1.1" 200 6782 "-" "Mozilla/5.0"
192.168.3.91 - emp001 [18/Feb/2024:02:15:08 +0900] "GET /admin/users/list HTTP/1.1" 200 27764 "-" "Mozilla/5.0"
192.168.4.130 - emp008 [17/Feb/2024:15:52:47 +0900] "GET /api/v1/customers/search HTTP/1.1" 200 11089 "-" "Mozilla/5.0"
192.168.4.144 - - [05/Feb/2024:09:35:35 +0900] "GET /api/v1/customers/search HTTP/1.1" 200 34325 "-" "Mozilla/5.0"
192.168.4.230 - emp004 [04/Mar/2024:17:01:44 +0900] "POST /api/v1/members/profile HTTP/1.1" 404 22422 "-" "Mozilla/5.0"
192.168.4.168 - - [10/Mar/2024:20:34:32 +0900] "GET /api/v1/customers/search HTTP/1.1" 200 15794 "-" "Mozilla/5.0"
192.168.1.194 - - [18/Mar/2024:03:15:05 +0900] "GET /api/v1/reports/export HTTP/1.1" 304 28343 "-" "Mozilla/5.0"
192.168.4.130 - emp003 [09/Feb/2024:09:44:52 +0900] "POST /api/v1/customers/search HTTP/1.1" 500 39590 "-" "Mozilla/5.0"
192.168.7.50 - - [12/Feb/2024:19:44:26 +0900] "GET /api/v1/personal/info HTTP/1.1" 200 46779 "-" "Mozilla/5.0"
192.168.7.79 - - [05/Feb/2024:00:29:03 +0900] "GET /api/v1/members/profile HTTP/1.1" 500 25569 "-" "Mozilla/5.0"
192.168.7.50 - emp007 [12/Mar/2024:19:38:18 +0900] "POST /static/css/style.css HTTP/1.1" 404 12791 "-" "Mozilla/5.0"
192.168.1.226 - - [06/Feb/2024:16:33:51 +0900] "GET /api/v1/members/profile HTTP/1.1" 304 31192 "-" "Mozilla/5.0"
192.168.4.221 - - [13/Mar/2024:13:26:42 +0900] "GET /static/css/style.css HTTP/1.1" 200 31154 "-" "Mozilla/5.0"
192.168.4.130 - emp001 [13/Feb/2024:19:35:33 +0900] "GET /static/js/app.js HTTP/1.1" 200 18071 "-" "Mozilla/5.0"
192.168.2.141 - admin01 [15/Feb/2024:12:53:10 +0900] "GET /api/v1/customers/search HTTP/1.1" 404 41761 "-" "Mozilla/5.0"
192.168.3.91 - emp010 [16/Feb/2024:22:58:06 +0900] "POST /static/css/style.css HTTP/1.1" 500 20575 "-" "Mozilla/5.0"
192.168.4.168 - emp008 [04/Mar/2024:08:37:37 +0900] "GET /api/v1/members/profile HTTP/1.1" 404 29573 "-" "Mozilla/5.0"
192.168.2.24 - - [10/Feb/2024:04:19:35 +0900] "GET /api/v1/customers/search HTTP/1.1" 200 14672 "-" "Mozilla/5.0"
192.168.7.79 - - [16/Feb/2024:18:28:19 +0900] "GET /static/css/style.css HTTP/1.1" 404 18464 "-" "Mozilla/5.0"
192.168.1.194 - emp003 [17/Mar/2024:07:46:22 +0900] "GET /api/v1/reports/export HTTP/1.1" 500 22039 "-" "Mozilla/5.0"
192.168.4.144 - emp010 [11/Feb/2024:15:14:01 +0900] "POST /api/v1/customers/search HTTP/1.1" 304 38016 "-" "Mozilla/5.0"
192.168.4.130 - - [26/Feb/2024:11:18:52 +0900] "POST /static/js/app.js HTTP/1.1" 500 37594 "-" "Mozilla/5.0"
192.168.5.8 - - [15/Mar/2024:11:19:08 +0900] "GET /api/v1/customers/search HTTP/1.1" 404 49939 "-" "Mozilla/5.0"
192.168.8.128 - - [20/Mar/2024:21:20:36 +0900] "GET /admin/users/list HTTP/1.1" 404 41233 "-" "Mozilla/5.0"
192.168.2.225 - - [15/Mar/2024:23:31:20 +0900] "POST /api/v1/members/profile HTTP/1.1" 304 14886 "-" "Mozilla/5.0"
192.168.1.194 - emp010 [03/Feb/2024:04:59:59 +0900] "GET /api/v1/personal/info HTTP/1.1" 304 12007 "-" "Mozilla/5.0"
192.168.5.8 - analyst1 [12/Mar/2024:17:49:27 +0900] "GET /static/css/style.css HTTP/1.1" 404 24107 "-" "Mozilla/5.0"
192.168.4.130 - emp007 [10/Feb/2024:15:16:26 +0900] "GET /admin/users/list HTTP/1.1" 200 33786 "-" "Mozilla/5.0"
192.168.7.50 - emp009 [14/Feb/2024:02:49:00 +0900] "GET /api/v1/members/profile HTTP/1.1" 200 22181 "-" "Mozilla/5.0"
192.168.4.144 - emp001 [07/Feb/2024:20:44:51 +0900] "GET /api/v1/personal/info HTTP/1.1" 200 8994 "-" "Mozilla/5.0"
192.168.4.244 - - [01/Feb/2024:07:12:17 +0900] "GET /api/v1/personal/info HTTP/1.1" 200 22171 "-" "Mozilla/5.0"
192.168.2.24 - emp002 [06/Feb/2024:07:04:41 +0900] "GET /api/v1/customers/search?phone=010-9876-5432&user=emp002 HTTP/1.1" 404 36394 "-" "Mozilla/5.0"
192.168.1.226 - - [02/Mar/2024:11:02:02 +0900] "GET /static/js/app.js HTTP/1.1" 304 31887 "-" "Mozilla/5.0"
192.168.4.244 - emp010 [01/Feb/2024:00:02:01 +0900] "GET /api/v1/customers/search HTTP/1.1" 200 20998 "-" "Mozilla/5.0"
192.168.3.91 - emp003 [21/Mar/2024:10:14:30 +0900] "GET /api/v1/reports/export HTTP/1.1" 200 23501 "-" "Mozilla/5.0"
192.168.1.226 - - [19/Mar/2024:08:53:16 +0900] "POST /api/v1/members/profile HTTP/1.1" 200 45277 "-" "Mozilla/5.0"
192.168.3.91 - admin01 [07/Mar/2024:15:32:19 +0900] "GET /static/css/style.css HTTP/1.1" 200 32025 "-" "Mozilla/5.0"
192.168.1.226 - dba_user [07/Mar/2024:16:17:10 +0900] "POST /api/v1/reports/export HTTP/1.1" 304 1245 "-" "Mozilla/5.0"
192.168.2.141 - - [29/Feb/2024:09:58:39 +0900] "GET /api/v1/members/profile HTTP/1.1" 404 9923 "-" "Mozilla/5.0"
192.168.2.225 - admin01 [02/Mar/2024:23:28:59 +0900] "GET /api/v1/personal/info HTTP/1.1" 200 32168 "-" "Mozilla/5.0"
192.168.4.221 - emp001 [15/Mar/2024:20:40:41 +0900] "POST /admin/users/list HTTP/1.1" 304 17054 "-" "Mozilla/5.0"
192.168.3.138 - - [12/Mar/2024:02:43:25 +0900] "GET /api/v1/reports/export HTTP/1.1" 404 2555 "-" "Mozilla/5.0"
192.168.4.230 - emp008 [03/Mar/2024:22:26:50 +0900] "POST /admin/users/list HTTP/1.1" 200 4157 "-" "Mozilla/5.0"
192.168.4.221 - - [19/Feb/2024:02:02:26 +0900] "GET /api/v1/customers/search HTTP/1.1" 200 13669 "-" "Mozilla/5.0"
192.168.4.221 - - [05/Mar/2024:13:57:56 +0900] "GET /api/v1/personal/info HTTP/1.1" 500 29208 "-" "Mozilla/5.0"
192.168.10.51 - - [11/Feb/2024:12:15:10 +0900] "GET /api/v1/reports/export HTTP/1.1" 200 16016 "-" "Mozilla/5.0"
192.168.2.141 - emp001 [23/Feb/2024:19:09:50 +0900] "GET /api/v1/reports/export HTTP/1.1" 200 25033 "-" "Mozilla/5.0"
192.168.4.130 - - [23/Feb/2024:19:02:11 +0900] "GET /api/v1/personal/info HTTP/1.1" 500 33628 "-" "Mozilla/5.0"
192.168.4.244 - - [28/Feb/2024:15:37:28 +0900] "GET /api/v1/reports/export HTTP/1.1" 304 38208 "-" "Mozilla/5.0"
192.168.7.79 - emp008 [02/Mar/2024:10:35:10 +0900] "GET /api/v1/reports/export HTTP/1.1" 200 7268 "-" "Mozilla/5.0"
192.168.4.144 - emp009 [09/Feb/2024:02:21:49 +0900] "GET /api/v1/members/profile HTTP/1.1" 404 33439 "-" "Mozilla/5.0"
192.168.2.225 - emp006 [07/Feb/2024:15:20:08 +0900] "GET /api/v1/personal/info HTTP/1.1" 500 18399 "-" "Mozilla/5.0"
192.168.10.51 - emp003 [14/Feb/2024:01:46:19 +0900] "POST /api/v1/members/profile HTTP/1.1" 500 43777 "-" "Mozilla/5.0"
192.168.4.230 - - [03/Feb/2024:03:03:07 +0900] "GET /admin/users/list HTTP/1.1" 200 19304 "-" "Mozilla/5.0"
192.168.3.91 - analyst1 [13/Feb/2024:04:46:35 +0900] "POST /api/v1/reports/export HTTP/1.1" 200 29646 "-" "Mozilla/5.0"
192.168.2.82 - emp003 [04/Mar/2024:08:58:19 +0900] "GET /api/v1/personal/info HTTP/1.1" 200 4884 "-" "Mozilla/5.0"
192.168.2.24 - emp004 [04/Feb/2024:10:45:46 +0900] "GET /api/v1/members/profile HTTP/1.1" 200 2619 "-" "Mozilla/5.0"
192.168.4.221 - admin01 [19/Feb/2024:19:38:46 +0900] "GET /static/js/app.js HTTP/1.1" 200 3955 "-" "Mozilla/5.0"
192.168.4.144 - - [05/Feb/2024:01:42:47 +0900] "GET /api/v1/customers/search HTTP/1.1" 200 7801 "-" "Mozilla/5.0"
192.168.4.168 - emp003 [08/Mar/2024:09:08:58 +0900] "GET /api/v1/reports/export HTTP/1.1" 200 45311 "-" "Mozilla/5.0"
192.168.7.79 - admin01 [10/Feb/2024:12:22:20 +0900] "GET /api/v1/reports/export HTTP/1.1" 200 35889 "-" "Mozilla/5.0"
192.168.2.24 - - [12/Feb/2024:19:19:34 +0900] "GET /static/js/app.js HTTP/1.1" 200 25517 "-" "Mozilla/5.0"
192.168.2.141 - - [19/Mar/2024:07:05:12 +0900] "POST /static/js/app.js HTTP/1.1" 200 2073 "-" "Mozilla/5.0"
192.168.1.194 - emp003 [18/Mar/2024:11:14:11 +0900] "GET /admin/users/list HTTP/1.1" 404 13576 "-" "Mozilla/5.0"
192.168.5.8 - - [17/Feb/2024:17:04:22 +0900] "GET /admin/users/list HTTP/1.1" 500 30428 "-" "Mozilla/5.0"
192.168.4.168 - - [15/Feb/2024:14:45:45 +0900] "POST /api/v1/personal/info HTTP/1.1" 404 48518 "-" "Mozilla/5.0"
192.168.7.50 - admin01 [07/Feb/2024:02:30:28 +0900] "GET /api/v1/reports/export HTTP/1.1" 200 31982 "-" "Mozilla/5.0"
192.168.8.128 - emp005 [16/Mar/2024:23:09:18 +0900] "GET /api/v1/customers/search HTTP/1.1" 200 43317 "-" "Mozilla/5.0"
192.168.2.82 - emp005 [25/Feb/2024:03:30:45 +0900] "GET /admin/users/list HTTP/1.1" 200 38006 "-" "Mozilla/5.0"
192.168.4.205 - - [14/Feb/2024:13:23:51 +0900] "POST /api/v1/reports/export HTTP/1.1" 304 7689 "-" "Mozilla/5.0"
192.168.4.144 - emp009 [27/Feb/2024:21:44:14 +0900] "GET /api/v1/members/profile HTTP/1.1" 404 14253 "-" "Mozilla/5.0"
192.168.2.82 - - [19/Feb/2024:22:20:16 +0900] "GET /api/v1/personal/info HTTP/1.1" 200 14639 "-" "Mozilla/5.0"
192.168.4.244 - emp004 [01/Feb/2024:09:28:06 +0900] "GET /api/v1/personal/info HTTP/1.1" 500 11194 "-" "Mozilla/5.0"
192.168.4.144 - analyst1 [17/Feb/2024:02:08:32 +0900] "POST /api/v1/members/profile HTTP/1.1" 200 4443 "-" "Mozilla/5.0"
192.168.4.244 - admin01 [21/Mar/2024:20:02:03 +0900] "POST /admin/users/list HTTP/1.1" 200 42652 "-" "Mozilla/5.0"
192.168.3.91 - emp005 [22/Feb/2024:04:56:27 +0900] "POST /admin/users/list HTTP/1.1" 304 34059 "-" "Mozilla/5.0"
192.168.4.244 - emp005 [26/Feb/2024:19:36:56 +0900] "GET /api/v1/members/profile HTTP/1.1" 200 19584 "-" "Mozilla/5.0"
192.168.4.244 - - [29/Feb/2024:02:57:50 +0900] "GET /static/css/style.css HTTP/1.1" 500 27144 "-" "Mozilla/5.0"
192.168.2.82 - emp008 [02/Mar/2024:04:13:25 +0900] "POST /api/v1/customers/search HTTP/1.1" 304 10088 "-" "Mozilla/5.0"
192.168.4.130 - analyst1 [16/Feb/2024:17:12:25 +0900] "GET /static/css/style.css HTTP/1.1" 200 24273 "-" "Mozilla/5.0"
192.168.4.144 - analyst1 [08/Mar/2024:23:51:53 +0900] "GET /admin/users/list HTTP/1.1" 200 21827 "-" "Mozilla/5.0"
192.168.7.79 - - [13/Mar/2024:13:42:43 +0900] "POST /api/v1/reports/export HTTP/1.1" 200 19582 "-" "Mozilla/5.0"
192.168.2.225 - emp009 [29/Feb/2024:23:42:35 +0900] "GET /admin/users/list HTTP/1.1" 200 10430 "-" "Mozilla/5.0"
192.168.3.138 - - [15/Feb/2024:20:10:51 +0900] "GET /admin/users/list HTTP/1.1" 200 22274 "-" "Mozilla/5.0"
192.168.10.51 - analyst1 [10/Feb/2024:00:00:53 +0900] "GET /static/js/app.js HTTP/1.1" 500 9503 "-" "Mozilla/5.0"
192.168.4.130 - - [18/Feb/2024:22:52:21 +0900] "GET /static/js/app.js HTTP/1.1" 200 14016 "-" "Mozilla/5.0"
192.168.2.82 - - [20/Feb/2024:03:11:42 +0900] "POST /api/v1/reports/export HTTP/1.1" 500 20162 "-" "Mozilla/5.0"
192.168.1.226 - emp010 [09/Mar/2024:23:51:23 +0900] "GET /admin/users/list HTTP/1.1" 200 41534 "-" "Mozilla/5.0"
192.168.1.226 - emp005 [15/Feb/2024:22:54:53 +0900] "GET /admin/users/list HTTP/1.1" 200 2670 "-" "Mozilla/5.0"
192.168.3.138 - emp007 [02/Feb/2024:13:44:53 +0900] "GET /static/css/style.css HTTP/1.1" 200 24992 "-" "Mozilla/5.0"
192.168.2.82 - - [14/Mar/2024:19:06:13 +0900] "GET /admin/users/list HTTP/1.1" 200 30481 "-" "Mozilla/5.0"
192.168.4.168 - analyst1 [11/Mar/2024:14:26:00 +0900] "POST /api/v1/members/profile HTTP/1.1" 200 8489 "-" "Mozilla/5.0"
192.168.8.128 - emp005 [13/Mar/2024:09:02:06 +0900] "GET /admin/users/list HTTP/1.1" 404 7552 "-" "Mozilla/5.0"
192.168.8.128 - - [10/Mar/2024:18:15:17 +0900] "GET /static/css/style.css HTTP/1.1" 200 48162 "-" "Mozilla/5.0"
192.168.4.168 - emp004 [06/Mar/2024:03:03:24 +0900] "GET /api/v1/customers/search HTTP/1.1" 304 47727 "-" "Mozilla/5.0"
192.168.1.226 - emp010 [04/Feb/2024:02:35:58 +0900] "POST /api/v1/personal/info HTTP/1.1" 304 12058 "-" "Mozilla/5.0"
192.168.5.8 - analyst1 [01/Mar/2024:21:39:17 +0900] "GET /api/v1/personal/info HTTP/1.1" 304 38318 "-" "Mozilla/5.0"
192.168.2.82 - - [02/Feb/2024:04:06:55 +0900] "GET /static/js/app.js HTTP/1.1" 404 21472 "-" "Mozilla/5.0"
192.168.7.50 - emp007 [12/Feb/2024:01:16:18 +0900] "GET /static/js/app.js HTTP/1.1" 304 9221 "-" "Mozilla/5.0"
192.168.3.91 - emp004 [02/Feb/2024:02:36:18 +0900] "POST /api/v1/customers/search HTTP/1.1" 304 12642 "-" "Mozilla/5.0"
192.168.4.221 - emp009 [18/Feb/2024:22:35:10 +0900] "GET /api/v1/personal/info HTTP/1.1" 304 47694 "-" "Mozilla/5.0"
192.168.4.205 - - [20/Mar/2024:03:05:51 +0900] "POST /admin/users/list HTTP/1.1" 200 37601 "-" "Mozilla/5.0"
192.168.7.79 - - [04/Mar/2024:20:48:13 +0900] "POST /admin/users/list HTTP/1.1" 500 16014 "-" "Mozilla/5.0"
192.168.4.221 - emp006 [18/Feb/2024:01:00:25 +0900] "GET /static/js/app.js HTTP/1.1" 500 42633 "-" "Mozilla/5.0"
192.168.2.141 - emp001 [28/Feb/2024:14:37:38 +0900] "GET /admin/users/list HTTP/1.1" 200 25267 "-" "Mozilla/5.0"
192.168.3.138 - - [25/Feb/2024:21:56:38 +0900] "POST /admin/users/list HTTP/1.1" 404 46740 "-" "Mozilla/5.0"
192.168.4.205 - emp004 [15/Mar/2024:16:28:21 +0900] "GET /api/v1/members/profile HTTP/1.1" 304 22333 "-" "Mozilla/5.0"
192.168.4.244 - admin01 [18/Mar/2024:19:27:14 +0900] "GET /api/v1/customers/search HTTP/1.1" 200 6020 "-" "Mozilla/5.0"
192.168.1.226 - - [08/Feb/2024:17:32:06 +0900] "GET /api/v1/members/profile HTTP/1.1" 304 11519 "-" "Mozilla/5.0"
192.168.1.226 - emp002 [07/Feb/2024:11:55:20 +0900] "GET /static/js/app.js HTTP/1.1" 200 33481 "-" "Mozilla/5.0"
192.168.2.141 - emp010 [05/Mar/2024:11:21:48 +0900] "POST /admin/users/list HTTP/1.1" 200 34645 "-" "Mozilla/5.0"
192.168.7.79 - emp007 [19/Feb/2024:04:34:03 +0900] "GET /api/v1/members/profile HTTP/1.1" 200 44409 "-" "Mozilla/5.0"
192.168.4.205 - - [02/Mar/2024:13:34:16 +0900] "GET /static/css/style.css HTTP/1.1" 200 31950 "-" "Mozilla/5.0"
192.168.10.51 - - [08/Mar/2024:03:05:47 +0900] "GET /api/v1/customers/search HTTP/1.1" 304 11963 "-" "Mozilla/5.0"
192.168.2.82 - emp008 [15/Mar/2024:21:31:16 +0900] "POST /api/v1/reports/export HTTP/1.1" 500 6156 "-" "Mozilla/5.0"
192.168.2.141 - emp010 [11/Feb/2024:16:20:03 +0900] "GET /static/css/style.css HTTP/1.1" 304 26378 "-" "Mozilla/5.0"
192.168.2.141 - dba_user [29/Feb/2024:01:41:29 +0900] "GET /api/v1/personal/info HTTP/1.1" 500 40982 "-" "Mozilla/5.0"
192.168.4.144 - admin01 [10/Mar/2024:12:55:15 +0900] "GET /api/v1/customers/search HTTP/1.1" 500 28785 "-" "Mozilla/5.0"
192.168.3.138 - analyst1 [09/Feb/2024:23:43:36 +0900] "GET /admin/users/list HTTP/1.1" 200 46660 "-" "Mozilla/5.0"
192.168.3.91 - emp005 [10/Feb/2024:23:06:13 +0900] "GET /static/js/app.js HTTP/1.1" 304 42136 "-" "Mozilla/5.0"
192.168.2.225 - emp002 [02/Feb/2024:10:01:43 +0900] "GET /api/v1/customers/search HTTP/1.1" 404 41051 "-" "Mozilla/5.0"
192.168.5.8 - emp010 [11/Feb/2024:05:47:07 +0900] "GET /static/js/app.js HTTP/1.1" 200 42310 "-" "Mozilla/5.0"
192.168.2.225 - dba_user [10/Feb/2024:15:35:11 +0900] "GET /api/v1/personal/info HTTP/1.1" 304 16629 "-" "Mozilla/5.0"
192.168.7.79 - admin01 [02/Feb/2024:19:52:48 +0900] "GET /static/css/style.css HTTP/1.1" 500 5541 "-" "Mozilla/5.0"
192.168.2.24 - emp007 [13/Mar/2024:19:46:22 +0900] "GET /static/css/style.css HTTP/1.1" 404 9495 "-" "Mozilla/5.0"
192.168.2.141 - emp009 [03/Feb/2024:12:13:49 +0900] "POST /api/v1/customers/search HTTP/1.1" 200 12206 "-" "Mozilla/5.0"
192.168.2.141 - admin01 [29/Feb/2024:14:04:59 +0900] "POST /admin/users/list HTTP/1.1" 200 2967 "-" "Mozilla/5.0"
192.168.7.50 - dba_user [17/Mar/2024:10:57:05 +0900] "POST /api/v1/personal/info HTTP/1.1" 200 39570 "-" "Mozilla/5.0"
192.168.2.141 - emp008 [10/Mar/2024:13:38:55 +0900] "GET /api/v1/reports/export HTTP/1.1" 404 9523 "-" "Mozilla/5.0"
192.168.4.168 - - [10/Mar/2024:19:01:53 +0900] "POST /admin/users/list HTTP/1.1" 200 25419 "-" "Mozilla/5.0"
192.168.2.82 - emp008 [17/Feb/2024:02:48:23 +0900] "GET /static/js/app.js HTTP/1.1" 304 38798 "-" "Mozilla/5.0"
192.168.4.221 - analyst1 [03/Feb/2024:17:41:12 +0900] "GET /api/v1/personal/info HTTP/1.1" 200 22368 "-" "Mozilla/5.0"
192.168.4.221 - admin01 [16/Feb/2024:12:21:48 +0900] "POST /api/v1/reports/export HTTP/1.1" 404 30021 "-" "Mozilla/5.0"
192.168.1.194 - emp001 [13/Feb/2024:08:11:36 +0900] "GET /static/css/style.css HTTP/1.1" 200 10370 "-" "Mozilla/5.0"
192.168.7.79 - emp004 [17/Mar/2024:11:00:36 +0900] "GET /api/v1/customers/search HTTP/1.1" 500 24548 "-" "Mozilla/5.0"
192.168.4.230 - - [14/Feb/2024:08:20:03 +0900] "POST /api/v1/reports/export HTTP/1.1" 200 18331 "-" "Mozilla/5.0"
192.168.4.144 - emp009 [17/Mar/2024:14:32:15 +0900] "GET /api/v1/customers/search HTTP/1.1" 200 26711 "-" "Mozilla/5.0"
192.168.4.130 - admin01 [25/Feb/2024:22:31:07 +0900] "GET /api/v1/reports/export HTTP/1.1" 500 46518 "-" "Mozilla/5.0"
192.168.2.225 - emp003 [06/Feb/2024:18:32:57 +0900] "GET /static/js/app.js HTTP/1.1" 200 5980 "-" "Mozilla/5.0"
192.168.7.50 - emp001 [09/Feb/2024:16:19:41 +0900] "GET /static/js/app.js HTTP/1.1" 404 7770 "-" "Mozilla/5.0"
192.168.5.8 - - [22/Feb/2024:15:30:06 +0900] "GET /static/js/app.js HTTP/1.1" 200 37712 "-" "Mozilla/5.0"
192.168.4.168 - emp002 [23/Feb/2024:07:11:07 +0900] "GET /static/css/style.css HTTP/1.1" 304 768 "-" "Mozilla/5.0"
192.168.4.221 - emp002 [21/Mar/2024:17:26:14 +0900] "GET /api/v1/personal/info HTTP/1.1" 404 21389 "-" "Mozilla/5.0"
192.168.4.230 - - [15/Mar/2024:13:46:05 +0900] "GET /api/v1/personal/info HTTP/1.1" 200 9867 "-" "Mozilla/5.0"
192.168.3.138 - - [15/Feb/2024:15:04:21 +0900] "GET /api/v1/customers/search HTTP/1.1" 200 35255 "-" "Mozilla/5.0"
192.168.2.82 - dba_user [23/Feb/2024:08:31:33 +0900] "GET /api/v1/reports/export HTTP/1.1" 500 17769 "-" "Mozilla/5.0"
192.168.3.138 - - [27/Feb/2024:00:34:14 +0900] "GET /static/js/app.js HTTP/1.1" 304 16404 "-" "Mozilla/5.0"
192.168.2.24 - emp001 [09/Feb/2024:07:20:19 +0900] "POST /api/v1/customers/search HTTP/1.1" 200 31634 "-" "Mozilla/5.0"
192.168.4.168 - - [10/Feb/2024:00:53:57 +0900] "GET /static/css/style.css HTTP/1.1" 200 6624 "-" "Mozilla/5.0"
192.168.7.50 - - [19/Mar/2024:22:47:39 +0900] "POST /api/v1/personal/info HTTP/1.1" 404 1185 "-" "Mozilla/5.0"
192.168.5.8 - emp005 [06/Feb/2024:02:57:07 +0900] "GET /static/js/app.js HTTP/1.1" 304 29272 "-" "Mozilla/5.0"
192.168.1.226 - - [21/Mar/2024:09:21:53 +0900] "GET /api/v1/reports/export HTTP/1.1" 200 36582 "-" "Mozilla/5.0"
192.168.3.91 - emp008 [07/Mar/2024:12:18:31 +0900] "GET /static/js/app.js HTTP/1.1" 200 6685 "-" "Mozilla/5.0"
192.168.3.91 - emp001 [10/Feb/2024:22:50:07 +0900] "GET /api/v1/personal/info HTTP/1.1" 200 39526 "-" "Mozilla/5.0"
192.168.7.50 - - [17/Mar/2024:17:20:06 +0900] "GET /static/css/style.css HTTP/1.1" 500 48724 "-" "Mozilla/5.0"
192.168.1.226 - emp005 [10/Mar/2024:11:17:58 +0900] "POST /api/v1/customers/search HTTP/1.1" 200 332 "-" "Mozilla/5.0"
192.168.4.130 - analyst1 [29/Feb/2024:14:14:49 +0900] "GET /api/v1/customers/search HTTP/1.1" 304 32498 "-" "Mozilla/5.0"
192.168.2.141 - emp007 [14/Mar/2024:09:49:43 +0900] "POST /static/js/app.js HTTP/1.1" 200 44685 "-" "Mozilla/5.0"
192.168.2.24 - emp003 [15/Feb/2024:09:56:25 +0900] "GET /api/v1/customers/search HTTP/1.1" 500 45848 "-" "Mozilla/5.0"
192.168.4.221 - emp005 [06/Mar/2024:03:47:16 +0900] "GET /api/v1/reports/export HTTP/1.1" 500 4807 "-" "Mozilla/5.0"
192.168.10.51 - dba_user [03/Mar/2024:02:23:29 +0900] "GET /api/v1/reports/export HTTP/1.1" 200 42973 "-" "Mozilla/5.0"
192.168.4.205 - emp009 [12/Feb/2024:17:02:36 +0900] "GET /api/v1/members/profile HTTP/1.1" 200 9239 "-" "Mozilla/5.0"
192.168.2.225 - - [14/Feb/2024:00:22:55 +0900] "GET /static/css/style.css HTTP/1.1" 304 25578 "-" "Mozilla/5.0"
192.168.2.82 - emp007 [10/Feb/2024:21:46:21 +0900] "GET /api/v1/reports/export HTTP/1.1" 304 9346 "-" "Mozilla/5.0"
192.168.8.128 - emp010 [03/Feb/2024:08:48:10 +0900] "GET /admin/users/list HTTP/1.1" 200 40856 "-" "Mozilla/5.0"
192.168.3.91 - emp004 [26/Feb/2024:06:35:30 +0900] "POST /api/v1/reports/export HTTP/1.1" 200 40006 "-" "Mozilla/5.0"
192.168.2.225 - emp001 [12/Feb/2024:23:02:52 +0900] "GET /admin/users/list HTTP/1.1" 404 2659 "-" "Mozilla/5.0"
192.168.5.8 - - [07/Feb/2024:00:27:44 +0900] "GET /admin/users/list HTTP/1.1" 304 32081 "-" "Mozilla/5.0"
192.168.2.225 - analyst1 [16/Feb/2024:00:19:44 +0900] "GET /api/v1/reports/export HTTP/1.1" 200 24765 "-" "Mozilla/5.0"
192.168.2.225 - admin01 [01/Feb/2024:16:56:41 +0900] "GET /api/v1/customers/search HTTP/1.1" 200 42703 "-" "Mozilla/5.0"
192.168.10.51 - emp007 [10/Mar/2024:18:38:41 +0900] "GET /admin/users/list HTTP/1.1" 200 24069 "-" "Mozilla/5.0"
192.168.1.226 - emp007 [06/Mar/2024:13:13:54 +0900] "GET /admin/users/list HTTP/1.1" 200 26950 "-" "Mozilla/5.0"
192.168.1.226 - emp007 [01/Mar/2024:09:47:48 +0900] "GET /admin/users/list HTTP/1.1" 200 34190 "-" "Mozilla/5.0"
192.168.4.244 - emp006 [01/Mar/2024:19:26:45 +0900] "POST /admin/users/list HTTP/1.1" 200 26900 "-" "Mozilla/5.0"
192.168.4.168 - - [10/Feb/2024:15:19:34 +0900] "POST /static/js/app.js HTTP/1.1" 404 6710 "-" "Mozilla/5.0"
192.168.4.205 - emp009 [11/Mar/2024:08:37:36 +0900] "GET /api/v1/personal/info HTTP/1.1" 200 43606 "-" "Mozilla/5.0"
192.168.3.138 - emp001 [13/Mar/2024:17:37:50 +0900] "GET /api/v1/members/profile HTTP/1.1" 404 33528 "-" "Mozilla/5.0"
192.168.4.221 - analyst1 [14/Feb/2024:13:56:18 +0900] "GET /static/js/app.js HTTP/1.1" 200 49026 "-" "Mozilla/5.0"
192.168.4.205 - emp002 [01/Feb/2024:22:50:33 +0900] "GET /static/js/app.js HTTP/1.1" 404 32162 "-" "Mozilla/5.0"
192.168.10.51 - emp008 [11/Mar/2024:16:37:27 +0900] "GET /api/v1/reports/export HTTP/1.1" 200 5585 "-" "Mozilla/5.0"
192.168.7.79 - - [12/Mar/2024:21:36:41 +0900] "POST /api/v1/personal/info HTTP/1.1" 200 35114 "-" "Mozilla/5.0"
192.168.4.221 - emp002 [09/Feb/2024:07:50:10 +0900] "GET /api/v1/customers/search HTTP/1.1" 404 18199 "-" "Mozilla/5.0"
192.168.4.230 - emp002 [14/Feb/2024:09:51:38 +0900] "GET /admin/users/list HTTP/1.1" 200 27026 "-" "Mozilla/5.0"
192.168.2.24 - - [23/Feb/2024:06:06:51 +0900] "POST /api/v1/customers/search HTTP/1.1" 200 11370 "-" "Mozilla/5.0"
192.168.4.144 - - [18/Mar/2024:03:38:57 +0900] "GET /api/v1/members/profile HTTP/1.1" 200 17371 "-" "Mozilla/5.0"
192.168.1.194 - emp006 [24/Feb/2024:19:37:07 +0900] "GET /api/v1/personal/info HTTP/1.1" 200 48598 "-" "Mozilla/5.0"
192.168.1.226 - - [23/Feb/2024:03:38:46 +0900] "GET /api/v1/reports/export HTTP/1.1" 200 46659 "-" "Mozilla/5.0"
192.168.2.82 - dba_user [08/Mar/2024:23:09:56 +0900] "GET /api/v1/members/profile HTTP/1.1" 200 15147 "-" "Mozilla/5.0"
192.168.4.144 - emp003 [20/Feb/2024:12:35:36 +0900] "GET /api/v1/reports/export HTTP/1.1" 304 48732 "-" "Mozilla/5.0"
192.168.5.8 - - [22/Feb/2024:14:30:55 +0900] "GET /admin/users/list HTTP/1.1" 404 11652 "-" "Mozilla/5.0"
192.168.4.130 - emp001 [10/Mar/2024:10:01:38 +0900] "POST /api/v1/customers/search?phone=010-1234-5678&user=emp001 HTTP/1.1" 200 5432 "-" "Mozilla/5.0"
192.168.4.144 - emp003 [01/Feb/2024:06:19:44 +0900] "GET /api/v1/reports/export HTTP/1.1" 200 1279 "-" "Mozilla/5.0"
192.168.4.205 - emp004 [19/Feb/2024:20:40:41 +0900] "GET /api/v1/members/profile HTTP/1.1" 500 48516 "-" "Mozilla/5.0"
192.168.2.82 - - [20/Feb/2024:23:59:29 +0900] "GET /admin/users/list HTTP/1.1" 200 8928 "-" "Mozilla/5.0"
192.168.1.194 - emp008 [25/Feb/2024:16:09:40 +0900] "GET /admin/users/list HTTP/1.1" 200 15595 "-" "Mozilla/5.0"
192.168.8.128 - - [27/Feb/2024:18:36:22 +0900] "GET /static/css/style.css HTTP/1.1" 404 38390 "-" "Mozilla/5.0"
192.168.2.82 - - [04/Mar/2024:17:38:09 +0900] "POST /static/js/app.js HTTP/1.1" 200 41887 "-" "Mozilla/5.0"
192.168.4.130 - emp010 [14/Mar/2024:23:09:09 +0900] "GET /static/js/app.js HTTP/1.1" 200 37614 "-" "Mozilla/5.0"
192.168.4.144 - emp001 [29/Feb/2024:19:20:45 +0900] "GET /api/v1/customers/search HTTP/1.1" 200 18249 "-" "Mozilla/5.0"
192.168.4.205 - emp009 [01/Feb/2024:04:16:15 +0900] "GET /api/v1/reports/export HTTP/1.1" 200 27201 "-" "Mozilla/5.0"
192.168.1.226 - emp010 [26/Feb/2024:09:46:16 +0900] "POST /api/v1/reports/export HTTP/1.1" 404 24818 "-" "Mozilla/5.0"
192.168.4.130 - - [14/Mar/2024:13:28:27 +0900] "POST /api/v1/members/profile HTTP/1.1" 500 14732 "-" "Mozilla/5.0"
192.168.4.144 - emp004 [11/Feb/2024:00:14:17 +0900] "GET /static/js/app.js HTTP/1.1" 200 7910 "-" "Mozilla/5.0"
192.168.7.50 - - [07/Feb/2024:20:48:49 +0900] "GET /api/v1/members/profile HTTP/1.1" 200 46665 "-" "Mozilla/5.0"
192.168.1.226 - - [07/Feb/2024:04:53:00 +0900] "POST /api/v1/personal/info HTTP/1.1" 200 38478 "-" "Mozilla/5.0"
192.168.4.221 - emp009 [21/Mar/2024:13:26:07 +0900] "GET /api/v1/members/profile HTTP/1.1" 200 10090 "-" "Mozilla/5.0"
192.168.1.194 - emp008 [04/Feb/2024:06:46:58 +0900] "GET /api/v1/personal/info HTTP/1.1" 200 37708 "-" "Mozilla/5.0"
192.168.3.91 - - [03/Mar/2024:11:51:16 +0900] "GET /static/css/style.css HTTP/1.1" 200 14650 "-" "Mozilla/5.0"
192.168.1.194 - emp010 [16/Mar/2024:14:49:30 +0900] "GET /static/js/app.js HTTP/1.1" 304 33191 "-" "Mozilla/5.0"
192.168.7.50 - emp004 [01/Mar/2024:16:49:10 +0900] "GET /api/v1/customers/search HTTP/1.1" 500 5406 "-" "Mozilla/5.0"
192.168.4.130 - emp008 [21/Feb/2024:10:23:40 +0900] "GET /api/v1/members/profile HTTP/1.1" 404 1867 "-" "Mozilla/5.0"
192.168.2.24 - - [08/Feb/2024:03:15:54 +0900] "GET /admin/users/list HTTP/1.1" 200 22972 "-" "Mozilla/5.0"
192.168.4.130 - emp009 [04/Mar/2024:12:56:03 +0900] "GET /static/js/app.js HTTP/1.1" 304 19848 "-" "Mozilla/5.0"
192.168.4.230 - emp005 [21/Mar/2024:21:59:06 +0900] "POST /api/v1/reports/export HTTP/1.1" 200 13262 "-" "Mozilla/5.0"
192.168.4.168 - admin01 [16/Mar/2024:07:14:56 +0900] "GET /static/css/style.css HTTP/1.1" 200 14667 "-" "Mozilla/5.0"
192.168.3.138 - - [01/Mar/2024:07:52:40 +0900] "GET /static/js/app.js HTTP/1.1" 304 49144 "-" "Mozilla/5.0"
192.168.3.138 - - [06/Feb/2024:16:09:18 +0900] "POST /api/v1/customers/search?phone=010-1234-5678&user=- HTTP/1.1" 200 7496 "-" "Mozilla/5.0"
192.168.2.82 - - [08/Feb/2024:10:45:49 +0900] "POST /api/v1/personal/info HTTP/1.1" 200 11800 "-" "Mozilla/5.0"
192.168.2.141 - emp004 [10/Feb/2024:14:58:50 +0900] "POST /api/v1/customers/search HTTP/1.1" 304 49596 "-" "Mozilla/5.0"
192.168.2.141 - emp001 [12/Mar/2024:14:20:53 +0900] "GET /admin/users/list HTTP/1.1" 200 44017 "-" "Mozilla/5.0"
192.168.4.221 - - [21/Mar/2024:13:10:18 +0900] "GET /api/v1/customers/search HTTP/1.1" 404 720 "-" "Mozilla/5.0"
192.168.10.51 - analyst1 [06/Mar/2024:19:26:09 +0900] "GET /api/v1/members/profile HTTP/1.1" 200 25413 "-" "Mozilla/5.0"
192.168.5.8 - emp010 [08/Feb/2024:08:56:17 +0900] "POST /admin/users/list HTTP/1.1" 200 15551 "-" "Mozilla/5.0"
192.168.1.194 - emp008 [08/Mar/2024:00:07:22 +0900] "GET /api/v1/members/profile HTTP/1.1" 200 49705 "-" "Mozilla/5.0"
192.168.1.194 - analyst1 [10/Feb/2024:09:01:48 +0900] "POST /static/css/style.css HTTP/1.1" 500 19958 "-" "Mozilla/5.0"
192.168.1.194 - analyst1 [21/Mar/2024:17:14:08 +0900] "GET /api/v1/reports/export HTTP/1.1" 404 45765 "-" "Mozilla/5.0"
192.168.8.128 - emp003 [02/Mar/2024:21:30:04 +0900] "GET /admin/users/list HTTP/1.1" 200 6685 "-" "Mozilla/5.0"
192.168.1.194 - - [25/Feb/2024:20:01:13 +0900] "POST /api/v1/personal/info HTTP/1.1" 404 7760 "-" "Mozilla/5.0"
192.168.7.50 - emp005 [05/Feb/2024:03:10:29 +0900] "GET /api/v1/customers/search HTTP/1.1" 500 30723 "-" "Mozilla/5.0"
192.168.1.226 - emp010 [29/Feb/2024:10:30:37 +0900] "GET /api/v1/personal/info HTTP/1.1" 500 39396 "-" "Mozilla/5.0"
192.168.4.221 - emp006 [19/Mar/2024:14:29:09 +0900] "GET /api/v1/members/profile HTTP/1.1" 200 44842 "-" "Mozilla/5.0"
192.168.10.51 - emp004 [14/Mar/2024:13:15:13 +0900] "POST /api/v1/personal/info HTTP/1.1" 200 41684 "-" "Mozilla/5.0"
192.168.4.205 - emp010 [24/Feb/2024:16:44:18 +0900] "GET /static/js/app.js HTTP/1.1" 404 28177 "-" "Mozilla/5.0"
192.168.4.230 - - [06/Feb/2024:11:16:25 +0900] "GET /api/v1/customers/search HTTP/1.1" 404 1556 "-" "Mozilla/5.0"
192.168.7.50 - emp007 [02/Feb/2024:11:39:48 +0900] "POST /api/v1/customers/search HTTP/1.1" 200 44571 "-" "Mozilla/5.0"
192.168.7.79 - - [08/Feb/2024:09:00:37 +0900] "GET /api/v1/members/profile HTTP/1.1" 404 8200 "-" "Mozilla/5.0"
192.168.4.205 - emp010 [15/Mar/2024:13:11:25 +0900] "POST /static/js/app.js HTTP/1.1" 304 45171 "-" "Mozilla/5.0"
192.168.2.225 - emp005 [16/Feb/2024:05:03:27 +0900] "GET /api/v1/reports/export HTTP/1.1" 404 47917 "-" "Mozilla/5.0"
192.168.3.91 - emp004 [11/Mar/2024:02:30:26 +0900] "POST /static/js/app.js HTTP/1.1" 500 7506 "-" "Mozilla/5.0"
192.168.7.50 - emp009 [01/Mar/2024:04:16:06 +0900] "GET /api/v1/personal/info HTTP/1.1" 304 24260 "-" "Mozilla/5.0"
192.168.2.82 - dba_user [03/Feb/2024:23:13:31 +0900] "POST /api/v1/members/profile HTTP/1.1" 404 19208 "-" "Mozilla/5.0"
192.168.4.230 - - [24/Feb/2024:04:49:47 +0900] "GET /api/v1/members/profile HTTP/1.1" 500 14344 "-" "Mozilla/5.0"
192.168.1.226 - - [11/Feb/2024:18:49:11 +0900] "GET /api/v1/reports/export HTTP/1.1" 304 28274 "-" "Mozilla/5.0"
192.168.5.8 - emp005 [05/Feb/2024:09:06:20 +0900] "GET /static/css/style.css HTTP/1.1" 304 32421 "-" "Mozilla/5.0"
192.168.1.226 - admin01 [17/Mar/2024:02:52:06 +0900] "GET /api/v1/reports/export HTTP/1.1" 200 8580 "-" "Mozilla/5.0"
192.168.1.226 - emp010 [16/Feb/2024:19:25:06 +0900] "GET /api/v1/customers/search HTTP/1.1" 404 36764 "-" "Mozilla/5.0"
192.168.4.221 - - [17/Feb/2024:06:15:03 +0900] "GET /api/v1/customers/search HTTP/1.1" 200 26317 "-" "Mozilla/5.0"
192.168.4.130 - - [01/Mar/2024:01:41:03 +0900] "GET /admin/users/list HTTP/1.1" 200 31812 "-" "Mozilla/5.0"
192.168.10.51 - - [07/Mar/2024:01:05:12 +0900] "GET /admin/users/list HTTP/1.1" 200 32366 "-" "Mozilla/5.0"
192.168.4.244 - emp002 [06/Feb/2024:17:18:34 +0900] "GET /api/v1/reports/export HTTP/1.1" 200 28231 "-" "Mozilla/5.0"
192.168.2.141 - emp005 [10/Feb/2024:14:52:25 +0900] "GET /api/v1/reports/export HTTP/1.1" 500 4189 "-" "Mozilla/5.0"
192.168.4.144 - - [05/Feb/2024:13:31:58 +0900] "GET /api/v1/members/profile HTTP/1.1" 200 44284 "-" "Mozilla/5.0"
192.168.4.244 - analyst1 [27/Feb/2024:14:10:13 +0900] "GET /api/v1/personal/info HTTP/1.1" 304 36424 "-" "Mozilla/5.0"
192.168.2.225 - - [03/Feb/2024:04:26:25 +0900] "GET /admin/users/list HTTP/1.1" 200 36350 "-" "Mozilla/5.0"
192.168.4.230 - emp004 [13/Feb/2024:16:54:54 +0900] "POST /admin/users/list HTTP/1.1" 200 14348 "-" "Mozilla/5.0"
192.168.3.91 - - [09/Feb/2024:02:32:00 +0900] "GET /api/v1/personal/info HTTP/1.1" 500 17615 "-" "Mozilla/5.0"
192.168.2.225 - emp003 [20/Mar/2024:05:30:27 +0900] "GET /api/v1/members/profile HTTP/1.1" 200 2799 "-" "Mozilla/5.0"
192.168.8.128 - emp003 [28/Feb/2024:21:20:46 +0900] "GET /api/v1/members/profile HTTP/1.1" 404 20838 "-" "Mozilla/5.0"
192.168.7.79 - - [22/Feb/2024:01:42:47 +0900] "POST /api/v1/reports/export HTTP/1.1" 500 39395 "-" "Mozilla/5.0"
192.168.8.128 - analyst1 [01/Mar/2024:10:24:45 +0900] "GET /static/js/app.js HTTP/1.1" 200 41140 "-" "Mozilla/5.0"
192.168.4.230 - emp002 [18/Mar/2024:20:16:13 +0900] "GET /static/js/app.js HTTP/1.1" 500 10612 "-" "Mozilla/5.0"
192.168.3.138 - - [26/Feb/2024:01:55:48 +0900] "GET /admin/users/list HTTP/1.1" 304 46112 "-" "Mozilla/5.0"
192.168.4.144 - analyst1 [03/Mar/2024:18:13:30 +0900] "GET /api/v1/reports/export HTTP/1.1" 200 45247 "-" "Mozilla/5.0"
192.168.10.51 - emp006 [20/Mar/2024:15:52:14 +0900] "GET /api/v1/reports/export HTTP/1.1" 200 3087 "-" "Mozilla/5.0"
192.168.3.91 - emp009 [18/Feb/2024:04:11:55 +0900] "GET /api/v1/reports/export HTTP/1.1" 200 26807 "-" "Mozilla/5.0"
192.168.4.205 - - [15/Feb/2024:03:05:29 +0900] "GET /static/css/style.css HTTP/1.1" 500 1342 "-" "Mozilla/5.0"
192.168.4.130 - emp001 [12/Mar/2024:17:29:00 +0900] "GET /admin/users/list HTTP/1.1" 200 230 "-" "Mozilla/5.0"
192.168.5.8 - emp003 [07/Mar/2024:11:14:34 +0900] "GET /static/css/style.css HTTP/1.1" 304 42977 "-" "Mozilla/5.0"
192.168.7.79 - emp003 [17/Feb/2024:08:16:18 +0900] "POST /api/v1/members/profile HTTP/1.1" 200 2200 "-" "Mozilla/5.0"
192.168.3.91 - emp006 [15/Feb/2024:04:18:52 +0900] "GET /static/js/app.js HTTP/1.1" 404 38270 "-" "Mozilla/5.0"
192.168.4.130 - emp008 [18/Mar/2024:08:15:09 +0900] "GET /static/js/app.js HTTP/1.1" 200 2915 "-" "Mozilla/5.0"
192.168.4.144 - analyst1 [08/Feb/2024:04:43:00 +0900] "GET /api/v1/members/profile HTTP/1.1" 404 21541 "-" "Mozilla/5.0"
192.168.4.205 - - [04/Mar/2024:15:55:09 +0900] "GET /api/v1/personal/info HTTP/1.1" 200 20102 "-" "Mozilla/5.0"
192.168.7.50 - - [27/Feb/2024:19:15:27 +0900] "GET /static/js/app.js HTTP/1.1" 304 44748 "-" "Mozilla/5.0"
192.168.4.244 - dba_user [04/Feb/2024:14:35:22 +0900] "POST /api/v1/reports/export HTTP/1.1" 500 27638 "-" "Mozilla/5.0"
192.168.2.225 - - [03/Mar/2024:11:04:46 +0900] "POST /api/v1/reports/export HTTP/1.1" 200 6299 "-" "Mozilla/5.0"
192.168.7.50 - emp006 [10/Feb/2024:16:04:18 +0900] "GET /admin/users/list HTTP/1.1" 304 31061 "-" "Mozilla/5.0"
192.168.4.205 - emp010 [09/Mar/2024:03:04:27 +0900] "GET /api/v1/customers/search HTTP/1.1" 304 13465 "-" "Mozilla/5.0"
192.168.2.141 - emp002 [18/Feb/2024:09:47:43 +0900] "GET /api/v1/members/profile HTTP/1.1" 200 13077 "-" "Mozilla/5.0"
192.168.1.194 - emp007 [04/Feb/2024:20:02:00 +0900] "GET /static/css/style.css HTTP/1.1" 200 45223 "-" "Mozilla/5.0"
192.168.4.230 - emp009 [17/Mar/2024:06:46:12 +0900] "GET /api/v1/reports/export HTTP/1.1" 200 43618 "-" "Mozilla/5.0"
192.168.1.194 - - [28/Feb/2024:01:49:57 +0900] "POST /api/v1/members/profile HTTP/1.1" 200 36818 "-" "Mozilla/5.0"
192.168.7.50 - emp004 [28/Feb/2024:12:35:03 +0900] "GET /api/v1/reports/export HTTP/1.1" 200 35388 "-" "Mozilla/5.0"
192.168.4.230 - - [01/Mar/2024:16:48:50 +0900] "GET /api/v1/customers/search HTTP/1.1" 404 24039 "-" "Mozilla/5.0"
192.168.3.138 - emp005 [25/Feb/2024:20:56:23 +0900] "POST /static/js/app.js HTTP/1.1" 200 42927 "-" "Mozilla/5.0"
192.168.2.82 - - [20/Mar/2024:02:13:03 +0900] "POST /admin/users/list HTTP/1.1" 500 20370 "-" "Mozilla/5.0"
192.168.7.79 - emp005 [15/Feb/2024:21:23:53 +0900] "GET /static/js/app.js HTTP/1.1" 304 35939 "-" "Mozilla/5.0"
192.168.4.205 - emp002 [08/Feb/2024:05:18:50 +0900] "POST /static/js/app.js HTTP/1.1" 404 48580 "-" "Mozilla/5.0"
192.168.4.205 - - [27/Feb/2024:12:42:16 +0900] "GET /api/v1/members/profile HTTP/1.1" 500 19631 "-" "Mozilla/5.0"
192.168.4.244 - - [01/Feb/2024:13:56:30 +0900] "POST /api/v1/personal/info HTTP/1.1" 200 6171 "-" "Mozilla/5.0"
192.168.4.205 - admin01 [16/Mar/2024:07:51:04 +0900] "GET /static/css/style.css HTTP/1.1" 200 18974 "-" "Mozilla/5.0"
192.168.7.79 - admin01 [12/Mar/2024:22:01:46 +0900] "GET /static/css/style.css HTTP/1.1" 200 7099 "-" "Mozilla/5.0"
192.168.8.128 - emp009 [15/Feb/2024:22:21:52 +0900] "POST /api/v1/reports/export HTTP/1.1" 500 38917 "-" "Mozilla/5.0"
192.168.4.244 - - [10/Mar/2024:08:32:58 +0900] "GET /static/css/style.css HTTP/1.1" 200 16575 "-" "Mozilla/5.0"
192.168.8.128 - emp005 [18/Feb/2024:11:53:19 +0900] "GET /api/v1/reports/export HTTP/1.1" 200 47062 "-" "Mozilla/5.0"
192.168.8.128 - emp010 [01/Mar/2024:23:57:57 +0900] "GET /static/css/style.css HTTP/1.1" 404 17225 "-" "Mozilla/5.0"
192.168.4.130 - - [22/Feb/2024:06:51:06 +0900] "GET /admin/users/list HTTP/1.1" 200 27124 "-" "Mozilla/5.0"
192.168.1.194 - emp004 [11/Mar/2024:11:54:35 +0900] "GET /api/v1/members/profile HTTP/1.1" 500 4465 "-" "Mozilla/5.0"
192.168.7.79 - - [19/Mar/2024:17:42:48 +0900] "GET /api/v1/personal/info HTTP/1.1" 500 14459 "-" "Mozilla/5.0"
192.168.5.8 - emp009 [17/Mar/2024:13:13:30 +0900] "GET /admin/users/list HTTP/1.1" 500 37513 "-" "Mozilla/5.0"
192.168.4.205 - - [03/Mar/2024:20:23:19 +0900] "POST /static/css/style.css HTTP/1.1" 304 14870 "-" "Mozilla/5.0"
192.168.4.221 - - [09/Mar/2024:03:17:41 +0900] "GET /static/css/style.css HTTP/1.1" 200 44451 "-" "Mozilla/5.0"
192.168.7.50 - emp008 [02/Feb/2024:06:16:25 +0900] "GET /static/css/style.css HTTP/1.1" 404 24119 "-" "Mozilla/5.0"
192.168.4.205 - - [13/Feb/2024:05:22:17 +0900] "POST /api/v1/personal/info HTTP/1.1" 200 18760 "-" "Mozilla/5.0"
192.168.10.51 - - [10/Mar/2024:11:25:39 +0900] "GET /api/v1/reports/export HTTP/1.1" 200 42479 "-" "Mozilla/5.0"
192.168.1.194 - emp003 [08/Feb/2024:12:21:14 +0900] "POST /api/v1/personal/info HTTP/1.1" 200 11625 "-" "Mozilla/5.0"
192.168.3.138 - emp005 [21/Feb/2024:20:52:57 +0900] "GET /admin/users/list HTTP/1.1" 200 40374 "-" "Mozilla/5.0"
192.168.8.128 - - [06/Feb/2024:01:30:42 +0900] "POST /admin/users/list HTTP/1.1" 304 29864 "-" "Mozilla/5.0"
192.168.2.82 - - [20/Mar/2024:07:12:34 +0900] "GET /static/css/style.css HTTP/1.1" 500 19987 "-" "Mozilla/5.0"
192.168.7.79 - - [09/Mar/2024:11:17:42 +0900] "POST /admin/users/list HTTP/1.1" 404 9433 "-" "Mozilla/5.0"
192.168.2.82 - emp001 [09/Feb/2024:20:53:32 +0900] "POST /admin/users/list HTTP/1.1" 200 25646 "-" "Mozilla/5.0"
192.168.2.24 - emp004 [25/Feb/2024:02:17:20 +0900] "GET /api/v1/reports/export HTTP/1.1" 200 5841 "-" "Mozilla/5.0"
192.168.4.221 - emp009 [07/Feb/2024:12:27:48 +0900] "GET /api/v1/members/profile HTTP/1.1" 200 49906 "-" "Mozilla/5.0"
192.168.3.138 - emp005 [26/Feb/2024:19:00:27 +0900] "GET /api/v1/customers/search?phone=02-345-6789&user=emp005 HTTP/1.1" 304 29088 "-" "Mozilla/5.0"
192.168.2.82 - analyst1 [01/Feb/2024:02:49:06 +0900] "GET /admin/users/list HTTP/1.1" 200 29584 "-" "Mozilla/5.0"
192.168.4.205 - dba_user [04/Mar/2024:00:49:28 +0900] "GET /api/v1/customers/search?phone=031-234-5678&user=dba_user HTTP/1.1" 304 17116 "-" "Mozilla/5.0"
192.168.3.91 - analyst1 [19/Mar/2024:13:09:44 +0900] "GET /api/v1/personal/info HTTP/1.1" 200 4014 "-" "Mozilla/5.0"
192.168.1.194 - emp001 [19/Feb/2024:17:25:02 +0900] "GET /static/js/app.js HTTP/1.1" 304 39089 "-" "Mozilla/5.0"
192.168.3.91 - - [07/Mar/2024:09:19:37 +0900] "POST /static/js/app.js HTTP/1.1" 404 48528 "-" "Mozilla/5.0"
192.168.10.51 - - [23/Feb/2024:22:16:01 +0900] "POST /api/v1/customers/search HTTP/1.1" 404 858 "-" "Mozilla/5.0"
192.168.2.82 - - [19/Feb/2024:17:57:26 +0900] "GET /api/v1/members/profile HTTP/1.1" 200 28437 "-" "Mozilla/5.0"
192.168.2.141 - admin01 [09/Mar/2024:10:35:16 +0900] "GET /api/v1/personal/info HTTP/1.1" 200 36626 "-" "Mozilla/5.0"
192.168.4.168 - emp004 [13/Mar/2024:12:54:22 +0900] "GET /api/v1/members/profile HTTP/1.1" 200 28729 "-" "Mozilla/5.0"
192.168.3.91 - emp009 [07/Mar/2024:04:30:34 +0900] "GET /static/css/style.css HTTP/1.1" 304 5887 "-" "Mozilla/5.0"
192.168.4.221 - emp010 [19/Feb/2024:21:01:13 +0900] "POST /api/v1/customers/search HTTP/1.1" 304 35717 "-" "Mozilla/5.0"
192.168.4.130 - analyst1 [05/Feb/2024:20:18:14 +0900] "POST /api/v1/members/profile HTTP/1.1" 200 25677 "-" "Mozilla/5.0"
192.168.8.128 - emp009 [15/Feb/2024:05:03:19 +0900] "POST /static/css/style.css HTTP/1.1" 404 36648 "-" "Mozilla/5.0"
192.168.4.168 - - [26/Feb/2024:01:23:45 +0900] "GET /api/v1/customers/search HTTP/1.1" 200 48969 "-" "Mozilla/5.0"
192.168.2.24 - emp005 [02/Feb/2024:12:13:22 +0900] "GET /api/v1/reports/export HTTP/1.1" 200 1006 "-" "Mozilla/5.0"
192.168.3.138 - emp002 [10/Mar/2024:23:15:47 +0900] "GET /api/v1/personal/info HTTP/1.1" 200 46224 "-" "Mozilla/5.0"
192.168.4.144 - emp010 [04/Mar/2024:15:07:21 +0900] "GET /api/v1/personal/info HTTP/1.1" 200 47662 "-" "Mozilla/5.0"
192.168.5.8 - dba_user [03/Feb/2024:19:55:48 +0900] "GET /api/v1/customers/search HTTP/1.1" 200 31129 "-" "Mozilla/5.0"
192.168.8.128 - emp007 [12/Feb/2024:04:51:23 +0900] "GET /api/v1/reports/export HTTP/1.1" 200 49737 "-" "Mozilla/5.0"
192.168.5.8 - analyst1 [15/Feb/2024:23:36:06 +0900] "GET /api/v1/members/profile HTTP/1.1" 200 49822 "-" "Mozilla/5.0"
192.168.2.225 - emp008 [24/Feb/2024:13:54:43 +0900] "GET /static/css/style.css HTTP/1.1" 304 33829 "-" "Mozilla/5.0"
192.168.3.138 - emp010 [09/Mar/2024:04:59:20 +0900] "GET /api/v1/personal/info HTTP/1.1" 200 28016 "-" "Mozilla/5.0"
192.168.7.79 - - [15/Mar/2024:00:56:55 +0900] "GET /static/js/app.js HTTP/1.1" 200 29742 "-" "Mozilla/5.0"
192.168.3.91 - emp009 [11/Mar/2024:01:41:02 +0900] "GET /api/v1/reports/export HTTP/1.1" 500 13280 "-" "Mozilla/5.0"
192.168.5.8 - emp002 [05/Feb/2024:04:41:53 +0900] "POST /admin/users/list HTTP/1.1" 200 19937 "-" "Mozilla/5.0"
192.168.4.221 - - [05/Mar/2024:08:23:58 +0900] "GET /api/v1/customers/search HTTP/1.1" 304 31088 "-" "Mozilla/5.0"
192.168.4.205 - emp010 [13/Mar/2024:03:45:27 +0900] "POST /api/v1/members/profile HTTP/1.1" 304 24246 "-" "Mozilla/5.0"
192.168.5.8 - - [17/Feb/2024:15:09:13 +0900] "GET /static/js/app.js HTTP/1.1" 200 34621 "-" "Mozilla/5.0"
192.168.4.130 - emp005 [01/Feb/2024:15:30:41 +0900] "GET /api/v1/customers/search HTTP/1.1" 500 46899 "-" "Mozilla/5.0"
192.168.4.205 - - [06/Feb/2024:05:09:38 +0900] "GET /admin/users/list HTTP/1.1" 500 21247 "-" "Mozilla/5.0"
192.168.2.225 - - [15/Mar/2024:11:45:10 +0900] "GET /static/js/app.js HTTP/1.1" 200 7659 "-" "Mozilla/5.0"
192.168.1.194 - emp003 [17/Feb/2024:12:39:08 +0900] "GET /static/css/style.css HTTP/1.1" 404 13528 "-" "Mozilla/5.0"
192.168.4.205 - - [14/Mar/2024:08:36:36 +0900] "GET /static/js/app.js HTTP/1.1" 200 46909 "-" "Mozilla/5.0"
192.168.4.230 - - [12/Mar/2024:07:29:22 +0900] "GET /static/css/style.css HTTP/1.1" 404 49091 "-" "Mozilla/5.0"
192.168.2.141 - - [21/Feb/2024:09:29:25 +0900] "GET /static/js/app.js HTTP/1.1" 500 26119 "-" "Mozilla/5.0"
192.168.4.230 - emp002 [11/Feb/2024:12:57:11 +0900] "GET /admin/users/list HTTP/1.1" 200 40573 "-" "Mozilla/5.0"
192.168.1.194 - emp004 [21/Mar/2024:05:32:56 +0900] "GET /admin/users/list HTTP/1.1" 500 11253 "-" "Mozilla/5.0"
192.168.2.141 - - [02/Mar/2024:15:50:02 +0900] "GET /api/v1/reports/export HTTP/1.1" 200 41697 "-" "Mozilla/5.0"
192.168.4.168 - emp005 [03/Mar/2024:15:23:08 +0900] "GET /api/v1/members/profile HTTP/1.1" 200 9360 "-" "Mozilla/5.0"
192.168.3.138 - emp005 [01/Mar/2024:18:18:07 +0900] "GET /admin/users/list HTTP/1.1" 200 41660 "-" "Mozilla/5.0"
192.168.2.225 - - [09/Feb/2024:05:23:25 +0900] "GET /api/v1/customers/search HTTP/1.1" 304 10110 "-" "Mozilla/5.0"
192.168.4.144 - emp009 [08/Mar/2024:21:50:08 +0900] "GET /api/v1/personal/info HTTP/1.1" 500 18026 "-" "Mozilla/5.0"
192.168.10.51 - emp008 [01/Mar/2024:10:33:31 +0900] "GET /api/v1/members/profile HTTP/1.1" 200 15807 "-" "Mozilla/5.0"
192.168.1.226 - emp005 [27/Feb/2024:10:55:17 +0900] "GET /api/v1/reports/export HTTP/1.1" 200 15318 "-" "Mozilla/5.0"
192.168.4.205 - - [03/Feb/2024:10:41:10 +0900] "GET /static/css/style.css HTTP/1.1" 404 23261 "-" "Mozilla/5.0"
192.168.2.141 - emp010 [18/Mar/2024:08:20:57 +0900] "GET /api/v1/members/profile HTTP/1.1" 404 19228 "-" "Mozilla/5.0"
192.168.2.24 - - [21/Mar/2024:15:38:50 +0900] "GET /api/v1/customers/search HTTP/1.1" 200 19477 "-" "Mozilla/5.0"
192.168.2.141 - - [04/Feb/2024:03:37:09 +0900] "POST /api/v1/personal/info HTTP/1.1" 404 32887 "-" "Mozilla/5.0"
192.168.2.24 - - [14/Feb/2024:19:32:46 +0900] "GET /api/v1/personal/info HTTP/1.1" 200 31802 "-" "Mozilla/5.0"
192.168.7.50 - emp010 [17/Mar/2024:01:19:07 +0900] "GET /api/v1/members/profile HTTP/1.1" 200 10631 "-" "Mozilla/5.0"
192.168.4.244 - emp004 [15/Feb/2024:02:26:11 +0900] "GET /static/js/app.js HTTP/1.1" 404 25618 "-" "Mozilla/5.0"
192.168.1.194 - - [08/Mar/2024:04:22:35 +0900] "POST /static/css/style.css HTTP/1.1" 200 3221 "-" "Mozilla/5.0"
192.168.5.8 - - [19/Feb/2024:01:13:00 +0900] "GET /static/js/app.js HTTP/1.1" 200 9153 "-" "Mozilla/5.0"
192.168.4.221 - emp005 [20/Mar/2024:01:38:57 +0900] "GET /admin/users/list HTTP/1.1" 200 39512 "-" "Mozilla/5.0"
192.168.4.130 - admin01 [13/Feb/2024:01:49:07 +0900] "GET /api/v1/personal/info HTTP/1.1" 404 8166 "-" "Mozilla/5.0"
192.168.4.144 - - [24/Feb/2024:04:07:48 +0900] "GET /static/js/app.js HTTP/1.1" 200 15034 "-" "Mozilla/5.0"
192.168.1.226 - emp009 [05/Feb/2024:10:29:18 +0900] "GET /admin/users/list HTTP/1.1" 200 9624 "-" "Mozilla/5.0"
192.168.3.91 - emp009 [01/Feb/2024:18:43:25 +0900] "GET /api/v1/members/profile HTTP/1.1" 304 47887 "-" "Mozilla/5.0"
192.168.2.82 - emp007 [16/Mar/2024:19:28:37 +0900] "POST /api/v1/personal/info HTTP/1.1" 500 14110 "-" "Mozilla/5.0"
192.168.5.8 - emp001 [08/Feb/2024:04:45:00 +0900] "GET /api/v1/reports/export HTTP/1.1" 200 38123 "-" "Mozilla/5.0"
192.168.4.144 - analyst1 [19/Mar/2024:21:58:45 +0900] "GET /static/css/style.css HTTP/1.1" 304 21694 "-" "Mozilla/5.0"
192.168.2.141 - emp007 [14/Mar/2024:16:16:12 +0900] "GET /admin/users/list HTTP/1.1" 200 289 "-" "Mozilla/5.0"
192.168.4.205 - - [03/Mar/2024:04:09:02 +0900] "GET /api/v1/reports/export HTTP/1.1" 500 1736 "-" "Mozilla/5.0"
192.168.1.226 - emp010 [16/Feb/2024:19:56:47 +0900] "GET /api/v1/personal/info HTTP/1.1" 200 49716 "-" "Mozilla/5.0"
192.168.2.141 - emp009 [05/Mar/2024:12:13:48 +0900] "GET /api/v1/reports/export HTTP/1.1" 200 31711 "-" "Mozilla/5.0"
192.168.2.141 - - [11/Feb/2024:20:09:32 +0900] "GET /admin/users/list HTTP/1.1" 500 16748 "-" "Mozilla/5.0"
192.168.1.226 - emp009 [18/Mar/2024:12:27:43 +0900] "GET /api/v1/members/profile HTTP/1.1" 500 34450 "-" "Mozilla/5.0"
192.168.2.141 - emp005 [17/Mar/2024:17:34:06 +0900] "GET /static/js/app.js HTTP/1.1" 304 21270 "-" "Mozilla/5.0"
192.168.2.82 - analyst1 [16/Feb/2024:12:34:31 +0900] "GET /api/v1/customers/search HTTP/1.1" 304 7457 "-" "Mozilla/5.0"
192.168.10.51 - admin01 [09/Feb/2024:16:53:36 +0900] "GET /admin/users/list HTTP/1.1" 200 2281 "-" "Mozilla/5.0"
192.168.10.51 - emp003 [19/Feb/2024:10:38:28 +0900] "GET /api/v1/customers/search HTTP/1.1" 304 10576 "-" "Mozilla/5.0"
192.168.5.8 - emp009 [20/Feb/2024:14:55:48 +0900] "GET /api/v1/personal/info HTTP/1.1" 200 22086 "-" "Mozilla/5.0"
192.168.10.51 - emp006 [25/Feb/2024:12:53:55 +0900] "GET /api/v1/members/profile HTTP/1.1" 304 12784 "-" "Mozilla/5.0"
192.168.4.205 - emp009 [20/Feb/2024:06:08:04 +0900] "GET /api/v1/personal/info HTTP/1.1" 200 10525 "-" "Mozilla/5.0"
192.168.4.130 - - [19/Mar/2024:01:26:57 +0900] "GET /admin/users/list HTTP/1.1" 500 16178 "-" "Mozilla/5.0"
192.168.1.226 - emp005 [20/Mar/2024:12:12:15 +0900] "GET /admin/users/list HTTP/1.1" 200 43554 "-" "Mozilla/5.0"
192.168.4.144 - emp003 [09/Feb/2024:20:13:49 +0900] "POST /admin/users/list HTTP/1.1" 304 42169 "-" "Mozilla/5.0"
192.168.3.138 - admin01 [09/Feb/2024:13:24:57 +0900] "GET /admin/users/list HTTP/1.1" 200 49855 "-" "Mozilla/5.0"
192.168.4.144 - emp008 [18/Mar/2024:08:20:20 +0900] "GET /static/css/style.css HTTP/1.1" 200 29946 "-" "Mozilla/5.0"
192.168.10.51 - emp003 [10/Feb/2024:21:26:59 +0900] "GET /api/v1/customers/search?phone=010-1234-5678&user=emp003 HTTP/1.1" 500 44172 "-" "Mozilla/5.0"
192.168.3.91 - - [15/Mar/2024:13:07:05 +0900] "GET /api/v1/reports/export HTTP/1.1" 500 7073 "-" "Mozilla/5.0"
192.168.2.82 - admin01 [13/Feb/2024:15:05:18 +0900] "GET /api/v1/customers/search HTTP/1.1" 200 3088 "-" "Mozilla/5.0"
192.168.10.51 - - [11/Mar/2024:16:53:53 +0900] "GET /api/v1/customers/search HTTP/1.1" 200 28548 "-" "Mozilla/5.0"
192.168.4.168 - - [05/Mar/2024:20:37:51 +0900] "GET /static/js/app.js HTTP/1.1" 500 3929 "-" "Mozilla/5.0"
