192.168.4.144 - admin01 [02/Mar/2024:16:45:22 +0900] "GET /api/v1/reports/export HTTP/1.1" 500 48960 "-" "Mozilla/5.0"
192.168.5.8 - - [14/Mar/2024:14:11:29 +0900] "GET /api/v1/personal/info HTTP/1.1" 500 34703 "-" "Mozilla/5.0"
192.168.2.82 - emp001 [13/Feb/2024:20:16:19 +0900] "GET /api/v1/customers/search?phone=010-1234-5678&user=emp001 HTTP/1.1" 200 42253 "-" "Mozilla/5.0"
192.168.8.128 - - [07/Feb/2024:01:54:18 +0900] "POST /static/css/style.css HTTP/1.1" 200 34821 "-" "Mozilla/5.0"
192.168.4.168 - emp006 [16/Mar/2024:06:02:30 +0900] "GET /api/v1/customers/search HTTP/1.1" 200 41043 "-" "Mozilla/5.0"
192.168.2.24 - - [21/Mar/2024:12:10:20 +0900] "GET /static/css/style.css HTTP/1.1" 200 42123 "-" "Mozilla/5.0"
192.168.2.24 - emp008 [26/Feb/2024:08:11:12 +0900] "POST /api/v1/personal/info HTTP/1.1" 304 14809 "-" "Mozilla/5.0"
192.168.2.24 - emp004 [19/Feb/2024:17:30:25 +0900] "GET /api/v1/members/profile HTTP/1.1" 304 48933 "-" "Mozilla/5.0"
192.168.7.50 - emp005 [21/Feb/2024:01:19:13 +0900] "GET /api/v1/customers/search HTTP/1.1" 200 1926 "-" "Mozilla/5.0"
192.168.2.225 - dba_user [11/Mar/2024:01:36:49 +0900] "POST /api/v1/personal/info HTTP/1.1" 304 23553 "-" "Mozilla/5.0"
192.168.3.91 - emp003 [05/Feb/2024:03:01:28 +0900] "GET /api/v1/reports/export HTTP/1.1" 200 9444 "-" "Mozilla/5.0"
192.168.4.244 - - [18/Feb/2024:20:55:52 +0900] "GET /static/js/app.js HTTP/1.1" 404 26488 "-" "Mozilla/5.0"
192.168.2.141 - emp003 [03/Feb/2024:10:01:10 +0900] "GET /api/v1/personal/info HTTP/1.1" 500 37076 "-" "Mozilla/5.0"
192.168.8.128 - emp008 [16/Mar/2024:07:58:16 +0900] "GET /api/v1/members/profile HTTP/1.1" 200 25259 "-" "Mozilla/5.0"
192.168.4.205 - emp006 [08/Mar/2024:21:23:51 +0900] "GET /api/v1/personal/info HTTP/1.1" 404 24404 "-" "Mozilla/5.0"
192.168.1.226 - emp007 [16/Feb/2024:05:58:50 +0900] "GET /api/v1/personal/info HTTP/1.1" 200 35784 "-" "Mozilla/5.0"
192.168.8.128 - admin01 [03/Feb/2024:00:00:03 +0900] "GET /static/css/style.css HTTP/1.1" 200 31703 "-" "Mozilla/5.0"
192.168.2.141 - emp003 [09/Feb/2024:20:35:40 +0900] "GET /api/v1/personal/info HTTP/1.1" 404 22891 "-" "Mozilla/5.0"
192.168.1.194 - emp007 [28/Feb/2024:05:36:56 +0900] "POST /api/v1/members/profile HTTP/1.1" 304 30791 "-" "Mozilla/5.0"
192.168.4.221 - - [05/Mar/2024:23:41:42 +0900] "POST /api/v1/reports/export HTTP/1.1" 200 17864 "-" "Mozilla/5.0"
192.168.10.51 - emp009 [01/Feb/2024:03:58:25 +0900] "GET /api/v1/customers/search HTTP/1.1" 200 17748 "-" "Mozilla/5.0"
192.168.2.225 - emp003 [21/Feb/2024:22:12:18 +0900] "GET /api/v1/customers/search HTTP/1.1" 200 34203 "-" "Mozilla/5.0"
192.168.4.168 - admin01 [18/Mar/2024:08:06:42 +0900] "GET /static/css/style.css HTTP/1.1" 304 29757 "-" "Mozilla/5.0"
192.168.2.225 - emp007 [18/Mar/2024:07:27:23 +0900] "POST /api/v1/reports/export HTTP/1.1" 304 44873 "-" "Mozilla/5.0"
192.168.1.194 - admin01 [04/Mar/2024:16:04:50 +0900] "GET /static/js/app.js HTTP/1.1" 200 45562 "-" "Mozilla/5.0"
192.168.1.226 - emp010 [13/Mar/2024:15:32:50 +0900] "POST /static/js/app.js HTTP/1.1" 200 10576 "-" "Mozilla/5.0"
192.168.8.128 - emp009 [09/Mar/2024:14:40:56 +0900] "GET /api/v1/members/profile HTTP/1.1" 200 44553 "-" "Mozilla/5.0"
192.168.8.128 - - [06/Mar/2024:08:51:01 +0900] "GET /api/v1/customers/search HTTP/1.1" 404 3937 "-" "Mozilla/5.0"
192.168.10.51 - - [24/Feb/2024:18:00:00 +0900] "GET /admin/users/list HTTP/1.1" 304 25170 "-" "Mozilla/5.0"
192.168.8.128 - - [20/Mar/2024:05:27:25 +0900] "GET /static/js/app.js HTTP/1.1" 200 42939 "-" "Mozilla/5.0"
192.168.4.144 - emp005 [25/Feb/2024:23:02:13 +0900] "GET /static/css/style.css HTTP/1.1" 200 36453 "-" "Mozilla/5.0"
192.168.2.141 - emp003 [20/Mar/2024:11:39:08 +0900] "POST /static/css/style.css HTTP/1.1" 404 3163 "-" "Mozilla/5.0"
192.168.4.244 - emp005 [28/Feb/2024:12:50:18 +0900] "POST /api/v1/members/profile HTTP/1.1" 404 35357 "-" "Mozilla/5.0"
192.168.1.194 - emp001 [17/Feb/2024:00:14:08 +0900] "GET /admin/users/list HTTP/1.1" 200 560 "-" "Mozilla/5.0"
192.168.2.82 - - [16/Mar/2024:20:51:59 +0900] "GET /api/v1/reports/export HTTP/1.1" 500 42327 "-" "Mozilla/5.0"
192.168.4.221 - - [26/Feb/2024:15:19:09 +0900] "POST /api/v1/members/profile HTTP/1.1" 404 16823 "-" "Mozilla/5.0"
192.168.8.128 - emp002 [13/Feb/2024:23:48:51 +0900] "GET /api/v1/reports/export HTTP/1.1" 500 11153 "-" "Mozilla/5.0"
192.168.10.51 - emp003 [02/Feb/2024:12:04:58 +0900] "POST /api/v1/reports/export HTTP/1.1" 500 47876 "-" "Mozilla/5.0"
192.168.4.130 - - [06/Mar/2024:05:47:52 +0900] "GET /static/css/style.css HTTP/1.1" 304 47496 "-" "Mozilla/5.0"
192.168.4.244 - dba_user [04/Feb/2024:14:32:49 +0900] "POST /api/v1/reports/export HTTP/1.1" 500 39213 "-" "Mozilla/5.0"
192.168.8.128 - emp010 [24/Feb/2024:20:25:49 +0900] "GET /admin/users/list HTTP/1.1" 500 28385 "-" "Mozilla/5.0"
192.168.4.130 - - [17/Feb/2024:09:25:51 +0900] "GET /api/v1/members/profile HTTP/1.1" 200 45809 "-" "Mozilla/5.0"
192.168.4.130 - emp003 [24/Feb/2024:08:58:08 +0900] "POST /admin/users/list HTTP/1.1" 404 35799 "-" "Mozilla/5.0"
192.168.7.50 - emp001 [17/Feb/2024:06:33:04 +0900] "GET /api/v1/personal/info HTTP/1.1" 200 3608 "-" "Mozilla/5.0"
192.168.4.168 - emp003 [17/Feb/2024:12:14:33 +0900] "GET /api/v1/reports/export HTTP/1.1" 404 18093 "-" "Mozilla/5.0"
192.168.4.205 - emp008 [16/Mar/2024:04:10:17 +0900] "POST /api/v1/personal/info HTTP/1.1" 304 1563 "-" "Mozilla/5.0"
192.168.2.225 - emp009 [19/Mar/2024:08:40:17 +0900] "GET /api/v1/members/profile HTTP/1.1" 500 6023 "-" "Mozilla/5.0"
192.168.4.168 - dba_user [01/Mar/2024:18:37:36 +0900] "GET /admin/users/list HTTP/1.1" 200 41122 "-" "Mozilla/5.0"
192.168.4.130 - emp006 [18/Mar/2024:04:08:03 +0900] "GET /api/v1/personal/info HTTP/1.1" 404 38792 "-" "Mozilla/5.0"
192.168.4.144 - emp002 [12/Mar/2024:20:12:34 +0900] "GET /api/v1/personal/info HTTP/1.1" 304 7095 "-" "Mozilla/5.0"
192.168.4.130 - admin01 [15/Feb/2024:04:23:27 +0900] "GET /static/js/app.js HTTP/1.1" 304 2866 "-" "Mozilla/5.0"
192.168.4.230 - emp004 [10/Feb/2024:14:04:19 +0900] "POST /static/js/app.js HTTP/1.1" 200 29367 "-" "Mozilla/5.0"
192.168.4.144 - emp008 [01/Feb/2024:08:10:11 +0900] "GET /api/v1/personal/info HTTP/1.1" 200 458 "-" "Mozilla/5.0"
192.168.4.244 - emp002 [06/Feb/2024:07:32:31 +0900] "POST /static/css/style.css HTTP/1.1" 500 22286 "-" "Mozilla/5.0"
192.168.7.79 - emp009 [07/Feb/2024:18:17:46 +0900] "GET /api/v1/reports/export HTTP/1.1" 304 5784 "-" "Mozilla/5.0"
192.168.7.50 - analyst1 [14/Feb/2024:05:51:47 +0900] "GET /api/v1/members/profile HTTP/1.1" 200 17867 "-" "Mozilla/5.0"
192.168.3.138 - emp003 [03/Feb/2024:21:06:11 +0900] "POST /static/js/app.js HTTP/1.1" 200 27301 "-" "Mozilla/5.0"
192.168.2.82 - emp009 [08/Feb/2024:21:58:15 +0900] "GET /api/v1/customers/search HTTP/1.1" 404 14878 "-" "Mozilla/5.0"
192.168.2.24 - emp007 [21/Mar/2024:04:05:19 +0900] "GET /admin/users/list HTTP/1.1" 200 41671 "-" "Mozilla/5.0"
192.168.1.226 - - [27/Feb/2024:00:48:35 +0900] "GET /admin/users/list HTTP/1.1" 304 18000 "-" "Mozilla/5.0"
192.168.3.138 - emp004 [09/Feb/2024:18:03:25 +0900] "GET /api/v1/personal/info HTTP/1.1" 200 11860 "-" "Mozilla/5.0"
192.168.2.141 - emp006 [17/Mar/2024:23:23:11 +0900] "POST /api/v1/members/profile HTTP/1.1" 200 12581 "-" "Mozilla/5.0"
192.168.7.79 - emp002 [27/Feb/2024:07:36:28 +0900] "GET /static/js/app.js HTTP/1.1" 404 17298 "-" "Mozilla/5.0"
192.168.2.225 - dba_user [14/Feb/2024:15:34:35 +0900] "POST /static/js/app.js HTTP/1.1" 500 8484 "-" "Mozilla/5.0"
192.168.2.141 - emp003 [25/Feb/2024:19:09:50 +0900] "GET /api/v1/members/profile HTTP/1.1" 200 46506 "-" "Mozilla/5.0"
192.168.4.221 - emp006 [25/Feb/2024:15:12:55 +0900] "GET /api/v1/customers/search HTTP/1.1" 304 21612 "-" "Mozilla/5.0"
192.168.3.91 - - [29/Feb/2024:08:13:55 +0900] "GET /api/v1/members/profile HTTP/1.1" 200 40560 "-" "Mozilla/5.0"
192.168.4.205 - emp005 [17/Mar/2024:23:44:16 +0900] "GET /api/v1/customers/search?phone=02-345-6789&user=emp005 HTTP/1.1" 200 19106 "-" "Mozilla/5.0"
192.168.2.24 - - [21/Mar/2024:04:03:03 +0900] "GET /static/js/app.js HTTP/1.1" 200 29974 "-" "Mozilla/5.0"
192.168.4.144 - - [09/Feb/2024:08:20:57 +0900] "POST /static/js/app.js HTTP/1.1" 200 40457 "-" "Mozilla/5.0"
192.168.4.168 - - [03/Mar/2024:19:43:24 +0900] "GET /api/v1/reports/export HTTP/1.1" 500 9299 "-" "Mozilla/5.0"
192.168.7.50 - emp006 [09/Mar/2024:07:16:01 +0900] "GET /api/v1/reports/export HTTP/1.1" 304 45767 "-" "Mozilla/5.0"
192.168.4.144 - emp003 [01/Feb/2024:20:47:18 +0900] "POST /api/v1/personal/info HTTP/1.1" 200 28702 "-" "Mozilla/5.0"
192.168.5.8 - emp004 [03/Feb/2024:20:41:09 +0900] "GET /api/v1/personal/info HTTP/1.1" 304 27791 "-" "Mozilla/5.0"
192.168.1.226 - - [20/Mar/2024:14:54:30 +0900] "POST /static/js/app.js HTTP/1.1" 200 654 "-" "Mozilla/5.0"
192.168.4.244 - emp009 [03/Feb/2024:02:41:45 +0900] "GET /static/css/style.css HTTP/1.1" 500 2096 "-" "Mozilla/5.0"
192.168.2.24 - emp007 [12/Mar/2024:03:06:20 +0900] "POST /admin/users/list HTTP/1.1" 200 6111 "-" "Mozilla/5.0"
192.168.4.244 - - [15/Feb/2024:06:37:41 +0900] "GET /static/js/app.js HTTP/1.1" 304 20133 "-" "Mozilla/5.0"
192.168.10.51 - - [05/Mar/2024:12:50:30 +0900] "GET /admin/users/list HTTP/1.1" 200 2028 "-" "Mozilla/5.0"
192.168.4.130 - emp001 [07/Feb/2024:15:20:57 +0900] "GET /api/v1/members/profile HTTP/1.1" 500 13154 "-" "Mozilla/5.0"
192.168.2.141 - - [07/Feb/2024:09:57:47 +0900] "POST /api/v1/customers/search?phone=010-1234-5678&user=- HTTP/1.1" 200 23212 "-" "Mozilla/5.0"
192.168.4.230 - - [11/Feb/2024:01:35:49 +0900] "GET /api/v1/reports/export HTTP/1.1" 200 43072 "-" "Mozilla/5.0"
192.168.2.24 - analyst1 [08/Mar/2024:05:42:53 +0900] "GET /api/v1/customers/search HTTP/1.1" 200 16430 "-" "Mozilla/5.0"
192.168.1.226 - - [02/Mar/2024:10:00:51 +0900] "POST /static/css/style.css HTTP/1.1" 304 42831 "-" "Mozilla/5.0"
192.168.4.130 - analyst1 [16/Feb/2024:20:30:52 +0900] "GET /api/v1/reports/export HTTP/1.1" 500 5318 "-" "Mozilla/5.0"
192.168.4.168 - analyst1 [02/Feb/2024:22:14:26 +0900] "GET /static/css/style.css HTTP/1.1" 304 32304 "-" "Mozilla/5.0"
192.168.2.141 - emp004 [19/Feb/2024:00:41:59 +0900] "GET /admin/users/list HTTP/1.1" 200 34408 "-" "Mozilla/5.0"
192.168.4.244 - emp010 [15/Feb/2024:08:10:59 +0900] "GET /api/v1/personal/info HTTP/1.1" 200 27521 "-" "Mozilla/5.0"
192.168.3.138 - emp008 [20/Mar/2024:21:34:53 +0900] "GET /api/v1/members/profile HTTP/1.1" 404 12082 "-" "Mozilla/5.0"
192.168.2.24 - emp005 [29/Feb/2024:13:34:36 +0900] "GET /api/v1/customers/search HTTP/1.1" 200 9637 "-" "Mozilla/5.0"
192.168.7.79 - - [14/Mar/2024:18:19:48 +0900] "GET /api/v1/reports/export HTTP/1.1" 200 3249 "-" "Mozilla/5.0"
192.168.7.50 - - [16/Feb/2024:19:07:01 +0900] "GET /admin/users/list HTTP/1.1" 200 612 "-" "Mozilla/5.0"
192.168.4.130 - - [09/Feb/2024:04:43:01 +0900] "GET /static/js/app.js HTTP/1.1" 500 29771 "-" "Mozilla/5.0"
192.168.2.141 - emp005 [04/Mar/2024:04:27:17 +0900] "GET /static/js/app.js HTTP/1.1" 200 26744 "-" "Mozilla/5.0"
192.168.4.221 - - [04/Mar/2024:04:31:12 +0900] "GET /api/v1/members/profile HTTP/1.1" 200 25265 "-" "Mozilla/5.0"
192.168.1.226 - dba_user [08/Feb/2024:23:45:15 +0900] "POST /static/css/style.css HTTP/1.1" 404 9523 "-" "Mozilla/5.0"
192.168.2.24 - - [23/Feb/2024:17:27:20 +0900] "GET /admin/users/list HTTP/1.1" 200 26363 "-" "Mozilla/5.0"
192.168.1.226 - dba_user [12/Feb/2024:23:23:18 +0900] "GET /api/v1/customers/search HTTP/1.1" 404 28033 "-" "Mozilla/5.0"
192.168.4.230 - emp001 [21/Mar/2024:17:44:10 +0900] "POST /api/v1/reports/export HTTP/1.1" 404 21310 "-" "Mozilla/5.0"
192.168.3.91 - emp003 [07/Mar/2024:20:07:09 +0900] "GET /static/js/app.js HTTP/1.1" 200 49162 "-" "Mozilla/5.0"
192.168.5.8 - analyst1 [11/Mar/2024:11:37:05 +0900] "GET /api/v1/members/profile HTTP/1.1" 200 31508 "-" "Mozilla/5.0"
192.168.10.51 - emp006 [25/Feb/2024:11:01:20 +0900] "POST /static/js/app.js HTTP/1.1" 200 4695 "-" "Mozilla/5.0"
192.168.2.82 - emp008 [21/Feb/2024:07:45:34 +0900] "GET /api/v1/customers/search HTTP/1.1" 500 21545 "-" "Mozilla/5.0"
192.168.2.141 - emp002 [01/Mar/2024:06:47:36 +0900] "GET /static/css/style.css HTTP/1.1" 404 49656 "-" "Mozilla/5.0"
192.168.10.51 - - [19/Mar/2024:13:38:52 +0900] "GET /static/js/app.js HTTP/1.1" 200 44114 "-" "Mozilla/5.0"
192.168.2.225 - - [06/Mar/2024:19:07:15 +0900] "GET /api/v1/members/profile HTTP/1.1" 200 30201 "-" "Mozilla/5.0"
192.168.5.8 - emp003 [22/Feb/2024:23:05:26 +0900] "POST /api/v1/customers/search HTTP/1.1" 200 47857 "-" "Mozilla/5.0"
192.168.3.138 - admin01 [02/Feb/2024:22:47:35 +0900] "GET /api/v1/reports/export HTTP/1.1" 200 43611 "-" "Mozilla/5.0"
192.168.4.230 - - [25/Feb/2024:02:08:23 +0900] "GET /static/css/style.css HTTP/1.1" 200 43648 "-" "Mozilla/5.0"
192.168.7.79 - - [16/Mar/2024:22:32:40 +0900] "GET /api/v1/customers/search HTTP/1.1" 500 42800 "-" "Mozilla/5.0"
192.168.10.51 - emp006 [07/Feb/2024:04:06:52 +0900] "GET /admin/users/list HTTP/1.1" 404 25441 "-" "Mozilla/5.0"
192.168.3.138 - - [21/Feb/2024:15:23:18 +0900] "POST /api/v1/customers/search HTTP/1.1" 200 44943 "-" "Mozilla/5.0"
192.168.2.141 - emp007 [14/Feb/2024:10:14:19 +0900] "GET /api/v1/reports/export HTTP/1.1" 200 9482 "-" "Mozilla/5.0"
192.168.10.51 - emp004 [08/Mar/2024:02:32:44 +0900] "GET /api/v1/personal/info HTTP/1.1" 500 41795 "-" "Mozilla/5.0"
192.168.4.230 - emp007 [14/Feb/2024:18:15:25 +0900] "POST /admin/users/list HTTP/1.1" 200 19712 "-" "Mozilla/5.0"
192.168.5.8 - emp005 [07/Mar/2024:05:48:53 +0900] "GET /static/css/style.css HTTP/1.1" 304 43624 "-" "Mozilla/5.0"
192.168.7.50 - emp001 [13/Mar/2024:14:46:51 +0900] "GET /api/v1/customers/search HTTP/1.1" 304 45939 "-" "Mozilla/5.0"
192.168.4.230 - emp009 [28/Feb/2024:15:58:17 +0900] "GET /admin/users/list HTTP/1.1" 500 36846 "-" "Mozilla/5.0"
192.168.3.138 - emp001 [22/Feb/2024:10:22:28 +0900] "GET /admin/users/list HTTP/1.1" 200 9444 "-" "Mozilla/5.0"
192.168.4.205 - emp003 [05/Mar/2024:22:30:59 +0900] "GET /api/v1/customers/search HTTP/1.1" 500 42627 "-" "Mozilla/5.0"
192.168.4.130 - emp002 [26/Feb/2024:21:16:34 +0900] "GET /static/js/app.js HTTP/1.1" 200 19769 "-" "Mozilla/5.0"
192.168.2.225 - admin01 [22/Feb/2024:10:29:00 +0900] "GET /api/v1/customers/search?phone=010-1234-5678&user=admin01 HTTP/1.1" 304 28843 "-" "Mozilla/5.0"
192.168.4.168 - emp010 [17/Mar/2024:06:56:59 +0900] "GET /static/css/style.css HTTP/1.1" 404 40730 "-" "Mozilla/5.0"
192.168.10.51 - emp006 [18/Mar/2024:05:22:34 +0900] "GET /api/v1/personal/info HTTP/1.1" 200 33051 "-" "Mozilla/5.0"
192.168.7.79 - - [26/Feb/2024:18:31:01 +0900] "GET /static/css/style.css HTTP/1.1" 200 25943 "-" "Mozilla/5.0"
192.168.4.168 - emp003 [10/Feb/2024:04:36:32 +0900] "GET /api/v1/members/profile HTTP/1.1" 200 41250 "-" "Mozilla/5.0"
192.168.4.244 - emp004 [28/Feb/2024:23:25:52 +0900] "GET /api/v1/personal/info HTTP/1.1" 500 39322 "-" "Mozilla/5.0"
192.168.3.91 - emp007 [18/Feb/2024:10:56:17 +0900] "GET /api/v1/reports/export HTTP/1.1" 500 15940 "-" "Mozilla/5.0"
192.168.10.51 - dba_user [01/Mar/2024:20:03:40 +0900] "GET /api/v1/reports/export HTTP/1.1" 200 40114 "-" "Mozilla/5.0"
192.168.4.130 - emp010 [09/Mar/2024:05:54:21 +0900] "GET /static/css/style.css HTTP/1.1" 200 28221 "-" "Mozilla/5.0"
192.168.4.230 - dba_user [17/Feb/2024:00:19:39 +0900] "GET /admin/users/list HTTP/1.1" 200 1147 "-" "Mozilla/5.0"
192.168.4.168 - emp007 [13/Mar/2024:20:00:19 +0900] "POST /api/v1/customers/search HTTP/1.1" 304 39456 "-" "Mozilla/5.0"
192.168.7.50 - - [08/Mar/2024:06:26:21 +0900] "GET /static/js/app.js HTTP/1.1" 404 18964 "-" "Mozilla/5.0"
192.168.5.8 - - [21/Feb/2024:06:48:39 +0900] "GET /api/v1/reports/export HTTP/1.1" 500 35360 "-" "Mozilla/5.0"
192.168.4.221 - emp003 [19/Mar/2024:03:57:41 +0900] "POST /api/v1/reports/export HTTP/1.1" 304 44518 "-" "Mozilla/5.0"
192.168.8.128 - analyst1 [20/Mar/2024:21:41:39 +0900] "GET /api/v1/reports/export HTTP/1.1" 404 2217 "-" "Mozilla/5.0"
192.168.2.82 - emp005 [13/Feb/2024:18:25:03 +0900] "GET /static/js/app.js HTTP/1.1" 304 34355 "-" "Mozilla/5.0"
192.168.7.79 - emp002 [20/Feb/2024:05:33:11 +0900] "GET /static/css/style.css HTTP/1.1" 200 2895 "-" "Mozilla/5.0"
192.168.3.91 - emp010 [11/Mar/2024:17:54:51 +0900] "GET /static/js/app.js HTTP/1.1" 404 800 "-" "Mozilla/5.0"
192.168.4.244 - - [22/Feb/2024:09:05:08 +0900] "GET /api/v1/members/profile HTTP/1.1" 500 41605 "-" "Mozilla/5.0"
192.168.3.138 - emp007 [04/Feb/2024:06:25:25 +0900] "GET /admin/users/list HTTP/1.1" 304 49516 "-" "Mozilla/5.0"
192.168.5.8 - admin01 [12/Feb/2024:12:42:08 +0900] "POST /api/v1/customers/search HTTP/1.1" 500 46268 "-" "Mozilla/5.0"
192.168.4.130 - - [25/Feb/2024:08:45:53 +0900] "POST /api/v1/customers/search HTTP/1.1" 304 7583 "-" "Mozilla/5.0"
192.168.2.225 - emp008 [03/Mar/2024:06:02:21 +0900] "GET /admin/users/list HTTP/1.1" 404 12681 "-" "Mozilla/5.0"
192.168.1.226 - emp006 [10/Mar/2024:09:08:20 +0900] "GET /admin/users/list HTTP/1.1" 500 42361 "-" "Mozilla/5.0"
192.168.2.24 - emp010 [03/Feb/2024:06:59:17 +0900] "POST /admin/users/list HTTP/1.1" 200 47063 "-" "Mozilla/5.0"
192.168.10.51 - emp007 [04/Feb/2024:07:06:31 +0900] "GET /api/v1/reports/export HTTP/1.1" 304 21979 "-" "Mozilla/5.0"
192.168.2.82 - emp007 [02/Feb/2024:14:32:44 +0900] "GET /api/v1/customers/search HTTP/1.1" 200 47349 "-" "Mozilla/5.0"
192.168.3.91 - dba_user [12/Mar/2024:12:30:44 +0900] "GET /static/css/style.css HTTP/1.1" 500 22808 "-" "Mozilla/5.0"
192.168.4.130 - emp004 [06/Mar/2024:08:27:41 +0900] "GET /api/v1/customers/search HTTP/1.1" 200 39883 "-" "Mozilla/5.0"
192.168.4.130 - - [16/Mar/2024:06:12:31 +0900] "GET /static/css/style.css HTTP/1.1" 200 45769 "-" "Mozilla/5.0"
192.168.2.225 - admin01 [18/Mar/2024:00:18:56 +0900] "GET /api/v1/members/profile HTTP/1.1" 404 9946 "-" "Mozilla/5.0"
192.168.7.79 - analyst1 [09/Feb/2024:17:09:18 +0900] "POST /static/js/app.js HTTP/1.1" 200 643 "-" "Mozilla/5.0"
192.168.4.144 - emp006 [08/Feb/2024:23:13:53 +0900] "GET /api/v1/reports/export HTTP/1.1" 200 9951 "-" "Mozilla/5.0"
192.168.4.205 - - [02/Feb/2024:08:56:23 +0900] "GET /api/v1/members/profile HTTP/1.1" 200 11513 "-" "Mozilla/5.0"
192.168.4.221 - emp007 [23/Feb/2024:02:44:56 +0900] "GET /api/v1/reports/export HTTP/1.1" 200 34468 "-" "Mozilla/5.0"
192.168.1.226 - - [24/Feb/2024:00:59:15 +0900] "POST /api/v1/personal/info HTTP/1.1" 500 42993 "-" "Mozilla/5.0"
192.168.7.50 - emp008 [07/Mar/2024:18:40:13 +0900] "GET /static/css/style.css HTTP/1.1" 500 26032 "-" "Mozilla/5.0"
192.168.4.130 - - [11/Feb/2024:14:43:36 +0900] "GET /api/v1/reports/export HTTP/1.1" 200 45806 "-" "Mozilla/5.0"
192.168.1.194 - emp007 [26/Feb/2024:06:38:47 +0900] "GET /api/v1/customers/search HTTP/1.1" 200 8209 "-" "Mozilla/5.0"
192.168.4.230 - - [25/Feb/2024:22:46:33 +0900] "GET /api/v1/customers/search HTTP/1.1" 200 20966 "-" "Mozilla/5.0"
192.168.7.79 - dba_user [07/Feb/2024:15:37:39 +0900] "GET /api/v1/reports/export HTTP/1.1" 304 17875 "-" "Mozilla/5.0"
192.168.7.50 - analyst1 [05/Mar/2024:18:39:11 +0900] "GET /api/v1/reports/export HTTP/1.1" 404 17552 "-" "Mozilla/5.0"
192.168.4.168 - emp008 [20/Mar/2024:02:20:14 +0900] "GET /static/js/app.js HTTP/1.1" 200 31810 "-" "Mozilla/5.0"
192.168.4.144 - - [14/Feb/2024:19:52:41 +0900] "POST /api/v1/customers/search HTTP/1.1" 404 17741 "-" "Mozilla/5.0"
192.168.3.91 - - [02/Feb/2024:14:39:17 +0900] "GET /api/v1/customers/search HTTP/1.1" 404 41710 "-" "Mozilla/5.0"
192.168.3.91 - dba_user [06/Feb/2024:03:48:13 +0900] "GET /admin/users/list HTTP/1.1" 200 48590 "-" "Mozilla/5.0"
192.168.4.221 - emp009 [21/Feb/2024:15:05:42 +0900] "GET /admin/users/list HTTP/1.1" 500 13967 "-" "Mozilla/5.0"
192.168.3.138 - dba_user [22/Feb/2024:13:22:53 +0900] "GET /api/v1/members/profile HTTP/1.1" 200 23414 "-" "Mozilla/5.0"
192.168.1.226 - analyst1 [02/Mar/2024:18:49:42 +0900] "GET /admin/users/list HTTP/1.1" 500 46365 "-" "Mozilla/5.0"
192.168.4.230 - - [27/Feb/2024:22:24:30 +0900] "GET /api/v1/members/profile HTTP/1.1" 500 24786 "-" "Mozilla/5.0"
192.168.4.230 - - [19/Feb/2024:18:34:02 +0900] "GET /static/css/style.css HTTP/1.1" 304 31639 "-" "Mozilla/5.0"
192.168.4.244 - emp010 [15/Feb/2024:03:39:07 +0900] "POST /api/v1/personal/info HTTP/1.1" 304 30242 "-" "Mozilla/5.0"
192.168.1.194 - emp005 [28/Feb/2024:20:56:29 +0900] "GET /api/v1/personal/info HTTP/1.1" 200 9231 "-" "Mozilla/5.0"
192.168.4.168 - admin01 [22/Feb/2024:22:40:02 +0900] "GET /api/v1/personal/info HTTP/1.1" 404 31356 "-" "Mozilla/5.0"
192.168.3.138 - emp009 [22/Feb/2024:12:38:10 +0900] "GET /static/js/app.js HTTP/1.1" 404 436 "-" "Mozilla/5.0"
192.168.4.230 - emp006 [19/Mar/2024:14:28:43 +0900] "GET /static/js/app.js HTTP/1.1" 200 47340 "-" "Mozilla/5.0"
192.168.10.51 - emp005 [01/Feb/2024:06:06:58 +0900] "GET /api/v1/customers/search HTTP/1.1" 500 7016 "-" "Mozilla/5.0"
192.168.10.51 - emp010 [29/Feb/2024:22:56:07 +0900] "GET /api/v1/members/profile HTTP/1.1" 200 35072 "-" "Mozilla/5.0"
192.168.7.79 - dba_user [11/Mar/2024:16:49:34 +0900] "POST /api/v1/customers/search HTTP/1.1" 404 7567 "-" "Mozilla/5.0"
192.168.4.130 - emp007 [27/Feb/2024:12:47:54 +0900] "GET /admin/users/list HTTP/1.1" 304 20205 "-" "Mozilla/5.0"
192.168.3.91 - emp001 [15/Mar/2024:10:46:40 +0900] "GET /api/v1/customers/search?phone=010-5555-1234&user=emp001 HTTP/1.1" 200 2801 "-" "Mozilla/5.0"
192.168.4.205 - emp003 [06/Feb/2024:14:06:42 +0900] "GET /static/css/style.css HTTP/1.1" 304 14002 "-" "Mozilla/5.0"
192.168.3.138 - emp006 [18/Mar/2024:05:45:05 +0900] "GET /static/js/app.js HTTP/1.1" 200 2562 "-" "Mozilla/5.0"
192.168.5.8 - emp003 [16/Feb/2024:08:07:42 +0900] "GET /static/css/style.css HTTP/1.1" 500 4241 "-" "Mozilla/5.0"
192.168.1.226 - emp007 [17/Feb/2024:09:14:40 +0900] "POST /admin/users/list HTTP/1.1" 500 45346 "-" "Mozilla/5.0"
192.168.1.226 - analyst1 [22/Feb/2024:12:42:15 +0900] "GET /api/v1/reports/export HTTP/1.1" 200 26454 "-" "Mozilla/5.0"
192.168.7.79 - emp002 [10/Feb/2024:12:47:39 +0900] "POST /admin/users/list HTTP/1.1" 200 10077 "-" "Mozilla/5.0"
192.168.1.226 - - [03/Mar/2024:04:26:20 +0900] "GET /admin/users/list HTTP/1.1" 304 21883 "-" "Mozilla/5.0"
192.168.8.128 - emp009 [21/Feb/2024:12:54:23 +0900] "GET /static/css/style.css HTTP/1.1" 200 1471 "-" "Mozilla/5.0"
192.168.3.91 - - [21/Feb/2024:01:08:20 +0900] "POST /api/v1/reports/export HTTP/1.1" 200 17522 "-" "Mozilla/5.0"
192.168.1.226 - - [02/Mar/2024:11:49:01 +0900] "GET /api/v1/reports/export HTTP/1.1" 200 32073 "-" "Mozilla/5.0"
192.168.2.24 - - [15/Feb/2024:03:17:48 +0900] "GET /static/js/app.js HTTP/1.1" 200 2736 "-" "Mozilla/5.0"
192.168.10.51 - - [27/Feb/2024:19:06:20 +0900] "GET /api/v1/personal/info HTTP/1.1" 500 7880 "-" "Mozilla/5.0"
192.168.3.91 - emp001 [02/Feb/2024:23:08:00 +0900] "GET /api/v1/members/profile HTTP/1.1" 404 31405 "-" "Mozilla/5.0"
192.168.4.205 - emp006 [20/Feb/2024:03:08:49 +0900] "GET /api/v1/personal/info HTTP/1.1" 200 9824 "-" "Mozilla/5.0"
192.168.4.168 - - [21/Mar/2024:09:14:40 +0900] "POST /admin/users/list HTTP/1.1" 404 14937 "-" "Mozilla/5.0"
192.168.4.168 - emp002 [14/Mar/2024:15:23:35 +0900] "GET /static/js/app.js HTTP/1.1" 200 42540 "-" "Mozilla/5.0"
192.168.2.225 - emp002 [02/Feb/2024:13:14:50 +0900] "GET /api/v1/members/profile HTTP/1.1" 200 24048 "-" "Mozilla/5.0"
192.168.4.168 - analyst1 [12/Feb/2024:04:00:45 +0900] "GET /api/v1/members/profile HTTP/1.1" 404 18466 "-" "Mozilla/5.0"
192.168.2.24 - emp001 [16/Mar/2024:02:06:12 +0900] "GET /static/css/style.css HTTP/1.1" 200 8863 "-" "Mozilla/5.0"
192.168.10.51 - emp010 [06/Feb/2024:18:48:38 +0900] "GET /api/v1/reports/export HTTP/1.1" 200 13337 "-" "Mozilla/5.0"
192.168.2.24 - - [13/Mar/2024:15:44:52 +0900] "GET /static/css/style.css HTTP/1.1" 200 33013 "-" "Mozilla/5.0"
192.168.3.138 - dba_user [26/Feb/2024:05:56:41 +0900] "GET /api/v1/customers/search HTTP/1.1" 200 20365 "-" "Mozilla/5.0"
192.168.8.128 - - [12/Feb/2024:01:02:41 +0900] "GET /api/v1/personal/info HTTP/1.1" 200 1137 "-" "Mozilla/5.0"
192.168.10.51 - emp005 [29/Feb/2024:02:23:31 +0900] "GET /api/v1/members/profile HTTP/1.1" 200 24011 "-" "Mozilla/5.0"
192.168.4.221 - - [11/Feb/2024:05:08:28 +0900] "GET /api/v1/members/profile HTTP/1.1" 200 48170 "-" "Mozilla/5.0"
192.168.1.194 - - [09/Feb/2024:15:36:14 +0900] "POST /api/v1/personal/info HTTP/1.1" 404 40595 "-" "Mozilla/5.0"
192.168.7.50 - dba_user [07/Mar/2024:20:54:56 +0900] "POST /api/v1/customers/search HTTP/1.1" 500 33483 "-" "Mozilla/5.0"
192.168.2.82 - emp010 [08/Mar/2024:10:56:22 +0900] "GET /static/css/style.css HTTP/1.1" 500 39424 "-" "Mozilla/5.0"
192.168.2.82 - dba_user [21/Mar/2024:06:18:46 +0900] "POST /api/v1/personal/info HTTP/1.1" 200 10994 "-" "Mozilla/5.0"
192.168.1.194 - - [15/Feb/2024:05:45:56 +0900] "GET /static/css/style.css HTTP/1.1" 200 41437 "-" "Mozilla/5.0"
192.168.5.8 - emp010 [15/Mar/2024:00:00:22 +0900] "GET /api/v1/personal/info HTTP/1.1" 200 15249 "-" "Mozilla/5.0"
192.168.4.221 - emp004 [08/Mar/2024:07:10:10 +0900] "GET /admin/users/list HTTP/1.1" 500 48714 "-" "Mozilla/5.0"
192.168.7.50 - emp009 [22/Feb/2024:21:48:46 +0900] "GET /admin/users/list HTTP/1.1" 304 46216 "-" "Mozilla/5.0"
192.168.3.91 - emp006 [09/Feb/2024:10:09:29 +0900] "POST /api/v1/members/profile HTTP/1.1" 500 26808 "-" "Mozilla/5.0"
192.168.2.225 - emp009 [07/Mar/2024:20:55:51 +0900] "GET /static/css/style.css HTTP/1.1" 200 31632 "-" "Mozilla/5.0"
192.168.4.144 - emp007 [27/Feb/2024:12:58:22 +0900] "GET /api/v1/members/profile HTTP/1.1" 200 41226 "-" "Mozilla/5.0"
192.168.2.82 - emp010 [13/Feb/2024:04:38:08 +0900] "GET /api/v1/personal/info HTTP/1.1" 404 17271 "-" "Mozilla/5.0"
192.168.2.24 - admin01 [28/Feb/2024:10:05:54 +0900] "POST /static/js/app.js HTTP/1.1" 500 47518 "-" "Mozilla/5.0"
192.168.7.50 - - [10/Mar/2024:05:23:09 +0900] "GET /api/v1/customers/search HTTP/1.1" 200 29818 "-" "Mozilla/5.0"
192.168.2.141 - emp001 [18/Feb/2024:06:00:37 +0900] "POST /admin/users/list HTTP/1.1" 200 38516 "-" "Mozilla/5.0"
192.168.4.244 - emp001 [04/Feb/2024:06:16:22 +0900] "GET /admin/users/list HTTP/1.1" 404 12201 "-" "Mozilla/5.0"
192.168.2.225 - emp003 [14/Feb/2024:09:52:40 +0900] "GET /api/v1/customers/search HTTP/1.1" 500 34435 "-" "Mozilla/5.0"
192.168.4.244 - dba_user [02/Mar/2024:08:32:54 +0900] "GET /static/css/style.css HTTP/1.1" 304 6603 "-" "Mozilla/5.0"
192.168.4.221 - emp006 [18/Mar/2024:08:07:02 +0900] "GET /static/js/app.js HTTP/1.1" 304 25070 "-" "Mozilla/5.0"
192.168.3.91 - emp008 [14/Feb/2024:10:46:59 +0900] "GET /api/v1/members/profile HTTP/1.1" 304 38461 "-" "Mozilla/5.0"
192.168.4.205 - emp006 [19/Feb/2024:08:54:46 +0900] "GET /api/v1/members/profile HTTP/1.1" 404 15274 "-" "Mozilla/5.0"
192.168.7.79 - emp009 [08/Mar/2024:16:26:09 +0900] "POST /api/v1/personal/info HTTP/1.1" 200 38047 "-" "Mozilla/5.0"
192.168.2.24 - emp004 [09/Mar/2024:19:02:15 +0900] "POST /static/js/app.js HTTP/1.1" 404 21539 "-" "Mozilla/5.0"
192.168.10.51 - - [11/Feb/2024:08:26:40 +0900] "GET /api/v1/reports/export HTTP/1.1" 200 15473 "-" "Mozilla/5.0"
192.168.4.168 - analyst1 [28/Feb/2024:12:52:47 +0900] "GET /api/v1/reports/export HTTP/1.1" 404 14485 "-" "Mozilla/5.0"
192.168.2.24 - - [21/Feb/2024:16:57:34 +0900] "POST /api/v1/personal/info HTTP/1.1" 200 44276 "-" "Mozilla/5.0"
192.168.3.138 - emp001 [04/Mar/2024:19:11:26 +0900] "POST /api/v1/reports/export HTTP/1.1" 500 12789 "-" "Mozilla/5.0"
192.168.4.144 - emp010 [15/Feb/2024:08:52:55 +0900] "GET /static/css/style.css HTTP/1.1" 304 35874 "-" "Mozilla/5.0"
192.168.1.194 - emp007 [15/Mar/2024:04:50:58 +0900] "GET /api/v1/members/profile HTTP/1.1" 200 47295 "-" "Mozilla/5.0"
192.168.2.82 - admin01 [08/Mar/2024:01:45:08 +0900] "POST /api/v1/personal/info HTTP/1.1" 200 7269 "-" "Mozilla/5.0"
192.168.4.130 - emp006 [06/Mar/2024:19:01:45 +0900] "GET /api/v1/reports/export HTTP/1.1" 404 32766 "-" "Mozilla/5.0"
192.168.4.244 - emp007 [26/Feb/2024:04:34:33 +0900] "POST /api/v1/members/profile HTTP/1.1" 500 43793 "-" "Mozilla/5.0"
192.168.4.221 - emp002 [11/Mar/2024:16:41:00 +0900] "GET /admin/users/list HTTP/1.1" 200 19871 "-" "Mozilla/5.0"
192.168.4.130 - - [18/Mar/2024:07:02:30 +0900] "GET /api/v1/reports/export HTTP/1.1" 200 41647 "-" "Mozilla/5.0"
192.168.4.130 - - [16/Mar/2024:14:41:23 +0900] "GET /api/v1/reports/export HTTP/1.1" 200 29223 "-" "Mozilla/5.0"
192.168.4.144 - emp007 [09/Mar/2024:00:20:02 +0900] "GET /static/js/app.js HTTP/1.1" 404 38644 "-" "Mozilla/5.0"
192.168.4.221 - analyst1 [26/Feb/2024:22:14:41 +0900] "GET /api/v1/reports/export HTTP/1.1" 200 37415 "-" "Mozilla/5.0"
192.168.4.221 - emp002 [15/Mar/2024:14:45:56 +0900] "GET /api/v1/customers/search HTTP/1.1" 200 46276 "-" "Mozilla/5.0"
192.168.4.221 - emp010 [06/Feb/2024:21:13:08 +0900] "GET /static/js/app.js HTTP/1.1" 404 16817 "-" "Mozilla/5.0"
192.168.1.226 - - [13/Mar/2024:12:34:20 +0900] "GET /api/v1/reports/export HTTP/1.1" 404 5394 "-" "Mozilla/5.0"
192.168.4.144 - emp007 [15/Feb/2024:04:07:17 +0900] "GET /api/v1/reports/export HTTP/1.1" 500 28182 "-" "Mozilla/5.0"
192.168.4.168 - emp007 [28/Feb/2024:21:49:32 +0900] "GET /api/v1/customers/search HTTP/1.1" 500 18767 "-" "Mozilla/5.0"
192.168.1.226 - - [11/Feb/2024:18:00:02 +0900] "GET /api/v1/personal/info HTTP/1.1" 200 40062 "-" "Mozilla/5.0"
192.168.7.50 - dba_user [14/Mar/2024:05:12:32 +0900] "GET /static/css/style.css HTTP/1.1" 304 31083 "-" "Mozilla/5.0"
192.168.2.225 - - [14/Feb/2024:01:06:44 +0900] "GET /admin/users/list HTTP/1.1" 500 23324 "-" "Mozilla/5.0"
192.168.4.221 - dba_user [05/Mar/2024:10:02:54 +0900] "GET /api/v1/members/profile HTTP/1.1" 404 25808 "-" "Mozilla/5.0"
192.168.1.194 - emp005 [20/Mar/2024:02:36:16 +0900] "POST /api/v1/reports/export HTTP/1.1" 304 13191 "-" "Mozilla/5.0"
192.168.2.225 - emp004 [05/Mar/2024:13:30:58 +0900] "GET /static/js/app.js HTTP/1.1" 200 32673 "-" "Mozilla/5.0"
192.168.10.51 - emp009 [18/Mar/2024:18:14:27 +0900] "POST /admin/users/list HTTP/1.1" 200 42448 "-" "Mozilla/5.0"
192.168.7.50 - emp003 [09/Feb/2024:20:47:30 +0900] "GET /api/v1/customers/search HTTP/1.1" 304 39047 "-" "Mozilla/5.0"
192.168.1.194 - - [20/Feb/2024:05:39:12 +0900] "GET /static/js/app.js HTTP/1.1" 500 28088 "-" "Mozilla/5.0"
192.168.4.244 - emp003 [27/Feb/2024:16:46:36 +0900] "POST /static/css/style.css HTTP/1.1" 404 33272 "-" "Mozilla/5.0"
192.168.5.8 - emp005 [06/Mar/2024:04:42:59 +0900] "POST /api/v1/customers/search?phone=010-1234-5678&user=emp005 HTTP/1.1" 200 34797 "-" "Mozilla/5.0"
192.168.7.50 - emp005 [04/Mar/2024:04:06:38 +0900] "GET /api/v1/reports/export HTTP/1.1" 200 34998 "-" "Mozilla/5.0"
192.168.4.144 - - [25/Feb/2024:19:40:49 +0900] "GET /api/v1/members/profile HTTP/1.1" 304 1182 "-" "Mozilla/5.0"
192.168.5.8 - - [07/Feb/2024:23:16:06 +0900] "POST /api/v1/personal/info HTTP/1.1" 404 18582 "-" "Mozilla/5.0"
192.168.4.230 - emp005 [12/Mar/2024:11:26:52 +0900] "GET /static/css/style.css HTTP/1.1" 304 20029 "-" "Mozilla/5.0"
192.168.4.168 - analyst1 [07/Mar/2024:02:17:14 +0900] "POST /admin/users/list HTTP/1.1" 200 39496 "-" "Mozilla/5.0"
192.168.4.168 - emp004 [07/Feb/2024:03:32:40 +0900] "GET /api/v1/personal/info HTTP/1.1" 404 27958 "-" "Mozilla/5.0"
192.168.8.128 - emp007 [08/Mar/2024:09:42:06 +0900] "POST /static/js/app.js HTTP/1.1" 500 5601 "-" "Mozilla/5.0"
192.168.2.24 - - [26/Feb/2024:11:56:51 +0900] "GET /static/css/style.css HTTP/1.1" 500 22299 "-" "Mozilla/5.0"
192.168.3.91 - emp008 [20/Feb/2024:13:48:25 +0900] "GET /static/js/app.js HTTP/1.1" 200 31533 "-" "Mozilla/5.0"
192.168.2.225 - - [17/Feb/2024:22:28:33 +0900] "GET /static/js/app.js HTTP/1.1" 304 10323 "-" "Mozilla/5.0"
192.168.4.221 - emp006 [24/Feb/2024:04:56:20 +0900] "GET /api/v1/reports/export HTTP/1.1" 200 10003 "-" "Mozilla/5.0"
192.168.10.51 - emp003 [24/Feb/2024:05:19:59 +0900] "GET /api/v1/members/profile HTTP/1.1" 200 2377 "-" "Mozilla/5.0"
192.168.8.128 - emp006 [21/Mar/2024:20:50:07 +0900] "GET /api/v1/customers/search?phone=031-234-5678&user=emp006 HTTP/1.1" 500 12632 "-" "Mozilla/5.0"
192.168.2.82 - emp001 [02/Mar/2024:20:16:58 +0900] "GET /api/v1/members/profile HTTP/1.1" 500 5996 "-" "Mozilla/5.0"
192.168.4.221 - emp005 [09/Mar/2024:13:05:24 +0900] "GET /api/v1/customers/search HTTP/1.1" 200 35482 "-" "Mozilla/5.0"
192.168.4.130 - emp001 [14/Feb/2024:00:58:41 +0900] "GET /api/v1/customers/search?phone=010-9876-5432&user=emp001 HTTP/1.1" 500 3878 "-" "Mozilla/5.0"
192.168.4.221 - emp006 [20/Mar/2024:11:09:52 +0900] "GET /static/css/style.css HTTP/1.1" 500 998 "-" "Mozilla/5.0"
192.168.1.194 - emp009 [05/Feb/2024:18:48:17 +0900] "GET /admin/users/list HTTP/1.1" 200 12183 "-" "Mozilla/5.0"
192.168.2.24 - dba_user [22/Feb/2024:19:03:19 +0900] "GET /static/css/style.css HTTP/1.1" 200 35249 "-" "Mozilla/5.0"
192.168.5.8 - - [21/Feb/2024:05:28:51 +0900] "POST /api/v1/members/profile HTTP/1.1" 304 34420 "-" "Mozilla/5.0"
192.168.2.225 - emp002 [12/Feb/2024:21:49:35 +0900] "GET /api/v1/members/profile HTTP/1.1" 500 45730 "-" "Mozilla/5.0"
192.168.7.50 - emp007 [09/Feb/2024:20:36:26 +0900] "GET /api/v1/reports/export HTTP/1.1" 200 49302 "-" "Mozilla/5.0"
192.168.4.244 - analyst1 [04/Mar/2024:00:47:57 +0900] "GET /api/v1/customers/search HTTP/1.1" 500 5825 "-" "Mozilla/5.0"
192.168.4.130 - emp006 [27/Feb/2024:16:57:48 +0900] "GET /api/v1/reports/export HTTP/1.1" 200 37796 "-" "Mozilla/5.0"
192.168.2.225 - - [10/Mar/2024:15:25:32 +0900] "GET /api/v1/customers/search HTTP/1.1" 200 254 "-" "Mozilla/5.0"
192.168.10.51 - emp007 [13/Mar/2024:13:19:09 +0900] "POST /api/v1/personal/info HTTP/1.1" 304 1088 "-" "Mozilla/5.0"
192.168.4.230 - emp004 [12/Mar/2024:17:54:27 +0900] "GET /api/v1/reports/export HTTP/1.1" 500 17117 "-" "Mozilla/5.0"
192.168.3.91 - - [25/Feb/2024:15:31:47 +0900] "GET /static/css/style.css HTTP/1.1" 304 22870 "-" "Mozilla/5.0"
192.168.4.168 - emp003 [17/Mar/2024:10:46:08 +0900] "POST /api/v1/personal/info HTTP/1.1" 500 35320 "-" "Mozilla/5.0"
192.168.7.50 - - [23/Feb/2024:05:19:04 +0900] "POST /static/css/style.css HTTP/1.1" 200 4820 "-" "Mozilla/5.0"
192.168.2.82 - emp006 [20/Feb/2024:06:49:03 +0900] "GET /static/js/app.js HTTP/1.1" 304 36811 "-" "Mozilla/5.0"
192.168.4.221 - emp003 [24/Feb/2024:12:42:47 +0900] "GET /api/v1/members/profile HTTP/1.1" 200 39146 "-" "Mozilla/5.0"
192.168.4.221 - emp004 [19/Mar/2024:07:40:11 +0900] "GET /api/v1/customers/search HTTP/1.1" 200 23517 "-" "Mozilla/5.0"
192.168.1.226 - emp005 [26/Feb/2024:03:47:36 +0900] "GET /admin/users/list HTTP/1.1" 500 34555 "-" "Mozilla/5.0"
192.168.1.194 - emp001 [09/Mar/2024:11:53:41 +0900] "POST /admin/users/list HTTP/1.1" 200 35398 "-" "Mozilla/5.0"
192.168.4.230 - - [14/Mar/2024:17:40:02 +0900] "POST /static/css/style.css HTTP/1.1" 404 46886 "-" "Mozilla/5.0"
192.168.10.51 - dba_user [29/Feb/2024:11:42:53 +0900] "POST /static/js/app.js HTTP/1.1" 200 47030 "-" "Mozilla/5.0"
192.168.5.8 - - [02/Mar/2024:13:05:06 +0900] "GET /static/js/app.js HTTP/1.1" 500 30902 "-" "Mozilla/5.0"
192.168.4.144 - emp009 [12/Feb/2024:01:51:36 +0900] "GET /api/v1/reports/export HTTP/1.1" 200 36138 "-" "Mozilla/5.0"
192.168.1.226 - emp008 [05/Feb/2024:06:25:41 +0900] "GET /api/v1/reports/export HTTP/1.1" 500 8756 "-" "Mozilla/5.0"
192.168.1.226 - - [19/Feb/2024:10:10:59 +0900] "GET /api/v1/personal/info HTTP/1.1" 200 5763 "-" "Mozilla/5.0"
192.168.4.221 - emp008 [05/Mar/2024:14:43:42 +0900] "GET /api/v1/customers/search HTTP/1.1" 200 5226 "-" "Mozilla/5.0"
192.168.4.230 - emp001 [11/Mar/2024:19:12:44 +0900] "GET /api/v1/personal/info HTTP/1.1" 404 19627 "-" "Mozilla/5.0"
192.168.4.205 - dba_user [26/Feb/2024:09:34:26 +0900] "POST /admin/users/list HTTP/1.1" 200 21990 "-" "Mozilla/5.0"
192.168.8.128 - emp010 [05/Mar/2024:14:43:22 +0900] "GET /admin/users/list HTTP/1.1" 500 26426 "-" "Mozilla/5.0"
192.168.4.244 - emp002 [05/Mar/2024:07:10:51 +0900] "GET /api/v1/reports/export HTTP/1.1" 200 31117 "-" "Mozilla/5.0"
192.168.8.128 - admin01 [11/Mar/2024:20:24:14 +0900] "GET /static/js/app.js HTTP/1.1" 304 6724 "-" "Mozilla/5.0"
192.168.3.91 - emp003 [05/Mar/2024:03:40:02 +0900] "GET /api/v1/personal/info HTTP/1.1" 200 28784 "-" "Mozilla/5.0"
192.168.2.141 - emp009 [21/Mar/2024:08:06:52 +0900] "GET /static/js/app.js HTTP/1.1" 200 37975 "-" "Mozilla/5.0"
192.168.4.205 - - [14/Feb/2024:09:14:18 +0900] "GET /admin/users/list HTTP/1.1" 500 17660 "-" "Mozilla/5.0"
192.168.2.225 - emp005 [06/Feb/2024:07:42:27 +0900] "GET /admin/users/list HTTP/1.1" 500 12603 "-" "Mozilla/5.0"
192.168.7.79 - - [11/Feb/2024:23:04:03 +0900] "POST /api/v1/reports/export HTTP/1.1" 500 40091 "-" "Mozilla/5.0"
192.168.3.138 - emp010 [03/Feb/2024:16:06:18 +0900] "GET /static/js/app.js HTTP/1.1" 200 4976 "-" "Mozilla/5.0"
192.168.4.221 - dba_user [27/Feb/2024:19:32:48 +0900] "GET /api/v1/members/profile HTTP/1.1" 200 794 "-" "Mozilla/5.0"
192.168.2.24 - emp006 [09/Mar/2024:05:48:42 +0900] "POST /static/css/style.css HTTP/1.1" 500 28492 "-" "Mozilla/5.0"
192.168.4.230 - - [06/Mar/2024:00:25:08 +0900] "GET /api/v1/members/profile HTTP/1.1" 304 22714 "-" "Mozilla/5.0"
192.168.2.82 - emp009 [13/Mar/2024:05:12:28 +0900] "POST /api/v1/reports/export HTTP/1.1" 500 2230 "-" "Mozilla/5.0"
192.168.4.130 - - [10/Mar/2024:08:14:06 +0900] "GET /api/v1/members/profile HTTP/1.1" 200 5974 "-" "Mozilla/5.0"
192.168.4.205 - emp009 [08/Feb/2024:19:16:26 +0900] "GET /api/v1/reports/export HTTP/1.1" 200 42832 "-" "Mozilla/5.0"
192.168.4.205 - emp002 [10/Feb/2024:23:01:43 +0900] "GET /api/v1/members/profile HTTP/1.1" 404 24952 "-" "Mozilla/5.0"
192.168.1.226 - emp003 [01/Feb/2024:08:26:00 +0900] "GET /api/v1/reports/export HTTP/1.1" 200 8164 "-" "Mozilla/5.0"
192.168.1.194 - emp010 [27/Feb/2024:02:16:51 +0900] "GET /static/css/style.css HTTP/1.1" 500 43547 "-" "Mozilla/5.0"
192.168.2.82 - emp010 [05/Mar/2024:17:18:40 +0900] "GET /api/v1/reports/export HTTP/1.1" 200 39782 "-" "Mozilla/5.0"
192.168.4.144 - emp002 [22/Feb/2024:01:43:25 +0900] "POST /api/v1/members/profile HTTP/1.1" 200 3297 "-" "Mozilla/5.0"
192.168.2.141 - - [01/Feb/2024:18:39:23 +0900] "GET /admin/users/list HTTP/1.1" 304 16282 "-" "Mozilla/5.0"
192.168.2.82 - admin01 [12/Feb/2024:08:02:23 +0900] "POST /api/v1/reports/export HTTP/1.1" 500 18506 "-" "Mozilla/5.0"
192.168.4.144 - emp006 [14/Mar/2024:10:56:05 +0900] "POST /static/js/app.js HTTP/1.1" 200 42033 "-" "Mozilla/5.0"
192.168.2.141 - - [15/Feb/2024:03:58:53 +0900] "GET /api/v1/customers/search HTTP/1.1" 404 21002 "-" "Mozilla/5.0"
192.168.2.225 - - [16/Feb/2024:15:56:41 +0900] "GET /api/v1/customers/search HTTP/1.1" 200 4654 "-" "Mozilla/5.0"
192.168.1.226 - - [20/Feb/2024:15:40:31 +0900] "GET /admin/users/list HTTP/1.1" 200 11736 "-" "Mozilla/5.0"
192.168.2.82 - analyst1 [05/Mar/2024:15:24:19 +0900] "GET /static/css/style.css HTTP/1.1" 304 18814 "-" "Mozilla/5.0"
192.168.7.79 - analyst1 [02/Feb/2024:10:36:03 +0900] "POST /api/v1/customers/search HTTP/1.1" 304 39431 "-" "Mozilla/5.0"
192.168.8.128 - emp010 [15/Mar/2024:03:11:17 +0900] "POST /api/v1/members/profile HTTP/1.1" 200 36672 "-" "Mozilla/5.0"
192.168.4.230 - emp004 [10/Mar/2024:09:02:29 +0900] "GET /api/v1/personal/info HTTP/1.1" 500 43392 "-" "Mozilla/5.0"
192.168.4.221 - emp008 [06/Feb/2024:06:51:26 +0900] "POST /static/css/style.css HTTP/1.1" 200 9004 "-" "Mozilla/5.0"
192.168.4.221 - emp008 [20/Mar/2024:18:52:47 +0900] "POST /api/v1/personal/info HTTP/1.1" 304 36555 "-" "Mozilla/5.0"
192.168.4.144 - emp001 [15/Feb/2024:22:27:41 +0900] "GET /static/js/app.js HTTP/1.1" 404 44201 "-" "Mozilla/5.0"
192.168.4.230 - dba_user [16/Mar/2024:11:18:15 +0900] "GET /api/v1/reports/export HTTP/1.1" 304 9622 "-" "Mozilla/5.0"
192.168.7.50 - emp006 [06/Mar/2024:18:57:41 +0900] "GET /api/v1/reports/export HTTP/1.1" 304 19235 "-" "Mozilla/5.0"
192.168.4.230 - emp001 [26/Feb/2024:03:42:55 +0900] "GET /api/v1/reports/export HTTP/1.1" 304 48921 "-" "Mozilla/5.0"
192.168.4.221 - - [09/Mar/2024:10:09:00 +0900] "GET /api/v1/members/profile HTTP/1.1" 304 2086 "-" "Mozilla/5.0"
192.168.1.194 - - [13/Mar/2024:16:03:07 +0900] "GET /admin/users/list HTTP/1.1" 200 5871 "-" "Mozilla/5.0"
192.168.10.51 - emp010 [15/Mar/2024:06:34:41 +0900] "GET /api/v1/reports/export HTTP/1.1" 404 24077 "-" "Mozilla/5.0"
192.168.4.244 - admin01 [03/Feb/2024:08:36:04 +0900] "POST /api/v1/customers/search HTTP/1.1" 200 16205 "-" "Mozilla/5.0"
192.168.4.244 - analyst1 [16/Feb/2024:19:35:47 +0900] "GET /api/v1/reports/export HTTP/1.1" 500 20756 "-" "Mozilla/5.0"
192.168.2.82 - emp010 [03/Mar/2024:20:34:05 +0900] "GET /api/v1/personal/info HTTP/1.1" 500 34150 "-" "Mozilla/5.0"
192.168.4.230 - emp005 [28/Feb/2024:07:38:59 +0900] "GET /api/v1/customers/search HTTP/1.1" 200 19398 "-" "Mozilla/5.0"
192.168.7.79 - emp006 [03/Mar/2024:21:23:53 +0900] "GET /api/v1/customers/search HTTP/1.1" 500 48653 "-" "Mozilla/5.0"
192.168.7.50 - emp010 [08/Feb/2024:18:46:34 +0900] "GET /static/css/style.css HTTP/1.1" 200 3685 "-" "Mozilla/5.0"
192.168.5.8 - - [13/Feb/2024:15:48:56 +0900] "POST /api/v1/members/profile HTTP/1.1" 200 47983 "-" "Mozilla/5.0"
192.168.2.141 - - [12/Feb/2024:09:44:08 +0900] "GET /api/v1/members/profile HTTP/1.1" 200 18749 "-" "Mozilla/5.0"
192.168.2.24 - emp006 [10/Mar/2024:06:30:58 +0900] "POST /api/v1/customers/search?phone=010-1234-5678&user=emp006 HTTP/1.1" 200 33082 "-" "Mozilla/5.0"
192.168.7.50 - admin01 [28/Feb/2024:05:31:51 +0900] "GET /static/js/app.js HTTP/1.1" 500 31718 "-" "Mozilla/5.0"
192.168.2.82 - emp001 [11/Feb/2024:00:45:59 +0900] "GET /static/js/app.js HTTP/1.1" 200 39477 "-" "Mozilla/5.0"
192.168.7.50 - emp003 [06/Mar/2024:17:16:51 +0900] "GET /static/css/style.css HTTP/1.1" 304 23963 "-" "Mozilla/5.0"
192.168.4.221 - emp005 [28/Feb/2024:01:57:48 +0900] "GET /static/css/style.css HTTP/1.1" 500 17325 "-" "Mozilla/5.0"
192.168.4.144 - emp007 [16/Feb/2024:09:39:26 +0900] "GET /api/v1/reports/export HTTP/1.1" 200 11367 "-" "Mozilla/5.0"
192.168.3.138 - emp004 [09/Mar/2024:16:41:54 +0900] "GET /static/js/app.js HTTP/1.1" 200 20623 "-" "Mozilla/5.0"
192.168.8.128 - emp003 [12/Mar/2024:05:40:23 +0900] "GET /static/css/style.css HTTP/1.1" 304 41264 "-" "Mozilla/5.0"
192.168.5.8 - - [17/Mar/2024:18:06:50 +0900] "GET /static/js/app.js HTTP/1.1" 304 42441 "-" "Mozilla/5.0"
192.168.10.51 - emp002 [10/Feb/2024:23:38:39 +0900] "GET /api/v1/customers/search HTTP/1.1" 200 36418 "-" "Mozilla/5.0"
192.168.4.221 - - [01/Mar/2024:04:14:21 +0900] "GET /api/v1/reports/export HTTP/1.1" 500 6480 "-" "Mozilla/5.0"
192.168.4.230 - emp002 [07/Mar/2024:06:08:03 +0900] "GET /api/v1/members/profile HTTP/1.1" 304 20873 "-" "Mozilla/5.0"
192.168.1.226 - admin01 [01/Feb/2024:14:13:40 +0900] "GET /static/css/style.css HTTP/1.1" 200 24069 "-" "Mozilla/5.0"
192.168.3.91 - emp008 [29/Feb/2024:19:42:08 +0900] "POST /api/v1/reports/export HTTP/1.1" 304 13423 "-" "Mozilla/5.0"
192.168.1.194 - emp008 [10/Mar/2024:17:13:53 +0900] "GET /api/v1/customers/search HTTP/1.1" 500 15466 "-" "Mozilla/5.0"
192.168.1.194 - - [27/Feb/2024:02:17:22 +0900] "GET /admin/users/list HTTP/1.1" 200 30874 "-" "Mozilla/5.0"
192.168.7.50 - emp009 [11/Feb/2024:19:52:04 +0900] "GET /api/v1/customers/search HTTP/1.1" 200 17216 "-" "Mozilla/5.0"
192.168.7.79 - emp006 [07/Feb/2024:12:56:20 +0900] "POST /static/css/style.css HTTP/1.1" 304 38557 "-" "Mozilla/5.0"
192.168.3.138 - emp001 [04/Mar/2024:22:37:32 +0900] "GET /admin/users/list HTTP/1.1" 200 35685 "-" "Mozilla/5.0"
192.168.5.8 - - [24/Feb/2024:19:24:54 +0900] "POST /api/v1/customers/search HTTP/1.1" 404 20997 "-" "Mozilla/5.0"
192.168.4.168 - - [10/Feb/2024:06:29:50 +0900] "GET /static/css/style.css HTTP/1.1" 404 231 "-" "Mozilla/5.0"
192.168.7.50 - emp005 [19/Feb/2024:08:44:16 +0900] "GET /api/v1/personal/info HTTP/1.1" 200 46031 "-" "Mozilla/5.0"
192.168.4.168 - emp002 [08/Mar/2024:07:13:19 +0900] "POST /api/v1/personal/info HTTP/1.1" 304 49977 "-" "Mozilla/5.0"
192.168.7.79 - - [25/Feb/2024:05:33:11 +0900] "GET /static/css/style.css HTTP/1.1" 304 6959 "-" "Mozilla/5.0"
192.168.4.221 - - [05/Feb/2024:06:59:46 +0900] "GET /api/v1/members/profile HTTP/1.1" 304 30399 "-" "Mozilla/5.0"
192.168.2.141 - emp010 [04/Feb/2024:06:57:27 +0900] "GET /api/v1/members/profile HTTP/1.1" 200 28944 "-" "Mozilla/5.0"
192.168.1.226 - emp006 [17/Mar/2024:11:11:29 +0900] "GET /static/js/app.js HTTP/1.1" 304 49364 "-" "Mozilla/5.0"
192.168.4.130 - - [03/Feb/2024:00:36:49 +0900] "GET /static/css/style.css HTTP/1.1" 404 36418 "-" "Mozilla/5.0"
192.168.7.79 - emp006 [03/Feb/2024:09:14:35 +0900] "GET /api/v1/personal/info HTTP/1.1" 200 14270 "-" "Mozilla/5.0"
192.168.2.82 - admin01 [26/Feb/2024:19:10:24 +0900] "GET /static/js/app.js HTTP/1.1" 500 42468 "-" "Mozilla/5.0"
192.168.10.51 - admin01 [21/Feb/2024:14:43:48 +0900] "GET /admin/users/list HTTP/1.1" 500 14358 "-" "Mozilla/5.0"
192.168.4.205 - emp009 [12/Feb/2024:05:30:59 +0900] "GET /static/js/app.js HTTP/1.1" 404 43831 "-" "Mozilla/5.0"
192.168.4.230 - - [09/Feb/2024:08:07:32 +0900] "POST /api/v1/personal/info HTTP/1.1" 500 19119 "-" "Mozilla/5.0"
192.168.3.138 - - [09/Feb/2024:18:39:35 +0900] "GET /api/v1/customers/search HTTP/1.1" 404 46673 "-" "Mozilla/5.0"
192.168.10.51 - emp009 [18/Feb/2024:14:52:03 +0900] "GET /api/v1/personal/info HTTP/1.1" 404 24761 "-" "Mozilla/5.0"
192.168.7.79 - emp004 [13/Mar/2024:04:06:14 +0900] "GET /api/v1/members/profile HTTP/1.1" 304 41307 "-" "Mozilla/5.0"
192.168.7.79 - emp004 [08/Feb/2024:04:54:56 +0900] "POST /api/v1/members/profile HTTP/1.1" 200 44326 "-" "Mozilla/5.0"
192.168.1.194 - - [19/Mar/2024:15:59:57 +0900] "GET /api/v1/members/profile HTTP/1.1" 404 29117 "-" "Mozilla/5.0"
192.168.4.230 - - [29/Feb/2024:04:50:51 +0900] "GET /static/js/app.js HTTP/1.1" 200 3733 "-" "Mozilla/5.0"
192.168.5.8 - emp010 [15/Feb/2024:03:27:19 +0900] "GET /api/v1/personal/info HTTP/1.1" 200 49254 "-" "Mozilla/5.0"
192.168.1.226 - - [06/Mar/2024:16:08:00 +0900] "POST /admin/users/list HTTP/1.1" 200 3236 "-" "Mozilla/5.0"
192.168.4.130 - - [11/Feb/2024:05:44:06 +0900] "GET /admin/users/list HTTP/1.1" 304 46253 "-" "Mozilla/5.0"
192.168.4.144 - - [24/Feb/2024:23:36:45 +0900] "GET /api/v1/customers/search HTTP/1.1" 404 19062 "-" "Mozilla/5.0"
192.168.4.130 - dba_user [03/Mar/2024:02:19:51 +0900] "GET /static/css/style.css HTTP/1.1" 404 35647 "-" "Mozilla/5.0"
192.168.2.24 - - [15/Mar/2024:20:46:23 +0900] "GET /api/v1/reports/export HTTP/1.1" 200 48858 "-" "Mozilla/5.0"
192.168.2.24 - emp009 [25/Feb/2024:03:42:00 +0900] "GET /api/v1/customers/search HTTP/1.1" 200 12890 "-" "Mozilla/5.0"
192.168.7.79 - - [04/Mar/2024:03:03:10 +0900] "GET /static/css/style.css HTTP/1.1" 200 35000 "-" "Mozilla/5.0"
192.168.2.141 - dba_user [28/Feb/2024:06:37:28 +0900] "GET /api/v1/personal/info HTTP/1.1" 200 8085 "-" "Mozilla/5.0"
192.168.4.221 - emp008 [12/Feb/2024:00:42:19 +0900] "GET /api/v1/members/profile HTTP/1.1" 404 12063 "-" "Mozilla/5.0"
192.168.3.138 - emp003 [18/Feb/2024:04:09:32 +0900] "GET /api/v1/members/profile HTTP/1.1" 500 15891 "-" "Mozilla/5.0"
192.168.8.128 - - [26/Feb/2024:23:49:43 +0900] "GET /static/css/style.css HTTP/1.1" 304 6902 "-" "Mozilla/5.0"
192.168.4.130 - - [10/Feb/2024:15:21:24 +0900] "GET /static/js/app.js HTTP/1.1" 200 19865 "-" "Mozilla/5.0"
192.168.3.91 - emp006 [22/Feb/2024:08:10:02 +0900] "POST /api/v1/members/profile HTTP/1.1" 404 994 "-" "Mozilla/5.0"
192.168.2.225 - emp006 [20/Feb/2024:09:17:29 +0900] "GET /api/v1/reports/export HTTP/1.1" 200 37203 "-" "Mozilla/5.0"
192.168.7.50 - emp006 [21/Mar/2024:02:18:28 +0900] "GET /api/v1/reports/export HTTP/1.1" 200 19314 "-" "Mozilla/5.0"
192.168.4.244 - - [29/Feb/2024:13:05:00 +0900] "GET /static/css/style.css HTTP/1.1" 404 39394 "-" "Mozilla/5.0"
192.168.4.205 - - [15/Feb/2024:15:05:34 +0900] "GET /api/v1/customers/search HTTP/1.1" 404 2922 "-" "Mozilla/5.0"
192.168.3.91 - emp005 [17/Mar/2024:23:05:38 +0900] "GET /admin/users/list HTTP/1.1" 404 37337 "-" "Mozilla/5.0"
192.168.10.51 - - [07/Feb/2024:06:15:34 +0900] "GET /static/js/app.js HTTP/1.1" 200 26484 "-" "Mozilla/5.0"
192.168.8.128 - emp004 [13/Feb/2024:09:13:02 +0900] "GET /api/v1/customers/search HTTP/1.1" 200 42162 "-" "Mozilla/5.0"
192.168.5.8 - admin01 [18/Mar/2024:11:41:16 +0900] "GET /static/js/app.js HTTP/1.1" 200 4198 "-" "Mozilla/5.0"
192.168.4.244 - emp001 [13/Mar/2024:11:04:30 +0900] "GET /static/css/style.css HTTP/1.1" 200 8634 "-" "Mozilla/5.0"
192.168.2.24 - dba_user [20/Mar/2024:09:43:29 +0900] "POST /admin/users/list HTTP/1.1" 200 31709 "-" "Mozilla/5.0"
192.168.3.91 - - [11/Feb/2024:14:08:39 +0900] "GET /api/v1/customers/search HTTP/1.1" 200 37493 "-" "Mozilla/5.0"
192.168.4.230 - emp006 [06/Feb/2024:18:24:59 +0900] "POST /static/js/app.js HTTP/1.1" 200 8341 "-" "Mozilla/5.0"
192.168.5.8 - emp006 [20/Mar/2024:16:12:25 +0900] "GET /api/v1/customers/search HTTP/1.1" 304 3337 "-" "Mozilla/5.0"
192.168.4.144 - emp005 [11/Feb/2024:11:54:19 +0900] "GET /api/v1/reports/export HTTP/1.1" 304 8745 "-" "Mozilla/5.0"
192.168.3.91 - emp005 [02/Mar/2024:14:08:32 +0900] "GET /admin/users/list HTTP/1.1" 200 45039 "-" "Mozilla/5.0"
192.168.4.168 - admin01 [27/Feb/2024:16:33:26 +0900] "GET /static/css/style.css HTTP/1.1" 200 14086 "-" "Mozilla/5.0"
192.168.2.225 - emp009 [20/Mar/2024:05:10:27 +0900] "GET /static/js/app.js HTTP/1.1" 200 20644 "-" "Mozilla/5.0"
192.168.4.205 - - [10/Mar/2024:07:48:59 +0900] "GET /admin/users/list HTTP/1.1" 304 5907 "-" "Mozilla/5.0"
192.168.10.51 - - [11/Mar/2024:14:49:33 +0900] "POST /api/v1/reports/export HTTP/1.1" 200 1730 "-" "Mozilla/5.0"
192.168.1.226 - - [05/Mar/2024:09:35:39 +0900] "POST /api/v1/members/profile HTTP/1.1" 200 24871 "-" "Mozilla/5.0"
192.168.2.141 - emp008 [06/Mar/2024:05:32:37 +0900] "GET /api/v1/personal/info HTTP/1.1" 200 26922 "-" "Mozilla/5.0"
192.168.3.91 - emp008 [17/Feb/2024:20:47:25 +0900] "GET /api/v1/members/profile HTTP/1.1" 200 23228 "-" "Mozilla/5.0"
192.168.4.130 - - [08/Feb/2024:03:24:05 +0900] "GET /admin/users/list HTTP/1.1" 404 44894 "-" "Mozilla/5.0"
192.168.5.8 - analyst1 [14/Feb/2024:02:48:43 +0900] "GET /static/js/app.js HTTP/1.1" 200 21060 "-" "Mozilla/5.0"
192.168.2.225 - emp005 [12/Mar/2024:20:58:22 +0900] "GET /api/v1/members/profile HTTP/1.1" 200 14117 "-" "Mozilla/5.0"
192.168.1.226 - emp006 [17/Feb/2024:07:21:52 +0900] "GET /api/v1/personal/info HTTP/1.1" 404 17455 "-" "Mozilla/5.0"
