192.168.8.128 - emp002 [16/Feb/2024:23:21:03 +0900] "GET /api/v1/members/profile HTTP/1.1" 304 39605 "-" "Mozilla/5.0"
192.168.4.230 - - [02/Feb/2024:14:26:22 +0900] "GET /api/v1/customers/search HTTP/1.1" 200 40844 "-" "Mozilla/5.0"
192.168.10.51 - - [01/Mar/2024:02:15:55 +0900] "GET /static/css/style.css HTTP/1.1" 500 15524 "-" "Mozilla/5.0"
192.168.4.205 - emp006 [09/Mar/2024:21:16:26 +0900] "GET /api/v1/customers/search HTTP/1.1" 304 31111 "-" "Mozilla/5.0"
192.168.2.225 - emp004 [15/Feb/2024:10:58:43 +0900] "GET /api/v1/members/profile HTTP/1.1" 500 21197 "-" "Mozilla/5.0"
192.168.5.8 - emp005 [19/Feb/2024:02:53:48 +0900] "POST /api/v1/members/profile HTTP/1.1" 200 31955 "-" "Mozilla/5.0"
192.168.3.138 - admin01 [14/Feb/2024:22:51:21 +0900] "GET /api/v1/reports/export HTTP/1.1" 500 16201 "-" "Mozilla/5.0"
192.168.2.82 - emp006 [13/Feb/2024:07:38:35 +0900] "GET /static/css/style.css HTTP/1.1" 200 9105 "-" "Mozilla/5.0"
192.168.1.226 - emp002 [20/Feb/2024:22:25:06 +0900] "GET /api/v1/personal/info HTTP/1.1" 200 19442 "-" "Mozilla/5.0"
192.168.8.128 - emp009 [08/Feb/2024:09:39:51 +0900] "GET /api/v1/customers/search HTTP/1.1" 200 3380 "-" "Mozilla/5.0"
192.168.1.194 - emp001 [11/Mar/2024:22:47:09 +0900] "GET /static/js/app.js HTTP/1.1" 200 30754 "-" "Mozilla/5.0"
192.168.7.50 - emp004 [09/Mar/2024:22:18:43 +0900] "GET /api/v1/personal/info HTTP/1.1" 200 49233 "-" "Mozilla/5.0"
192.168.2.82 - - [27/Feb/2024:11:49:40 +0900] "GET /api/v1/customers/search HTTP/1.1" 200 15872 "-" "Mozilla/5.0"
192.168.7.79 - analyst1 [18/Mar/2024:04:21:56 +0900] "POST /api/v1/reports/export HTTP/1.1" 200 29543 "-" "Mozilla/5.0"
192.168.4.144 - - [09/Feb/2024:14:26:58 +0900] "GET /static/css/style.css HTTP/1.1" 200 3535 "-" "Mozilla/5.0"
192.168.2.225 - - [01/Feb/2024:21:05:03 +0900] "GET /static/css/style.css HTTP/1.1" 500 41852 "-" "Mozilla/5.0"
192.168.2.225 - - [05/Mar/2024:08:13:49 +0900] "GET /api/v1/members/profile HTTP/1.1" 200 38090 "-" "Mozilla/5.0"
192.168.2.82 - emp008 [05/Feb/2024:18:46:35 +0900] "GET /static/css/style.css HTTP/1.1" 200 45516 "-" "Mozilla/5.0"
192.168.2.225 - emp010 [07/Feb/2024:01:53:56 +0900] "GET /api/v1/reports/export HTTP/1.1" 304 27213 "-" "Mozilla/5.0"
192.168.4.144 - emp005 [12/Feb/2024:16:37:44 +0900] "GET /admin/users/list HTTP/1.1" 500 39916 "-" "Mozilla/5.0"
192.168.5.8 - emp008 [13/Mar/2024:05:09:34 +0900] "GET /api/v1/reports/export HTTP/1.1" 404 7052 "-" "Mozilla/5.0"
192.168.2.225 - - [19/Feb/2024:12:57:24 +0900] "GET /api/v1/members/profile HTTP/1.1" 304 16278 "-" "Mozilla/5.0"
192.168.10.51 - emp009 [24/Feb/2024:00:36:03 +0900] "GET /api/v1/members/profile HTTP/1.1" 200 39982 "-" "Mozilla/5.0"
192.168.7.79 - emp007 [29/Feb/2024:13:39:42 +0900] "GET /static/css/style.css HTTP/1.1" 404 46000 "-" "Mozilla/5.0"
192.168.4.230 - - [10/Feb/2024:02:16:07 +0900] "GET /api/v1/customers/search HTTP/1.1" 200 8455 "-" "Mozilla/5.0"
192.168.10.51 - analyst1 [02/Mar/2024:15:52:37 +0900] "GET /static/js/app.js HTTP/1.1" 200 2428 "-" "Mozilla/5.0"
192.168.7.79 - admin01 [07/Mar/2024:22:04:47 +0900] "GET /admin/users/list HTTP/1.1" 200 11205 "-" "Mozilla/5.0"
192.168.7.50 - emp005 [07/Mar/2024:03:28:34 +0900] "GET /admin/users/list HTTP/1.1" 404 20701 "-" "Mozilla/5.0"
192.168.7.50 - emp003 [07/Mar/2024:09:12:30 +0900] "GET /api/v1/customers/search HTTP/1.1" 200 21447 "-" "Mozilla/5.0"
192.168.7.79 - emp008 [05/Feb/2024:15:17:04 +0900] "GET /api/v1/members/profile HTTP/1.1" 200 16094 "-" "Mozilla/5.0"
192.168.4.130 - emp007 [28/Feb/2024:06:31:00 +0900] "GET /admin/users/list HTTP/1.1" 304 10636 "-" "Mozilla/5.0"
192.168.2.82 - emp003 [13/Feb/2024:20:34:00 +0900] "GET /api/v1/customers/search HTTP/1.1" 200 22433 "-" "Mozilla/5.0"
192.168.4.244 - emp010 [01/Feb/2024:05:20:49 +0900] "GET /static/css/style.css HTTP/1.1" 304 13720 "-" "Mozilla/5.0"
192.168.4.205 - emp008 [29/Feb/2024:14:32:58 +0900] "POST /api/v1/reports/export HTTP/1.1" 200 5650 "-" "Mozilla/5.0"
192.168.4.130 - emp003 [16/Mar/2024:11:51:34 +0900] "GET /static/js/app.js HTTP/1.1" 200 21365 "-" "Mozilla/5.0"
192.168.10.51 - emp006 [11/Feb/2024:17:08:25 +0900] "GET /static/js/app.js HTTP/1.1" 404 18995 "-" "Mozilla/5.0"
192.168.3.91 - emp003 [17/Feb/2024:12:48:10 +0900] "GET /api/v1/reports/export HTTP/1.1" 200 21158 "-" "Mozilla/5.0"
192.168.3.138 - emp004 [05/Mar/2024:23:22:12 +0900] "GET /api/v1/personal/info HTTP/1.1" 200 38286 "-" "Mozilla/5.0"
192.168.4.144 - emp004 [16/Mar/2024:01:31:55 +0900] "POST /api/v1/reports/export HTTP/1.1" 500 25647 "-" "Mozilla/5.0"
192.168.4.230 - - [08/Feb/2024:12:39:59 +0900] "GET /api/v1/reports/export HTTP/1.1" 500 28930 "-" "Mozilla/5.0"
192.168.2.82 - emp006 [04/Feb/2024:17:12:10 +0900] "POST /static/css/style.css HTTP/1.1" 200 42666 "-" "Mozilla/5.0"
192.168.3.91 - - [07/Mar/2024:21:35:34 +0900] "GET /admin/users/list HTTP/1.1" 500 35501 "-" "Mozilla/5.0"
192.168.4.221 - analyst1 [03/Mar/2024:07:14:04 +0900] "GET /api/v1/members/profile HTTP/1.1" 200 20597 "-" "Mozilla/5.0"
192.168.2.82 - emp009 [01/Mar/2024:05:10:12 +0900] "GET /api/v1/customers/search HTTP/1.1" 304 16881 "-" "Mozilla/5.0"
192.168.2.225 - analyst1 [18/Mar/2024:11:33:39 +0900] "GET /static/js/app.js HTTP/1.1" 200 24615 "-" "Mozilla/5.0"
192.168.4.144 - admin01 [19/Mar/2024:23:12:12 +0900] "GET /api/v1/personal/info HTTP/1.1" 500 14308 "-" "Mozilla/5.0"
192.168.7.79 - emp008 [13/Mar/2024:00:19:22 +0900] "GET /api/v1/members/profile HTTP/1.1" 200 6046 "-" "Mozilla/5.0"
192.168.2.82 - emp002 [23/Feb/2024:07:11:15 +0900] "GET /api/v1/personal/info HTTP/1.1" 500 48711 "-" "Mozilla/5.0"
192.168.4.221 - emp010 [27/Feb/2024:14:02:34 +0900] "GET /api/v1/members/profile HTTP/1.1" 500 34920 "-" "Mozilla/5.0"
192.168.4.230 - emp007 [17/Feb/2024:00:41:53 +0900] "GET /api/v1/personal/info HTTP/1.1" 200 15188 "-" "Mozilla/5.0"
192.168.3.138 - - [05/Feb/2024:16:03:12 +0900] "GET /api/v1/reports/export HTTP/1.1" 500 3801 "-" "Mozilla/5.0"
192.168.2.225 - emp009 [28/Feb/2024:02:21:06 +0900] "GET /api/v1/members/profile HTTP/1.1" 304 43505 "-" "Mozilla/5.0"
192.168.4.168 - emp010 [11/Mar/2024:07:38:19 +0900] "GET /static/js/app.js HTTP/1.1" 200 28147 "-" "Mozilla/5.0"
192.168.5.8 - emp004 [11/Mar/2024:08:27:13 +0900] "GET /api/v1/personal/info HTTP/1.1" 304 49320 "-" "Mozilla/5.0"
192.168.4.221 - emp003 [27/Feb/2024:16:13:00 +0900] "GET /static/js/app.js HTTP/1.1" 200 7620 "-" "Mozilla/5.0"
192.168.3.91 - - [21/Mar/2024:14:48:45 +0900] "POST /api/v1/customers/search HTTP/1.1" 500 7849 "-" "Mozilla/5.0"
192.168.4.244 - emp009 [12/Mar/2024:01:25:37 +0900] "GET /api/v1/members/profile HTTP/1.1" 500 44386 "-" "Mozilla/5.0"
192.168.4.244 - admin01 [07/Feb/2024:12:50:43 +0900] "GET /api/v1/members/profile HTTP/1.1" 200 34676 "-" "Mozilla/5.0"
192.168.7.79 - emp004 [14/Mar/2024:11:29:43 +0900] "GET /admin/users/list HTTP/1.1" 500 2391 "-" "Mozilla/5.0"
192.168.2.82 - emp004 [17/Feb/2024:13:49:07 +0900] "GET /api/v1/customers/search HTTP/1.1" 500 41426 "-" "Mozilla/5.0"
192.168.4.168 - - [21/Feb/2024:14:11:35 +0900] "GET /api/v1/reports/export HTTP/1.1" 500 21956 "-" "Mozilla/5.0"
192.168.4.205 - emp006 [19/Feb/2024:05:53:03 +0900] "GET /api/v1/personal/info HTTP/1.1" 200 15819 "-" "Mozilla/5.0"
192.168.4.144 - emp002 [11/Mar/2024:02:28:26 +0900] "GET /api/v1/reports/export HTTP/1.1" 200 45146 "-" "Mozilla/5.0"
192.168.7.79 - - [08/Feb/2024:06:56:51 +0900] "GET /static/css/style.css HTTP/1.1" 200 10364 "-" "Mozilla/5.0"
192.168.4.205 - dba_user [08/Feb/2024:15:36:09 +0900] "GET /admin/users/list HTTP/1.1" 304 24284 "-" "Mozilla/5.0"
192.168.3.91 - emp008 [14/Mar/2024:15:23:46 +0900] "GET /api/v1/reports/export HTTP/1.1" 200 26343 "-" "Mozilla/5.0"
192.168.7.50 - emp009 [13/Mar/2024:18:47:56 +0900] "GET /static/css/style.css HTTP/1.1" 500 36656 "-" "Mozilla/5.0"
192.168.4.221 - emp006 [26/Feb/2024:09:17:47 +0900] "GET /api/v1/personal/info HTTP/1.1" 404 45636 "-" "Mozilla/5.0"
192.168.4.244 - - [03/Mar/2024:14:15:38 +0900] "GET /static/js/app.js HTTP/1.1" 200 42077 "-" "Mozilla/5.0"
192.168.10.51 - dba_user [07/Feb/2024:20:03:19 +0900] "GET /api/v1/reports/export HTTP/1.1" 404 2686 "-" "Mozilla/5.0"
192.168.1.226 - emp008 [02/Feb/2024:00:58:44 +0900] "GET /api/v1/personal/info HTTP/1.1" 304 32789 "-" "Mozilla/5.0"
192.168.3.91 - emp009 [13/Feb/2024:02:04:34 +0900] "POST /api/v1/customers/search HTTP/1.1" 500 35058 "-" "Mozilla/5.0"
192.168.7.79 - - [29/Feb/2024:06:10:12 +0900] "GET /api/v1/members/profile HTTP/1.1" 500 45717 "-" "Mozilla/5.0"
192.168.4.244 - emp008 [07/Feb/2024:20:21:33 +0900] "GET /api/v1/personal/info HTTP/1.1" 500 36159 "-" "Mozilla/5.0"
192.168.4.230 - - [23/Feb/2024:17:21:39 +0900] "GET /api/v1/personal/info HTTP/1.1" 200 14028 "-" "Mozilla/5.0"
192.168.4.130 - - [07/Mar/2024:08:38:10 +0900] "GET /api/v1/members/profile HTTP/1.1" 200 9833 "-" "Mozilla/5.0"
192.168.1.226 - admin01 [16/Mar/2024:19:16:37 +0900] "GET /static/js/app.js HTTP/1.1" 500 12054 "-" "Mozilla/5.0"
192.168.3.91 - - [07/Feb/2024:10:47:50 +0900] "POST /api/v1/customers/search HTTP/1.1" 500 21019 "-" "Mozilla/5.0"
192.168.10.51 - emp003 [07/Mar/2024:04:28:46 +0900] "GET /api/v1/reports/export HTTP/1.1" 200 23532 "-" "Mozilla/5.0"
192.168.10.51 - emp008 [22/Feb/2024:12:40:48 +0900] "GET /admin/users/list HTTP/1.1" 500 14120 "-" "Mozilla/5.0"
192.168.4.244 - analyst1 [08/Mar/2024:19:49:11 +0900] "GET /api/v1/customers/search HTTP/1.1" 200 42361 "-" "Mozilla/5.0"
192.168.5.8 - emp006 [20/Mar/2024:09:46:57 +0900] "GET /api/v1/members/profile HTTP/1.1" 500 773 "-" "Mozilla/5.0"
192.168.7.50 - - [03/Mar/2024:10:30:52 +0900] "GET /api/v1/personal/info HTTP/1.1" 200 38889 "-" "Mozilla/5.0"
192.168.5.8 - emp006 [18/Mar/2024:20:40:28 +0900] "GET /admin/users/list HTTP/1.1" 200 9594 "-" "Mozilla/5.0"
192.168.2.24 - admin01 [17/Feb/2024:08:17:51 +0900] "POST /api/v1/reports/export HTTP/1.1" 200 11274 "-" "Mozilla/5.0"
192.168.10.51 - - [11/Feb/2024:23:09:52 +0900] "GET /api/v1/customers/search HTTP/1.1" 200 9223 "-" "Mozilla/5.0"
192.168.7.79 - emp010 [26/Feb/2024:13:38:06 +0900] "GET /api/v1/personal/info HTTP/1.1" 200 20446 "-" "Mozilla/5.0"
192.168.7.50 - - [12/Mar/2024:17:57:44 +0900] "GET /static/js/app.js HTTP/1.1" 304 8513 "-" "Mozilla/5.0"
192.168.4.130 - emp009 [03/Feb/2024:12:15:28 +0900] "POST /api/v1/customers/search HTTP/1.1" 200 1945 "-" "Mozilla/5.0"
192.168.7.79 - - [14/Mar/2024:22:47:30 +0900] "GET /api/v1/reports/export HTTP/1.1" 200 46226 "-" "Mozilla/5.0"
192.168.8.128 - - [13/Feb/2024:14:24:38 +0900] "POST /api/v1/customers/search HTTP/1.1" 200 31152 "-" "Mozilla/5.0"
192.168.2.141 - - [17/Mar/2024:19:46:16 +0900] "GET /api/v1/members/profile HTTP/1.1" 200 41479 "-" "Mozilla/5.0"
192.168.4.168 - emp003 [17/Feb/2024:00:49:43 +0900] "GET /api/v1/reports/export HTTP/1.1" 200 11697 "-" "Mozilla/5.0"
192.168.7.50 - - [02/Feb/2024:23:40:32 +0900] "GET /api/v1/members/profile HTTP/1.1" 200 30190 "-" "Mozilla/5.0"
192.168.3.91 - - [06/Feb/2024:23:53:07 +0900] "GET /api/v1/reports/export HTTP/1.1" 200 48805 "-" "Mozilla/5.0"
192.168.10.51 - emp010 [26/Feb/2024:22:02:34 +0900] "GET /api/v1/personal/info HTTP/1.1" 200 12500 "-" "Mozilla/5.0"
192.168.5.8 - emp008 [22/Feb/2024:22:11:17 +0900] "GET /api/v1/customers/search HTTP/1.1" 200 14701 "-" "Mozilla/5.0"
192.168.2.141 - - [03/Mar/2024:00:22:30 +0900] "GET /api/v1/members/profile HTTP/1.1" 200 17310 "-" "Mozilla/5.0"
192.168.4.130 - - [13/Mar/2024:05:42:48 +0900] "GET /static/js/app.js HTTP/1.1" 200 26409 "-" "Mozilla/5.0"
192.168.4.244 - - [18/Feb/2024:08:27:07 +0900] "GET /api/v1/customers/search HTTP/1.1" 404 1113 "-" "Mozilla/5.0"
192.168.7.79 - - [03/Mar/2024:09:24:10 +0900] "POST /static/css/style.css HTTP/1.1" 200 17655 "-" "Mozilla/5.0"
192.168.4.144 - emp004 [15/Feb/2024:23:51:50 +0900] "GET /api/v1/members/profile HTTP/1.1" 200 49872 "-" "Mozilla/5.0"
192.168.8.128 - - [01/Feb/2024:21:33:23 +0900] "GET /api/v1/reports/export HTTP/1.1" 500 17541 "-" "Mozilla/5.0"
192.168.1.194 - - [27/Feb/2024:15:59:43 +0900] "GET /static/js/app.js HTTP/1.1" 500 32292 "-" "Mozilla/5.0"
192.168.3.138 - emp005 [10/Mar/2024:07:57:48 +0900] "POST /admin/users/list HTTP/1.1" 200 24816 "-" "Mozilla/5.0"
192.168.4.221 - analyst1 [26/Feb/2024:20:37:58 +0900] "GET /static/js/app.js HTTP/1.1" 200 2107 "-" "Mozilla/5.0"
192.168.1.226 - analyst1 [21/Feb/2024:16:25:53 +0900] "GET /api/v1/reports/export HTTP/1.1" 200 47346 "-" "Mozilla/5.0"
192.168.8.128 - emp002 [18/Feb/2024:23:45:45 +0900] "POST /api/v1/members/profile HTTP/1.1" 404 17913 "-" "Mozilla/5.0"
192.168.2.24 - emp010 [12/Mar/2024:15:46:47 +0900] "GET /api/v1/customers/search HTTP/1.1" 200 43935 "-" "Mozilla/5.0"
192.168.3.91 - emp005 [15/Mar/2024:16:31:38 +0900] "POST /api/v1/reports/export HTTP/1.1" 200 11597 "-" "Mozilla/5.0"
192.168.1.226 - - [23/Feb/2024:08:37:12 +0900] "GET /static/js/app.js HTTP/1.1" 200 41831 "-" "Mozilla/5.0"
192.168.4.144 - - [17/Mar/2024:08:08:17 +0900] "GET /static/js/app.js HTTP/1.1" 200 38924 "-" "Mozilla/5.0"
192.168.2.82 - emp007 [07/Mar/2024:06:28:35 +0900] "GET /api/v1/reports/export HTTP/1.1" 304 34591 "-" "Mozilla/5.0"
192.168.4.168 - emp004 [17/Feb/2024:03:20:15 +0900] "POST /api/v1/members/profile HTTP/1.1" 304 23596 "-" "Mozilla/5.0"
192.168.4.144 - - [15/Mar/2024:16:40:44 +0900] "GET /api/v1/customers/search HTTP/1.1" 304 37392 "-" "Mozilla/5.0"
192.168.1.226 - - [13/Mar/2024:23:36:58 +0900] "GET /api/v1/members/profile HTTP/1.1" 200 20031 "-" "Mozilla/5.0"
192.168.2.141 - - [10/Feb/2024:08:14:02 +0900] "GET /api/v1/reports/export HTTP/1.1" 200 5302 "-" "Mozilla/5.0"
192.168.4.205 - emp008 [26/Feb/2024:22:43:55 +0900] "GET /api/v1/members/profile HTTP/1.1" 500 28126 "-" "Mozilla/5.0"
192.168.3.138 - emp010 [05/Mar/2024:05:48:20 +0900] "GET /static/js/app.js HTTP/1.1" 200 46180 "-" "Mozilla/5.0"
192.168.1.194 - emp001 [08/Mar/2024:21:01:03 +0900] "GET /api/v1/personal/info HTTP/1.1" 200 16476 "-" "Mozilla/5.0"
192.168.10.51 - emp005 [16/Feb/2024:08:49:56 +0900] "GET /static/css/style.css HTTP/1.1" 404 11469 "-" "Mozilla/5.0"
192.168.7.50 - - [09/Mar/2024:08:54:50 +0900] "POST /api/v1/reports/export HTTP/1.1" 500 24552 "-" "Mozilla/5.0"
192.168.10.51 - emp005 [15/Feb/2024:11:11:00 +0900] "POST /static/js/app.js HTTP/1.1" 200 21534 "-" "Mozilla/5.0"
192.168.3.138 - - [29/Feb/2024:02:17:43 +0900] "GET /static/js/app.js HTTP/1.1" 200 30996 "-" "Mozilla/5.0"
192.168.4.144 - dba_user [08/Feb/2024:21:26:09 +0900] "GET /api/v1/reports/export HTTP/1.1" 404 34612 "-" "Mozilla/5.0"
192.168.4.130 - - [04/Feb/2024:03:38:56 +0900] "GET /api/v1/reports/export HTTP/1.1" 200 32403 "-" "Mozilla/5.0"
192.168.4.168 - emp007 [23/Feb/2024:13:28:50 +0900] "POST /admin/users/list HTTP/1.1" 500 30109 "-" "Mozilla/5.0"
192.168.4.130 - analyst1 [20/Mar/2024:00:37:55 +0900] "GET /api/v1/personal/info HTTP/1.1" 200 42483 "-" "Mozilla/5.0"
192.168.8.128 - - [03/Feb/2024:06:09:51 +0900] "GET /static/js/app.js HTTP/1.1" 200 13549 "-" "Mozilla/5.0"
192.168.4.221 - emp006 [24/Feb/2024:02:58:53 +0900] "GET /admin/users/list HTTP/1.1" 404 11660 "-" "Mozilla/5.0"
192.168.4.168 - dba_user [20/Feb/2024:21:46:01 +0900] "POST /static/js/app.js HTTP/1.1" 200 24318 "-" "Mozilla/5.0"
192.168.2.82 - emp003 [29/Feb/2024:15:18:15 +0900] "GET /api/v1/members/profile HTTP/1.1" 404 41786 "-" "Mozilla/5.0"
192.168.1.194 - emp001 [12/Feb/2024:18:59:41 +0900] "GET /api/v1/customers/search HTTP/1.1" 304 38002 "-" "Mozilla/5.0"
192.168.3.91 - emp001 [07/Feb/2024:21:02:43 +0900] "GET /api/v1/customers/search HTTP/1.1" 200 10109 "-" "Mozilla/5.0"
192.168.1.194 - emp005 [25/Feb/2024:02:24:53 +0900] "GET /static/css/style.css HTTP/1.1" 404 49322 "-" "Mozilla/5.0"
192.168.1.226 - dba_user [18/Mar/2024:15:12:00 +0900] "GET /static/css/style.css HTTP/1.1" 200 30874 "-" "Mozilla/5.0"
192.168.4.230 - analyst1 [01/Mar/2024:17:49:32 +0900] "GET /api/v1/personal/info HTTP/1.1" 304 17862 "-" "Mozilla/5.0"
192.168.1.226 - emp004 [20/Mar/2024:18:57:18 +0900] "GET /api/v1/customers/search HTTP/1.1" 200 12121 "-" "Mozilla/5.0"
192.168.4.168 - - [17/Feb/2024:05:42:43 +0900] "GET /admin/users/list HTTP/1.1" 500 41067 "-" "Mozilla/5.0"
192.168.4.205 - emp007 [27/Feb/2024:21:33:42 +0900] "GET /static/js/app.js HTTP/1.1" 200 28069 "-" "Mozilla/5.0"
192.168.4.244 - emp004 [24/Feb/2024:21:33:47 +0900] "GET /admin/users/list HTTP/1.1" 500 37944 "-" "Mozilla/5.0"
192.168.7.50 - - [08/Feb/2024:07:12:23 +0900] "POST /api/v1/reports/export HTTP/1.1" 500 2792 "-" "Mozilla/5.0"
192.168.8.128 - emp005 [21/Mar/2024:01:45:58 +0900] "GET /api/v1/customers/search HTTP/1.1" 200 18496 "-" "Mozilla/5.0"
192.168.2.24 - emp009 [01/Feb/2024:19:17:15 +0900] "GET /admin/users/list HTTP/1.1" 200 5136 "-" "Mozilla/5.0"
192.168.1.226 - emp006 [21/Mar/2024:04:52:47 +0900] "GET /api/v1/personal/info HTTP/1.1" 500 9453 "-" "Mozilla/5.0"
192.168.4.244 - dba_user [17/Mar/2024:12:32:14 +0900] "GET /static/css/style.css HTTP/1.1" 200 7279 "-" "Mozilla/5.0"
192.168.4.244 - emp010 [08/Feb/2024:13:46:49 +0900] "POST /static/css/style.css HTTP/1.1" 404 33151 "-" "Mozilla/5.0"
192.168.2.225 - admin01 [11/Mar/2024:14:16:43 +0900] "GET /api/v1/members/profile HTTP/1.1" 200 36100 "-" "Mozilla/5.0"
192.168.4.168 - - [01/Mar/2024:02:25:55 +0900] "GET /static/css/style.css HTTP/1.1" 304 42806 "-" "Mozilla/5.0"
192.168.4.221 - - [13/Mar/2024:05:19:58 +0900] "GET /admin/users/list HTTP/1.1" 200 16541 "-" "Mozilla/5.0"
192.168.7.79 - emp008 [20/Mar/2024:03:38:06 +0900] "GET /api/v1/personal/info HTTP/1.1" 200 13842 "-" "Mozilla/5.0"
192.168.3.138 - dba_user [27/Feb/2024:15:19:38 +0900] "GET /api/v1/personal/info HTTP/1.1" 404 2862 "-" "Mozilla/5.0"
192.168.7.79 - - [29/Feb/2024:12:41:10 +0900] "POST /api/v1/members/profile HTTP/1.1" 200 9864 "-" "Mozilla/5.0"
192.168.2.24 - emp005 [08/Mar/2024:22:17:21 +0900] "POST /static/js/app.js HTTP/1.1" 200 39575 "-" "Mozilla/5.0"
192.168.2.82 - analyst1 [16/Feb/2024:06:39:03 +0900] "POST /api/v1/members/profile HTTP/1.1" 500 23658 "-" "Mozilla/5.0"
192.168.4.244 - admin01 [15/Mar/2024:07:35:42 +0900] "GET /static/js/app.js HTTP/1.1" 200 37924 "-" "Mozilla/5.0"
192.168.3.91 - dba_user [11/Mar/2024:22:26:55 +0900] "POST /api/v1/reports/export HTTP/1.1" 304 35984 "-" "Mozilla/5.0"
192.168.4.221 - admin01 [17/Feb/2024:11:00:26 +0900] "GET /api/v1/customers/search HTTP/1.1" 404 30326 "-" "Mozilla/5.0"
192.168.1.194 - - [24/Feb/2024:16:57:35 +0900] "POST /static/css/style.css HTTP/1.1" 200 30917 "-" "Mozilla/5.0"
192.168.1.194 - - [18/Mar/2024:13:59:20 +0900] "GET /static/css/style.css HTTP/1.1" 200 23449 "-" "Mozilla/5.0"
192.168.2.24 - - [15/Feb/2024:14:55:30 +0900] "GET /api/v1/customers/search?phone=02-345-6789&user=- HTTP/1.1" 304 32815 "-" "Mozilla/5.0"
192.168.10.51 - emp006 [25/Feb/2024:20:34:02 +0900] "GET /api/v1/customers/search HTTP/1.1" 500 24357 "-" "Mozilla/5.0"
192.168.4.144 - admin01 [12/Feb/2024:18:29:46 +0900] "GET /api/v1/reports/export HTTP/1.1" 200 269 "-" "Mozilla/5.0"
192.168.4.230 - emp009 [11/Mar/2024:02:55:49 +0900] "GET /static/js/app.js HTTP/1.1" 200 3787 "-" "Mozilla/5.0"
192.168.4.130 - - [15/Feb/2024:03:32:53 +0900] "POST /api/v1/personal/info HTTP/1.1" 304 3693 "-" "Mozilla/5.0"
192.168.2.82 - dba_user [25/Feb/2024:00:55:43 +0900] "GET /api/v1/personal/info HTTP/1.1" 304 29737 "-" "Mozilla/5.0"
192.168.4.144 - emp003 [21/Mar/2024:18:33:43 +0900] "GET /api/v1/members/profile HTTP/1.1" 200 11948 "-" "Mozilla/5.0"
192.168.1.226 - emp007 [22/Feb/2024:13:31:37 +0900] "GET /admin/users/list HTTP/1.1" 304 36284 "-" "Mozilla/5.0"
192.168.7.79 - emp001 [11/Feb/2024:06:34:05 +0900] "GET /api/v1/customers/search HTTP/1.1" 500 26361 "-" "Mozilla/5.0"
192.168.7.50 - - [06/Mar/2024:09:02:38 +0900] "POST /api/v1/members/profile HTTP/1.1" 200 21573 "-" "Mozilla/5.0"
192.168.4.221 - - [03/Mar/2024:16:21:39 +0900] "POST /api/v1/customers/search HTTP/1.1" 200 40566 "-" "Mozilla/5.0"
192.168.2.141 - emp003 [09/Feb/2024:20:32:22 +0900] "GET /api/v1/personal/info HTTP/1.1" 200 4635 "-" "Mozilla/5.0"
192.168.5.8 - - [04/Feb/2024:23:27:47 +0900] "GET /api/v1/personal/info HTTP/1.1" 304 5453 "-" "Mozilla/5.0"
192.168.4.205 - - [23/Feb/2024:19:41:34 +0900] "GET /static/css/style.css HTTP/1.1" 200 7474 "-" "Mozilla/5.0"
192.168.4.130 - emp010 [09/Feb/2024:07:46:57 +0900] "POST /api/v1/customers/search HTTP/1.1" 200 3544 "-" "Mozilla/5.0"
192.168.4.205 - emp005 [12/Feb/2024:00:58:11 +0900] "GET /static/js/app.js HTTP/1.1" 304 45332 "-" "Mozilla/5.0"
192.168.4.230 - emp009 [20/Feb/2024:07:24:36 +0900] "GET /api/v1/personal/info HTTP/1.1" 404 3769 "-" "Mozilla/5.0"
192.168.2.141 - - [23/Feb/2024:11:39:37 +0900] "GET /api/v1/members/profile HTTP/1.1" 304 4958 "-" "Mozilla/5.0"
192.168.3.91 - emp009 [05/Feb/2024:14:42:40 +0900] "GET /static/js/app.js HTTP/1.1" 200 30155 "-" "Mozilla/5.0"
192.168.4.130 - - [04/Mar/2024:00:01:07 +0900] "POST /static/js/app.js HTTP/1.1" 200 19587 "-" "Mozilla/5.0"
192.168.1.194 - - [20/Feb/2024:21:04:39 +0900] "GET /api/v1/members/profile HTTP/1.1" 200 21685 "-" "Mozilla/5.0"
192.168.10.51 - emp007 [06/Feb/2024:12:56:04 +0900] "GET /api/v1/customers/search HTTP/1.1" 200 42210 "-" "Mozilla/5.0"
192.168.5.8 - emp006 [20/Mar/2024:18:09:10 +0900] "GET /api/v1/members/profile HTTP/1.1" 200 14555 "-" "Mozilla/5.0"
192.168.4.130 - analyst1 [04/Feb/2024:01:45:46 +0900] "GET /api/v1/reports/export HTTP/1.1" 500 4351 "-" "Mozilla/5.0"
192.168.1.226 - admin01 [02/Mar/2024:14:43:50 +0900] "GET /admin/users/list HTTP/1.1" 200 43666 "-" "Mozilla/5.0"
192.168.4.144 - emp003 [03/Feb/2024:16:44:54 +0900] "GET /admin/users/list HTTP/1.1" 404 4858 "-" "Mozilla/5.0"
192.168.3.138 - emp007 [12/Mar/2024:20:09:28 +0900] "GET /static/js/app.js HTTP/1.1" 200 1303 "-" "Mozilla/5.0"
192.168.2.225 - emp004 [15/Mar/2024:15:39:41 +0900] "GET /static/css/style.css HTTP/1.1" 200 35987 "-" "Mozilla/5.0"
192.168.2.82 - emp007 [25/Feb/2024:21:31:09 +0900] "GET /api/v1/customers/search?phone=010-9876-5432&user=emp007 HTTP/1.1" 200 44759 "-" "Mozilla/5.0"
192.168.4.230 - - [17/Mar/2024:20:12:02 +0900] "POST /api/v1/members/profile HTTP/1.1" 304 3612 "-" "Mozilla/5.0"
192.168.4.205 - emp009 [28/Feb/2024:00:50:58 +0900] "GET /api/v1/customers/search HTTP/1.1" 200 39042 "-" "Mozilla/5.0"
192.168.5.8 - - [07/Feb/2024:23:00:16 +0900] "POST /static/css/style.css HTTP/1.1" 404 38113 "-" "Mozilla/5.0"
192.168.1.194 - - [10/Mar/2024:13:58:03 +0900] "GET /admin/users/list HTTP/1.1" 200 46337 "-" "Mozilla/5.0"
192.168.8.128 - emp009 [06/Feb/2024:20:45:21 +0900] "GET /api/v1/customers/search HTTP/1.1" 200 13509 "-" "Mozilla/5.0"
192.168.4.221 - emp007 [20/Mar/2024:08:46:40 +0900] "GET /api/v1/members/profile HTTP/1.1" 500 47734 "-" "Mozilla/5.0"
192.168.4.130 - emp007 [28/Feb/2024:11:01:42 +0900] "GET /api/v1/members/profile HTTP/1.1" 200 6714 "-" "Mozilla/5.0"
192.168.2.24 - - [05/Feb/2024:15:39:13 +0900] "GET /admin/users/list HTTP/1.1" 200 2712 "-" "Mozilla/5.0"
192.168.7.50 - emp004 [27/Feb/2024:22:21:46 +0900] "GET /api/v1/members/profile HTTP/1.1" 404 23080 "-" "Mozilla/5.0"
192.168.3.91 - - [24/Feb/2024:11:35:50 +0900] "GET /api/v1/personal/info HTTP/1.1" 500 9960 "-" "Mozilla/5.0"
192.168.4.144 - emp007 [22/Feb/2024:18:03:41 +0900] "GET /static/css/style.css HTTP/1.1" 200 688 "-" "Mozilla/5.0"
192.168.2.225 - emp006 [24/Feb/2024:21:05:49 +0900] "POST /api/v1/reports/export HTTP/1.1" 404 18217 "-" "Mozilla/5.0"
192.168.4.205 - emp006 [13/Mar/2024:04:10:33 +0900] "GET /api/v1/members/profile HTTP/1.1" 404 22141 "-" "Mozilla/5.0"
192.168.7.50 - emp009 [01/Mar/2024:21:43:25 +0900] "GET /api/v1/customers/search HTTP/1.1" 200 49700 "-" "Mozilla/5.0"
192.168.8.128 - admin01 [05/Feb/2024:18:31:21 +0900] "POST /api/v1/reports/export HTTP/1.1" 404 45667 "-" "Mozilla/5.0"
192.168.4.221 - emp001 [05/Mar/2024:16:40:45 +0900] "POST /api/v1/customers/search HTTP/1.1" 304 19729 "-" "Mozilla/5.0"
192.168.8.128 - admin01 [17/Mar/2024:06:13:53 +0900] "POST /static/css/style.css HTTP/1.1" 404 1463 "-" "Mozilla/5.0"
192.168.4.230 - - [11/Mar/2024:06:24:37 +0900] "GET /static/js/app.js HTTP/1.1" 200 37705 "-" "Mozilla/5.0"
192.168.2.24 - emp004 [23/Feb/2024:17:38:08 +0900] "POST /api/v1/personal/info HTTP/1.1" 200 44364 "-" "Mozilla/5.0"
192.168.7.79 - emp008 [10/Mar/2024:07:23:29 +0900] "GET /api/v1/customers/search HTTP/1.1" 404 16196 "-" "Mozilla/5.0"
192.168.2.82 - emp010 [20/Mar/2024:15:44:31 +0900] "GET /api/v1/personal/info HTTP/1.1" 200 2816 "-" "Mozilla/5.0"
192.168.4.130 - emp008 [19/Feb/2024:15:28:15 +0900] "GET /api/v1/reports/export HTTP/1.1" 200 23285 "-" "Mozilla/5.0"
192.168.2.141 - emp003 [15/Mar/2024:18:39:25 +0900] "POST /api/v1/personal/info HTTP/1.1" 200 3282 "-" "Mozilla/5.0"
192.168.3.138 - emp001 [28/Feb/2024:22:25:14 +0900] "GET /api/v1/reports/export HTTP/1.1" 200 49713 "-" "Mozilla/5.0"
192.168.4.230 - emp006 [06/Mar/2024:10:40:48 +0900] "POST /static/css/style.css HTTP/1.1" 200 31081 "-" "Mozilla/5.0"
192.168.7.79 - emp009 [11/Feb/2024:11:23:25 +0900] "GET /admin/users/list HTTP/1.1" 404 38111 "-" "Mozilla/5.0"
192.168.7.79 - - [08/Mar/2024:22:40:22 +0900] "GET /api/v1/members/profile HTTP/1.1" 304 28322 "-" "Mozilla/5.0"
192.168.3.138 - - [13/Mar/2024:10:32:59 +0900] "GET /api/v1/reports/export HTTP/1.1" 304 26892 "-" "Mozilla/5.0"
192.168.3.91 - - [21/Feb/2024:22:59:52 +0900] "POST /api/v1/reports/export HTTP/1.1" 200 38914 "-" "Mozilla/5.0"
192.168.4.144 - analyst1 [16/Feb/2024:13:09:15 +0900] "GET /admin/users/list HTTP/1.1" 200 34470 "-" "Mozilla/5.0"
192.168.10.51 - emp006 [08/Mar/2024:06:10:31 +0900] "GET /api/v1/reports/export HTTP/1.1" 200 17466 "-" "Mozilla/5.0"
192.168.2.225 - analyst1 [10/Feb/2024:20:40:28 +0900] "GET /static/js/app.js HTTP/1.1" 404 46904 "-" "Mozilla/5.0"
192.168.2.82 - emp010 [25/Feb/2024:09:52:28 +0900] "GET /api/v1/reports/export HTTP/1.1" 500 22850 "-" "Mozilla/5.0"
192.168.7.50 - emp003 [20/Feb/2024:18:00:14 +0900] "GET /api/v1/members/profile HTTP/1.1" 304 14118 "-" "Mozilla/5.0"
192.168.2.24 - emp008 [15/Feb/2024:01:37:38 +0900] "GET /api/v1/personal/info HTTP/1.1" 404 16005 "-" "Mozilla/5.0"
192.168.8.128 - - [27/Feb/2024:16:55:43 +0900] "GET /api/v1/personal/info HTTP/1.1" 404 12972 "-" "Mozilla/5.0"
192.168.2.24 - emp001 [24/Feb/2024:20:06:23 +0900] "GET /api/v1/reports/export HTTP/1.1" 500 43931 "-" "Mozilla/5.0"
192.168.7.50 - dba_user [09/Feb/2024:03:13:03 +0900] "GET /static/js/app.js HTTP/1.1" 304 23106 "-" "Mozilla/5.0"
192.168.2.24 - - [11/Feb/2024:23:54:19 +0900] "GET /static/js/app.js HTTP/1.1" 500 10762 "-" "Mozilla/5.0"
192.168.4.205 - - [27/Feb/2024:01:33:16 +0900] "POST /api/v1/customers/search HTTP/1.1" 304 20814 "-" "Mozilla/5.0"
192.168.4.221 - - [05/Feb/2024:04:49:07 +0900] "GET /api/v1/customers/search HTTP/1.1" 200 35400 "-" "Mozilla/5.0"
192.168.1.194 - dba_user [26/Feb/2024:23:13:48 +0900] "GET /admin/users/list HTTP/1.1" 500 21184 "-" "Mozilla/5.0"
192.168.5.8 - emp003 [22/Feb/2024:04:35:40 +0900] "GET /api/v1/members/profile HTTP/1.1" 304 32547 "-" "Mozilla/5.0"
192.168.4.168 - - [24/Feb/2024:06:48:48 +0900] "POST /api/v1/personal/info HTTP/1.1" 200 18358 "-" "Mozilla/5.0"
192.168.4.221 - emp006 [25/Feb/2024:21:11:33 +0900] "GET /api/v1/personal/info HTTP/1.1" 500 13207 "-" "Mozilla/5.0"
192.168.3.91 - - [10/Mar/2024:11:43:27 +0900] "GET /api/v1/personal/info HTTP/1.1" 404 47012 "-" "Mozilla/5.0"
192.168.1.194 - analyst1 [14/Mar/2024:09:47:29 +0900] "GET /static/css/style.css HTTP/1.1" 500 39375 "-" "Mozilla/5.0"
192.168.2.225 - dba_user [01/Feb/2024:12:18:23 +0900] "GET /api/v1/members/profile HTTP/1.1" 200 24471 "-" "Mozilla/5.0"
192.168.4.130 - emp007 [09/Mar/2024:07:41:23 +0900] "GET /api/v1/reports/export HTTP/1.1" 200 9927 "-" "Mozilla/5.0"
192.168.2.82 - emp007 [19/Mar/2024:15:22:02 +0900] "GET /admin/users/list HTTP/1.1" 200 9254 "-" "Mozilla/5.0"
192.168.5.8 - - [08/Mar/2024:09:54:26 +0900] "POST /api/v1/personal/info HTTP/1.1" 404 35549 "-" "Mozilla/5.0"
192.168.10.51 - emp009 [24/Feb/2024:13:58:02 +0900] "GET /api/v1/reports/export HTTP/1.1" 304 20750 "-" "Mozilla/5.0"
192.168.5.8 - analyst1 [06/Feb/2024:05:59:56 +0900] "GET /api/v1/personal/info HTTP/1.1" 500 6507 "-" "Mozilla/5.0"
192.168.4.244 - emp007 [13/Feb/2024:10:29:01 +0900] "GET /static/css/style.css HTTP/1.1" 200 23438 "-" "Mozilla/5.0"
192.168.1.226 - emp008 [27/Feb/2024:12:14:24 +0900] "POST /static/js/app.js HTTP/1.1" 404 16855 "-" "Mozilla/5.0"
192.168.2.24 - admin01 [29/Feb/2024:08:28:24 +0900] "POST /api/v1/customers/search?phone=010-5555-1234&user=admin01 HTTP/1.1" 200 21411 "-" "Mozilla/5.0"
192.168.2.225 - - [15/Feb/2024:21:50:02 +0900] "GET /api/v1/members/profile HTTP/1.1" 200 39999 "-" "Mozilla/5.0"
192.168.4.144 - dba_user [18/Feb/2024:21:16:02 +0900] "GET /static/js/app.js HTTP/1.1" 200 30880 "-" "Mozilla/5.0"
192.168.2.225 - emp002 [22/Feb/2024:11:41:07 +0900] "GET /static/js/app.js HTTP/1.1" 200 45463 "-" "Mozilla/5.0"
192.168.4.205 - analyst1 [10/Feb/2024:00:18:32 +0900] "GET /api/v1/customers/search HTTP/1.1" 200 45712 "-" "Mozilla/5.0"
192.168.1.226 - admin01 [09/Mar/2024:09:23:11 +0900] "GET /static/js/app.js HTTP/1.1" 200 14969 "-" "Mozilla/5.0"
192.168.7.79 - emp004 [15/Mar/2024:21:57:46 +0900] "GET /static/css/style.css HTTP/1.1" 200 18694 "-" "Mozilla/5.0"
192.168.8.128 - emp002 [12/Feb/2024:10:42:58 +0900] "GET /api/v1/members/profile HTTP/1.1" 200 18121 "-" "Mozilla/5.0"
192.168.5.8 - - [07/Mar/2024:13:19:54 +0900] "POST /api/v1/reports/export HTTP/1.1" 200 29888 "-" "Mozilla/5.0"
192.168.7.50 - emp009 [05/Mar/2024:19:49:48 +0900] "GET /admin/users/list HTTP/1.1" 200 38899 "-" "Mozilla/5.0"
192.168.7.50 - - [19/Mar/2024:14:32:21 +0900] "GET /api/v1/customers/search HTTP/1.1" 200 30688 "-" "Mozilla/5.0"
192.168.4.244 - emp004 [26/Feb/2024:00:56:34 +0900] "GET /api/v1/members/profile HTTP/1.1" 200 1256 "-" "Mozilla/5.0"
192.168.4.205 - emp002 [14/Feb/2024:07:19:43 +0900] "GET /api/v1/personal/info HTTP/1.1" 200 16058 "-" "Mozilla/5.0"
192.168.10.51 - emp009 [14/Feb/2024:04:55:20 +0900] "GET /api/v1/members/profile HTTP/1.1" 200 38135 "-" "Mozilla/5.0"
192.168.2.82 - admin01 [13/Feb/2024:04:07:28 +0900] "GET /admin/users/list HTTP/1.1" 304 33023 "-" "Mozilla/5.0"
192.168.7.79 - - [18/Feb/2024:04:42:34 +0900] "GET /static/css/style.css HTTP/1.1" 304 38141 "-" "Mozilla/5.0"
192.168.4.244 - emp005 [02/Mar/2024:16:58:46 +0900] "GET /api/v1/customers/search HTTP/1.1" 200 16536 "-" "Mozilla/5.0"
192.168.2.24 - - [22/Feb/2024:14:00:10 +0900] "GET /api/v1/customers/search HTTP/1.1" 200 24409 "-" "Mozilla/5.0"
192.168.4.221 - emp006 [08/Mar/2024:22:07:56 +0900] "GET /api/v1/customers/search HTTP/1.1" 200 12365 "-" "Mozilla/5.0"
192.168.1.194 - - [13/Mar/2024:16:23:30 +0900] "GET /static/css/style.css HTTP/1.1" 200 26186 "-" "Mozilla/5.0"
192.168.2.225 - - [20/Mar/2024:22:44:26 +0900] "GET /api/v1/members/profile HTTP/1.1" 200 27147 "-" "Mozilla/5.0"
192.168.4.230 - emp003 [13/Feb/2024:13:57:26 +0900] "POST /api/v1/members/profile HTTP/1.1" 404 36936 "-" "Mozilla/5.0"
192.168.10.51 - - [16/Feb/2024:12:42:45 +0900] "GET /static/css/style.css HTTP/1.1" 200 19993 "-" "Mozilla/5.0"
192.168.4.244 - - [23/Feb/2024:00:35:09 +0900] "GET /api/v1/customers/search HTTP/1.1" 200 43084 "-" "Mozilla/5.0"
192.168.4.244 - - [21/Mar/2024:20:33:40 +0900] "GET /static/js/app.js HTTP/1.1" 200 39458 "-" "Mozilla/5.0"
192.168.1.226 - - [15/Mar/2024:22:22:05 +0900] "GET /api/v1/personal/info HTTP/1.1" 200 4386 "-" "Mozilla/5.0"
192.168.4.221 - emp008 [19/Feb/2024:20:00:02 +0900] "POST /static/js/app.js HTTP/1.1" 404 4903 "-" "Mozilla/5.0"
192.168.3.138 - admin01 [16/Mar/2024:18:09:57 +0900] "GET /api/v1/members/profile HTTP/1.1" 200 29920 "-" "Mozilla/5.0"
192.168.7.79 - emp009 [04/Feb/2024:08:40:26 +0900] "GET /api/v1/personal/info HTTP/1.1" 200 16285 "-" "Mozilla/5.0"
192.168.4.168 - emp008 [21/Feb/2024:02:17:40 +0900] "POST /api/v1/reports/export HTTP/1.1" 404 9997 "-" "Mozilla/5.0"
192.168.5.8 - - [01/Mar/2024:20:59:46 +0900] "GET /api/v1/members/profile HTTP/1.1" 500 49870 "-" "Mozilla/5.0"
192.168.4.230 - - [19/Feb/2024:08:06:39 +0900] "GET /admin/users/list HTTP/1.1" 500 12987 "-" "Mozilla/5.0"
192.168.4.221 - - [12/Mar/2024:01:28:04 +0900] "GET /api/v1/members/profile HTTP/1.1" 500 38074 "-" "Mozilla/5.0"
192.168.2.82 - - [12/Feb/2024:10:15:35 +0900] "GET /static/css/style.css HTTP/1.1" 304 16535 "-" "Mozilla/5.0"
192.168.3.91 - admin01 [17/Mar/2024:03:14:01 +0900] "GET /api/v1/reports/export HTTP/1.1" 200 34976 "-" "Mozilla/5.0"
192.168.4.244 - emp004 [14/Feb/2024:21:04:37 +0900] "GET /admin/users/list HTTP/1.1" 200 11550 "-" "Mozilla/5.0"
192.168.3.138 - emp006 [02/Feb/2024:05:16:01 +0900] "GET /api/v1/members/profile HTTP/1.1" 200 13215 "-" "Mozilla/5.0"
192.168.2.141 - - [12/Feb/2024:05:37:52 +0900] "POST /static/css/style.css HTTP/1.1" 404 38749 "-" "Mozilla/5.0"
192.168.2.141 - analyst1 [24/Feb/2024:10:23:52 +0900] "GET /api/v1/members/profile HTTP/1.1" 404 32223 "-" "Mozilla/5.0"
192.168.8.128 - emp008 [11/Feb/2024:19:33:41 +0900] "GET /api/v1/reports/export HTTP/1.1" 500 9759 "-" "Mozilla/5.0"
192.168.4.221 - emp007 [15/Feb/2024:20:12:41 +0900] "GET /static/css/style.css HTTP/1.1" 304 49543 "-" "Mozilla/5.0"
192.168.2.225 - admin01 [17/Mar/2024:08:59:25 +0900] "GET /api/v1/members/profile HTTP/1.1" 200 43455 "-" "Mozilla/5.0"
192.168.4.244 - emp002 [27/Feb/2024:02:07:10 +0900] "GET /api/v1/members/profile HTTP/1.1" 404 24523 "-" "Mozilla/5.0"
192.168.5.8 - emp005 [12/Feb/2024:23:29:02 +0900] "GET /api/v1/members/profile HTTP/1.1" 500 31694 "-" "Mozilla/5.0"
192.168.3.91 - emp003 [03/Feb/2024:09:16:18 +0900] "GET /admin/users/list HTTP/1.1" 200 26717 "-" "Mozilla/5.0"
192.168.2.225 - dba_user [18/Feb/2024:06:42:11 +0900] "GET /api/v1/personal/info HTTP/1.1" 500 44398 "-" "Mozilla/5.0"
192.168.4.205 - - [09/Mar/2024:22:51:28 +0900] "GET /api/v1/members/profile HTTP/1.1" 200 29593 "-" "Mozilla/5.0"
192.168.5.8 - - [26/Feb/2024:08:51:54 +0900] "GET /api/v1/personal/info HTTP/1.1" 500 44695 "-" "Mozilla/5.0"
192.168.7.79 - emp003 [08/Feb/2024:14:44:43 +0900] "GET /api/v1/members/profile HTTP/1.1" 500 44306 "-" "Mozilla/5.0"
192.168.8.128 - admin01 [03/Mar/2024:14:49:27 +0900] "GET /api/v1/personal/info HTTP/1.1" 200 36896 "-" "Mozilla/5.0"
192.168.7.50 - - [19/Feb/2024:10:50:42 +0900] "GET /api/v1/personal/info HTTP/1.1" 200 15926 "-" "Mozilla/5.0"
192.168.2.24 - emp002 [06/Mar/2024:06:04:14 +0900] "GET /static/css/style.css HTTP/1.1" 200 2555 "-" "Mozilla/5.0"
192.168.4.221 - - [04/Feb/2024:03:32:00 +0900] "GET /api/v1/personal/info HTTP/1.1" 304 29852 "-" "Mozilla/5.0"
192.168.8.128 - - [07/Feb/2024:14:53:43 +0900] "GET /api/v1/reports/export HTTP/1.1" 500 38008 "-" "Mozilla/5.0"
192.168.7.50 - analyst1 [01/Feb/2024:02:47:45 +0900] "GET /api/v1/personal/info HTTP/1.1" 200 35522 "-" "Mozilla/5.0"
192.168.1.194 - emp009 [20/Mar/2024:08:06:43 +0900] "GET /static/css/style.css HTTP/1.1" 404 20199 "-" "Mozilla/5.0"
192.168.7.79 - - [29/Feb/2024:02:47:12 +0900] "POST /api/v1/reports/export HTTP/1.1" 200 20344 "-" "Mozilla/5.0"
192.168.3.91 - emp008 [02/Feb/2024:17:14:07 +0900] "GET /api/v1/reports/export HTTP/1.1" 500 35718 "-" "Mozilla/5.0"
192.168.4.205 - admin01 [06/Mar/2024:23:21:49 +0900] "GET /admin/users/list HTTP/1.1" 200 25805 "-" "Mozilla/5.0"
192.168.4.205 - dba_user [06/Feb/2024:05:33:40 +0900] "POST /static/css/style.css HTTP/1.1" 404 285 "-" "Mozilla/5.0"
192.168.2.141 - - [18/Feb/2024:18:13:59 +0900] "POST /api/v1/customers/search HTTP/1.1" 200 14104 "-" "Mozilla/5.0"
192.168.7.50 - - [10/Feb/2024:01:46:12 +0900] "POST /static/css/style.css HTTP/1.1" 404 23846 "-" "Mozilla/5.0"
192.168.3.138 - - [12/Mar/2024:04:23:26 +0900] "GET /api/v1/personal/info HTTP/1.1" 200 34194 "-" "Mozilla/5.0"
192.168.4.144 - dba_user [15/Feb/2024:04:25:32 +0900] "GET /api/v1/customers/search HTTP/1.1" 304 33455 "-" "Mozilla/5.0"
192.168.4.221 - emp003 [15/Mar/2024:20:32:23 +0900] "GET /api/v1/members/profile HTTP/1.1" 200 38305 "-" "Mozilla/5.0"
192.168.4.144 - emp006 [06/Mar/2024:16:28:55 +0900] "GET /admin/users/list HTTP/1.1" 200 7425 "-" "Mozilla/5.0"
192.168.4.230 - - [15/Mar/2024:23:34:31 +0900] "GET /api/v1/personal/info HTTP/1.1" 200 22802 "-" "Mozilla/5.0"
192.168.4.221 - emp007 [10/Mar/2024:00:03:49 +0900] "GET /static/css/style.css HTTP/1.1" 304 40649 "-" "Mozilla/5.0"
192.168.1.194 - emp004 [28/Feb/2024:21:20:32 +0900] "GET /api/v1/reports/export HTTP/1.1" 200 37966 "-" "Mozilla/5.0"
192.168.4.221 - emp003 [10/Feb/2024:04:34:45 +0900] "POST /api/v1/customers/search HTTP/1.1" 304 46393 "-" "Mozilla/5.0"
192.168.4.205 - - [20/Feb/2024:08:32:30 +0900] "GET /api/v1/customers/search HTTP/1.1" 200 15986 "-" "Mozilla/5.0"
192.168.10.51 - emp005 [09/Feb/2024:07:48:41 +0900] "POST /api/v1/members/profile HTTP/1.1" 404 38438 "-" "Mozilla/5.0"
192.168.4.205 - - [12/Feb/2024:18:23:17 +0900] "POST /api/v1/customers/search HTTP/1.1" 304 37858 "-" "Mozilla/5.0"
192.168.4.230 - analyst1 [17/Mar/2024:16:54:01 +0900] "GET /api/v1/members/profile HTTP/1.1" 304 17891 "-" "Mozilla/5.0"
192.168.4.144 - emp004 [05/Mar/2024:22:57:02 +0900] "POST /api/v1/members/profile HTTP/1.1" 200 35530 "-" "Mozilla/5.0"
192.168.4.168 - - [27/Feb/2024:20:37:50 +0900] "POST /api/v1/personal/info HTTP/1.1" 500 27272 "-" "Mozilla/5.0"
192.168.4.130 - emp004 [15/Feb/2024:06:44:40 +0900] "POST /api/v1/personal/info HTTP/1.1" 304 37381 "-" "Mozilla/5.0"
192.168.7.79 - emp009 [01/Mar/2024:07:11:20 +0900] "GET /api/v1/reports/export HTTP/1.1" 200 16730 "-" "Mozilla/5.0"
192.168.7.79 - emp008 [23/Feb/2024:22:34:27 +0900] "GET /api/v1/customers/search HTTP/1.1" 200 23369 "-" "Mozilla/5.0"
192.168.5.8 - emp008 [13/Mar/2024:21:51:07 +0900] "POST /api/v1/customers/search HTTP/1.1" 200 42623 "-" "Mozilla/5.0"
192.168.2.24 - - [29/Feb/2024:12:21:15 +0900] "GET /api/v1/customers/search HTTP/1.1" 200 8763 "-" "Mozilla/5.0"
192.168.4.130 - - [19/Feb/2024:19:25:44 +0900] "GET /api/v1/members/profile HTTP/1.1" 304 35792 "-" "Mozilla/5.0"
192.168.10.51 - - [07/Feb/2024:21:04:44 +0900] "GET /admin/users/list HTTP/1.1" 404 6897 "-" "Mozilla/5.0"
192.168.2.141 - admin01 [27/Feb/2024:19:33:31 +0900] "GET /api/v1/reports/export HTTP/1.1" 404 26345 "-" "Mozilla/5.0"
192.168.8.128 - emp006 [18/Feb/2024:00:42:44 +0900] "GET /api/v1/members/profile HTTP/1.1" 500 18386 "-" "Mozilla/5.0"
192.168.2.82 - emp009 [29/Feb/2024:18:45:48 +0900] "POST /api/v1/members/profile HTTP/1.1" 304 5208 "-" "Mozilla/5.0"
192.168.2.82 - dba_user [07/Mar/2024:02:23:33 +0900] "GET /static/js/app.js HTTP/1.1" 500 7259 "-" "Mozilla/5.0"
192.168.2.141 - - [27/Feb/2024:15:12:51 +0900] "POST /api/v1/members/profile HTTP/1.1" 200 20876 "-" "Mozilla/5.0"
192.168.4.130 - emp007 [07/Feb/2024:03:59:29 +0900] "GET /static/css/style.css HTTP/1.1" 500 34637 "-" "Mozilla/5.0"
192.168.4.168 - emp005 [13/Mar/2024:04:52:28 +0900] "POST /api/v1/customers/search?phone=02-345-6789&user=emp005 HTTP/1.1" 304 46692 "-" "Mozilla/5.0"
192.168.2.225 - emp003 [09/Mar/2024:06:21:28 +0900] "GET /api/v1/members/profile HTTP/1.1" 404 26280 "-" "Mozilla/5.0"
192.168.3.91 - emp008 [17/Mar/2024:18:05:00 +0900] "POST /api/v1/reports/export HTTP/1.1" 304 6779 "-" "Mozilla/5.0"
192.168.2.141 - - [15/Feb/2024:21:45:44 +0900] "GET /admin/users/list HTTP/1.1" 200 2317 "-" "Mozilla/5.0"
192.168.1.194 - - [08/Feb/2024:06:24:08 +0900] "POST /api/v1/members/profile HTTP/1.1" 500 38498 "-" "Mozilla/5.0"
192.168.4.244 - admin01 [20/Mar/2024:15:23:05 +0900] "GET /api/v1/members/profile HTTP/1.1" 304 23679 "-" "Mozilla/5.0"
192.168.2.141 - emp008 [03/Mar/2024:15:33:00 +0900] "GET /static/css/style.css HTTP/1.1" 200 47079 "-" "Mozilla/5.0"
192.168.4.168 - dba_user [27/Feb/2024:11:50:57 +0900] "GET /api/v1/personal/info HTTP/1.1" 500 35316 "-" "Mozilla/5.0"
192.168.4.144 - analyst1 [15/Feb/2024:10:19:22 +0900] "GET /admin/users/list HTTP/1.1" 200 28337 "-" "Mozilla/5.0"
192.168.2.225 - emp004 [04/Feb/2024:18:30:25 +0900] "GET /api/v1/reports/export HTTP/1.1" 500 24183 "-" "Mozilla/5.0"
192.168.4.144 - emp002 [04/Feb/2024:21:25:10 +0900] "GET /admin/users/list HTTP/1.1" 200 19462 "-" "Mozilla/5.0"
192.168.4.205 - analyst1 [09/Mar/2024:10:38:50 +0900] "POST /static/css/style.css HTTP/1.1" 200 9771 "-" "Mozilla/5.0"
192.168.4.205 - admin01 [06/Feb/2024:11:32:47 +0900] "GET /static/css/style.css HTTP/1.1" 500 11264 "-" "Mozilla/5.0"
192.168.3.91 - emp007 [03/Mar/2024:08:56:49 +0900] "GET /api/v1/members/profile HTTP/1.1" 404 39238 "-" "Mozilla/5.0"
192.168.5.8 - - [04/Mar/2024:18:34:43 +0900] "GET /api/v1/members/profile HTTP/1.1" 404 9791 "-" "Mozilla/5.0"
192.168.1.194 - emp002 [12/Feb/2024:21:05:43 +0900] "GET /api/v1/personal/info HTTP/1.1" 404 46304 "-" "Mozilla/5.0"
192.168.2.225 - analyst1 [17/Feb/2024:06:02:54 +0900] "GET /api/v1/customers/search?phone=010-1234-5678&user=analyst1 HTTP/1.1" 200 8887 "-" "Mozilla/5.0"
192.168.1.226 - emp004 [25/Feb/2024:05:32:55 +0900] "GET /api/v1/personal/info HTTP/1.1" 304 6584 "-" "Mozilla/5.0"
192.168.4.205 - emp010 [07/Feb/2024:23:43:24 +0900] "GET /api/v1/reports/export HTTP/1.1" 404 5002 "-" "Mozilla/5.0"
192.168.10.51 - admin01 [10/Mar/2024:02:48:11 +0900] "GET /api/v1/customers/search?phone=010-9876-5432&user=admin01 HTTP/1.1" 200 336 "-" "Mozilla/5.0"
192.168.7.79 - admin01 [21/Feb/2024:23:35:03 +0900] "POST /api/v1/customers/search HTTP/1.1" 304 3178 "-" "Mozilla/5.0"
192.168.4.244 - - [18/Mar/2024:03:48:11 +0900] "POST /api/v1/members/profile HTTP/1.1" 200 20284 "-" "Mozilla/5.0"
192.168.3.91 - - [13/Feb/2024:22:24:09 +0900] "GET /static/css/style.css HTTP/1.1" 404 43951 "-" "Mozilla/5.0"
192.168.2.225 - emp007 [28/Feb/2024:08:42:52 +0900] "GET /api/v1/personal/info HTTP/1.1" 404 5873 "-" "Mozilla/5.0"
192.168.3.138 - emp010 [19/Mar/2024:05:18:30 +0900] "POST /static/css/style.css HTTP/1.1" 200 49232 "-" "Mozilla/5.0"
192.168.4.130 - emp007 [10/Feb/2024:18:56:23 +0900] "GET /api/v1/reports/export HTTP/1.1" 200 7136 "-" "Mozilla/5.0"
192.168.8.128 - emp001 [14/Feb/2024:18:13:10 +0900] "GET /api/v1/personal/info HTTP/1.1" 404 46647 "-" "Mozilla/5.0"
192.168.7.79 - emp006 [19/Mar/2024:10:12:01 +0900] "POST /static/css/style.css HTTP/1.1" 200 17774 "-" "Mozilla/5.0"
192.168.5.8 - emp002 [07/Mar/2024:15:17:39 +0900] "GET /admin/users/list HTTP/1.1" 500 40940 "-" "Mozilla/5.0"
192.168.7.50 - emp010 [26/Feb/2024:23:48:27 +0900] "GET /api/v1/personal/info HTTP/1.1" 200 40678 "-" "Mozilla/5.0"
192.168.4.144 - dba_user [14/Mar/2024:00:43:23 +0900] "GET /api/v1/customers/search HTTP/1.1" 404 6096 "-" "Mozilla/5.0"
192.168.4.230 - emp010 [19/Mar/2024:13:58:15 +0900] "GET /api/v1/reports/export HTTP/1.1" 200 2782 "-" "Mozilla/5.0"
192.168.4.230 - emp005 [02/Feb/2024:15:14:29 +0900] "GET /api/v1/members/profile HTTP/1.1" 304 24742 "-" "Mozilla/5.0"
192.168.4.168 - - [08/Mar/2024:04:31:48 +0900] "POST /api/v1/personal/info HTTP/1.1" 304 27445 "-" "Mozilla/5.0"
192.168.4.130 - dba_user [20/Feb/2024:17:01:00 +0900] "POST /api/v1/personal/info HTTP/1.1" 200 14049 "-" "Mozilla/5.0"
192.168.10.51 - dba_user [05/Mar/2024:18:27:23 +0900] "POST /static/css/style.css HTTP/1.1" 404 16411 "-" "Mozilla/5.0"
192.168.10.51 - - [26/Feb/2024:16:10:49 +0900] "POST /admin/users/list HTTP/1.1" 200 23898 "-" "Mozilla/5.0"
192.168.4.130 - emp005 [07/Mar/2024:03:38:00 +0900] "POST /api/v1/personal/info HTTP/1.1" 200 3182 "-" "Mozilla/5.0"
192.168.4.230 - emp005 [09/Mar/2024:18:37:21 +0900] "GET /api/v1/personal/info HTTP/1.1" 404 6110 "-" "Mozilla/5.0"
192.168.1.194 - dba_user [21/Mar/2024:00:16:27 +0900] "GET /static/js/app.js HTTP/1.1" 200 29760 "-" "Mozilla/5.0"
192.168.8.128 - analyst1 [03/Mar/2024:17:36:46 +0900] "GET /admin/users/list HTTP/1.1" 200 312 "-" "Mozilla/5.0"
192.168.3.91 - analyst1 [19/Mar/2024:12:01:42 +0900] "GET /api/v1/members/profile HTTP/1.1" 200 24649 "-" "Mozilla/5.0"
192.168.1.194 - emp010 [16/Feb/2024:09:11:21 +0900] "GET /api/v1/reports/export HTTP/1.1" 304 12290 "-" "Mozilla/5.0"
192.168.2.225 - emp003 [29/Feb/2024:19:02:57 +0900] "GET /static/js/app.js HTTP/1.1" 500 44466 "-" "Mozilla/5.0"
192.168.2.141 - - [28/Feb/2024:05:42:00 +0900] "GET /api/v1/reports/export HTTP/1.1" 500 39772 "-" "Mozilla/5.0"
192.168.7.50 - admin01 [13/Mar/2024:06:15:07 +0900] "GET /api/v1/customers/search HTTP/1.1" 404 28492 "-" "Mozilla/5.0"
192.168.4.130 - emp004 [03/Feb/2024:19:19:56 +0900] "POST /static/css/style.css HTTP/1.1" 404 4467 "-" "Mozilla/5.0"
192.168.7.79 - - [09/Mar/2024:19:30:37 +0900] "GET /static/js/app.js HTTP/1.1" 500 436 "-" "Mozilla/5.0"
192.168.7.79 - admin01 [28/Feb/2024:23:11:56 +0900] "GET /admin/users/list HTTP/1.1" 304 35646 "-" "Mozilla/5.0"
192.168.4.205 - emp001 [11/Mar/2024:00:52:35 +0900] "GET /admin/users/list HTTP/1.1" 200 2383 "-" "Mozilla/5.0"
192.168.3.138 - - [05/Mar/2024:14:28:53 +0900] "GET /api/v1/personal/info HTTP/1.1" 304 33280 "-" "Mozilla/5.0"
192.168.2.82 - emp007 [12/Mar/2024:23:32:23 +0900] "GET /api/v1/members/profile HTTP/1.1" 500 12451 "-" "Mozilla/5.0"
192.168.10.51 - - [14/Feb/2024:20:58:50 +0900] "GET /static/js/app.js HTTP/1.1" 404 40300 "-" "Mozilla/5.0"
192.168.8.128 - emp001 [06/Mar/2024:19:05:47 +0900] "GET /api/v1/customers/search HTTP/1.1" 500 4937 "-" "Mozilla/5.0"
192.168.7.50 - - [05/Mar/2024:01:39:27 +0900] "GET /api/v1/reports/export HTTP/1.1" 200 11517 "-" "Mozilla/5.0"
192.168.2.225 - - [10/Mar/2024:18:56:06 +0900] "GET /api/v1/personal/info HTTP/1.1" 200 3745 "-" "Mozilla/5.0"
192.168.7.50 - - [06/Feb/2024:04:18:17 +0900] "GET /api/v1/members/profile HTTP/1.1" 200 32752 "-" "Mozilla/5.0"
192.168.3.138 - emp009 [16/Mar/2024:06:08:03 +0900] "POST /static/js/app.js HTTP/1.1" 200 35486 "-" "Mozilla/5.0"
192.168.4.130 - emp003 [19/Mar/2024:04:30:54 +0900] "POST /admin/users/list HTTP/1.1" 404 19089 "-" "Mozilla/5.0"
192.168.4.230 - - [07/Mar/2024:21:18:21 +0900] "POST /api/v1/customers/search HTTP/1.1" 200 12321 "-" "Mozilla/5.0"
192.168.4.244 - - [01/Mar/2024:00:21:46 +0900] "GET /static/js/app.js HTTP/1.1" 500 40293 "-" "Mozilla/5.0"
192.168.1.194 - - [08/Mar/2024:06:28:15 +0900] "POST /api/v1/customers/search HTTP/1.1" 200 27502 "-" "Mozilla/5.0"
192.168.2.24 - emp010 [21/Feb/2024:13:36:23 +0900] "GET /static/js/app.js HTTP/1.1" 200 41731 "-" "Mozilla/5.0"
192.168.4.230 - - [04/Mar/2024:02:23:03 +0900] "GET /api/v1/reports/export HTTP/1.1" 200 27221 "-" "Mozilla/5.0"
192.168.5.8 - emp002 [12/Feb/2024:10:55:12 +0900] "GET /static/js/app.js HTTP/1.1" 200 24508 "-" "Mozilla/5.0"
192.168.4.244 - dba_user [04/Feb/2024:12:56:54 +0900] "GET /static/css/style.css HTTP/1.1" 200 42331 "-" "Mozilla/5.0"
192.168.7.79 - emp008 [14/Feb/2024:11:54:19 +0900] "GET /api/v1/personal/info HTTP/1.1" 500 18559 "-" "Mozilla/5.0"
192.168.2.82 - - [16/Mar/2024:10:25:39 +0900] "GET /api/v1/customers/search HTTP/1.1" 404 16933 "-" "Mozilla/5.0"
192.168.4.168 - - [11/Mar/2024:02:48:44 +0900] "POST /api/v1/customers/search HTTP/1.1" 200 4281 "-" "Mozilla/5.0"
192.168.4.168 - admin01 [20/Feb/2024:15:11:56 +0900] "GET /api/v1/members/profile HTTP/1.1" 500 8946 "-" "Mozilla/5.0"
192.168.10.51 - emp005 [29/Feb/2024:18:52:45 +0900] "POST /api/v1/personal/info HTTP/1.1" 500 23853 "-" "Mozilla/5.0"
192.168.2.141 - emp007 [06/Mar/2024:20:46:05 +0900] "GET /static/js/app.js HTTP/1.1" 200 14463 "-" "Mozilla/5.0"
192.168.5.8 - emp007 [13/Mar/2024:11:20:00 +0900] "GET /api/v1/customers/search HTTP/1.1" 200 23877 "-" "Mozilla/5.0"
192.168.4.230 - - [09/Mar/2024:16:15:57 +0900] "POST /api/v1/customers/search HTTP/1.1" 404 19966 "-" "Mozilla/5.0"
192.168.1.226 - emp007 [05/Feb/2024:14:44:14 +0900] "GET /api/v1/reports/export HTTP/1.1" 200 40576 "-" "Mozilla/5.0"
192.168.4.144 - emp003 [20/Mar/2024:03:50:05 +0900] "GET /static/js/app.js HTTP/1.1" 500 18802 "-" "Mozilla/5.0"
192.168.8.128 - - [08/Feb/2024:12:16:15 +0900] "POST /api/v1/customers/search HTTP/1.1" 200 41590 "-" "Mozilla/5.0"
192.168.1.226 - dba_user [15/Feb/2024:22:10:49 +0900] "GET /static/css/style.css HTTP/1.1" 200 18677 "-" "Mozilla/5.0"
192.168.1.194 - - [12/Feb/2024:15:00:31 +0900] "GET /static/js/app.js HTTP/1.1" 200 32246 "-" "Mozilla/5.0"
192.168.1.194 - emp002 [18/Feb/2024:17:25:09 +0900] "GET /static/css/style.css HTTP/1.1" 404 45059 "-" "Mozilla/5.0"
192.168.4.230 - admin01 [07/Mar/2024:23:32:51 +0900] "GET /admin/users/list HTTP/1.1" 200 6139 "-" "Mozilla/5.0"
192.168.2.141 - emp008 [13/Feb/2024:01:16:46 +0900] "GET /api/v1/personal/info HTTP/1.1" 200 49005 "-" "Mozilla/5.0"
192.168.4.205 - emp010 [06/Mar/2024:08:44:49 +0900] "POST /api/v1/members/profile HTTP/1.1" 304 23723 "-" "Mozilla/5.0"
192.168.7.50 - emp010 [12/Feb/2024:05:22:27 +0900] "POST /api/v1/customers/search HTTP/1.1" 404 32783 "-" "Mozilla/5.0"
192.168.4.221 - emp003 [09/Feb/2024:00:30:46 +0900] "GET /static/js/app.js HTTP/1.1" 200 23848 "-" "Mozilla/5.0"
192.168.3.138 - emp002 [06/Mar/2024:13:15:18 +0900] "POST /api/v1/reports/export HTTP/1.1" 500 39612 "-" "Mozilla/5.0"
192.168.4.244 - admin01 [16/Feb/2024:12:54:29 +0900] "GET /admin/users/list HTTP/1.1" 200 48578 "-" "Mozilla/5.0"
192.168.1.194 - - [25/Feb/2024:12:56:37 +0900] "GET /api/v1/members/profile HTTP/1.1" 200 9027 "-" "Mozilla/5.0"
192.168.4.130 - emp009 [17/Feb/2024:17:15:26 +0900] "POST /api/v1/customers/search HTTP/1.1" 200 14981 "-" "Mozilla/5.0"
192.168.2.24 - - [18/Feb/2024:23:34:00 +0900] "GET /api/v1/customers/search HTTP/1.1" 200 22985 "-" "Mozilla/5.0"
192.168.4.168 - - [01/Mar/2024:11:53:00 +0900] "GET /api/v1/members/profile HTTP/1.1" 404 11567 "-" "Mozilla/5.0"
192.168.3.91 - emp001 [24/Feb/2024:08:21:16 +0900] "GET /api/v1/customers/search HTTP/1.1" 500 29024 "-" "Mozilla/5.0"
192.168.4.168 - - [06/Mar/2024:12:14:04 +0900] "GET /static/js/app.js HTTP/1.1" 200 46993 "-" "Mozilla/5.0"
192.168.4.230 - - [20/Mar/2024:23:25:03 +0900] "GET /admin/users/list HTTP/1.1" 500 19710 "-" "Mozilla/5.0"
192.168.2.225 - analyst1 [16/Mar/2024:10:20:49 +0900] "GET /api/v1/members/profile HTTP/1.1" 404 21801 "-" "Mozilla/5.0"
192.168.7.79 - emp002 [17/Mar/2024:15:10:08 +0900] "GET /api/v1/customers/search HTTP/1.1" 404 35344 "-" "Mozilla/5.0"
192.168.4.130 - emp007 [08/Feb/2024:18:10:10 +0900] "GET /api/v1/personal/info HTTP/1.1" 404 42871 "-" "Mozilla/5.0"
192.168.4.144 - admin01 [02/Feb/2024:13:48:41 +0900] "GET /api/v1/customers/search HTTP/1.1" 404 46579 "-" "Mozilla/5.0"
