192.168.4.144 - emp009 [02/Feb/2024:23:06:23 +0900] "GET /api/v1/personal/info HTTP/1.1" 200 2497 "-" "Mozilla/5.0"
192.168.10.51 - emp007 [29/Feb/2024:20:00:00 +0900] "GET /api/v1/personal/info HTTP/1.1" 500 5565 "-" "Mozilla/5.0"
192.168.4.244 - emp003 [11/Mar/2024:14:49:41 +0900] "GET /api/v1/customers/search HTTP/1.1" 200 23209 "-" "Mozilla/5.0"
192.168.5.8 - emp003 [15/Mar/2024:05:46:21 +0900] "GET /api/v1/reports/export HTTP/1.1" 404 22867 "-" "Mozilla/5.0"
192.168.4.244 - emp005 [02/Feb/2024:18:30:55 +0900] "GET /admin/users/list HTTP/1.1" 404 47025 "-" "Mozilla/5.0"
192.168.8.128 - emp005 [26/Feb/2024:21:35:32 +0900] "GET /admin/users/list HTTP/1.1" 200 8333 "-" "Mozilla/5.0"
192.168.4.144 - emp003 [04/Feb/2024:14:43:08 +0900] "GET /api/v1/customers/search HTTP/1.1" 500 44664 "-" "Mozilla/5.0"
192.168.4.244 - - [01/Mar/2024:11:36:04 +0900] "GET /static/js/app.js HTTP/1.1" 500 45875 "-" "Mozilla/5.0"
192.168.1.194 - admin01 [07/Feb/2024:13:49:58 +0900] "GET /api/v1/customers/search HTTP/1.1" 200 4021 "-" "Mozilla/5.0"
192.168.4.144 - emp001 [18/Feb/2024:11:45:49 +0900] "GET /admin/users/list HTTP/1.1" 200 47516 "-" "Mozilla/5.0"
192.168.1.194 - - [27/Feb/2024:22:18:41 +0900] "GET /admin/users/list HTTP/1.1" 304 44696 "-" "Mozilla/5.0"
192.168.1.194 - - [07/Feb/2024:02:32:09 +0900] "GET /api/v1/personal/info HTTP/1.1" 200 40135 "-" "Mozilla/5.0"
192.168.10.51 - emp001 [17/Mar/2024:04:09:07 +0900] "GET /api/v1/customers/search HTTP/1.1" 404 5915 "-" "Mozilla/5.0"
192.168.4.144 - emp008 [15/Mar/2024:10:57:02 +0900] "POST /api/v1/personal/info HTTP/1.1" 200 49114 "-" "Mozilla/5.0"
192.168.3.91 - emp006 [09/Feb/2024:04:44:51 +0900] "GET /static/css/style.css HTTP/1.1" 200 45329 "-" "Mozilla/5.0"
192.168.7.79 - emp002 [02/Feb/2024:11:21:32 +0900] "POST /api/v1/reports/export HTTP/1.1" 200 35804 "-" "Mozilla/5.0"
192.168.10.51 - emp004 [20/Feb/2024:14:39:59 +0900] "POST /static/js/app.js HTTP/1.1" 404 24204 "-" "Mozilla/5.0"
192.168.2.82 - dba_user [16/Mar/2024:22:01:11 +0900] "GET /static/js/app.js HTTP/1.1" 500 48421 "-" "Mozilla/5.0"
192.168.4.230 - emp006 [22/Feb/2024:20:57:44 +0900] "GET /api/v1/customers/search HTTP/1.1" 500 3741 "-" "Mozilla/5.0"
192.168.1.226 - emp005 [17/Mar/2024:12:05:12 +0900] "POST /admin/users/list HTTP/1.1" 200 28883 "-" "Mozilla/5.0"
192.168.5.8 - emp008 [11/Mar/2024:08:02:38 +0900] "POST /static/js/app.js HTTP/1.1" 200 12227 "-" "Mozilla/5.0"
192.168.4.205 - emp003 [22/Feb/2024:03:20:41 +0900] "GET /static/js/app.js HTTP/1.1" 200 18887 "-" "Mozilla/5.0"
192.168.7.50 - emp007 [26/Feb/2024:20:15:13 +0900] "POST /api/v1/members/profile HTTP/1.1" 304 28139 "-" "Mozilla/5.0"
192.168.4.168 - admin01 [09/Feb/2024:01:26:40 +0900] "GET /static/js/app.js HTTP/1.1" 200 36192 "-" "Mozilla/5.0"
192.168.2.82 - emp002 [06/Mar/2024:03:32:26 +0900] "POST /api/v1/personal/info HTTP/1.1" 304 27907 "-" "Mozilla/5.0"
192.168.1.226 - - [16/Mar/2024:11:08:31 +0900] "GET /api/v1/customers/search HTTP/1.1" 200 2489 "-" "Mozilla/5.0"
192.168.7.79 - dba_user [11/Mar/2024:08:09:27 +0900] "GET /static/js/app.js HTTP/1.1" 404 27831 "-" "Mozilla/5.0"
192.168.2.225 - emp006 [19/Mar/2024:11:24:37 +0900] "GET /api/v1/personal/info HTTP/1.1" 500 45328 "-" "Mozilla/5.0"
192.168.4.130 - emp002 [03/Mar/2024:10:57:53 +0900] "GET /admin/users/list HTTP/1.1" 200 1047 "-" "Mozilla/5.0"
192.168.7.50 - analyst1 [17/Feb/2024:01:49:38 +0900] "GET /api/v1/reports/export HTTP/1.1" 500 22640 "-" "Mozilla/5.0"
192.168.4.144 - - [10/Mar/2024:07:51:25 +0900] "GET /api/v1/personal/info HTTP/1.1" 404 8525 "-" "Mozilla/5.0"
192.168.2.24 - emp006 [17/Feb/2024:13:54:54 +0900] "GET /api/v1/members/profile HTTP/1.1" 500 47356 "-" "Mozilla/5.0"
192.168.3.138 - - [17/Mar/2024:12:45:12 +0900] "POST /admin/users/list HTTP/1.1" 200 9871 "-" "Mozilla/5.0"
192.168.4.168 - - [03/Feb/2024:00:06:17 +0900] "GET /api/v1/members/profile HTTP/1.1" 200 42773 "-" "Mozilla/5.0"
192.168.10.51 - dba_user [29/Feb/2024:18:39:32 +0900] "GET /api/v1/reports/export HTTP/1.1" 200 30869 "-" "Mozilla/5.0"
192.168.4.205 - emp004 [06/Mar/2024:20:18:59 +0900] "GET /api/v1/personal/info HTTP/1.1" 304 24702 "-" "Mozilla/5.0"
192.168.4.130 - - [20/Mar/2024:06:09:16 +0900] "GET /api/v1/customers/search HTTP/1.1" 304 1158 "-" "Mozilla/5.0"
192.168.2.225 - dba_user [09/Feb/2024:12:13:48 +0900] "GET /static/js/app.js HTTP/1.1" 200 18584 "-" "Mozilla/5.0"
192.168.8.128 - emp006 [02/Mar/2024:21:08:16 +0900] "POST /api/v1/reports/export HTTP/1.1" 200 26040 "-" "Mozilla/5.0"
192.168.1.226 - emp009 [19/Feb/2024:13:36:25 +0900] "GET /static/js/app.js HTTP/1.1" 200 27193 "-" "Mozilla/5.0"
192.168.3.91 - emp009 [02/Mar/2024:00:34:07 +0900] "GET /api/v1/customers/search HTTP/1.1" 304 14115 "-" "Mozilla/5.0"
192.168.1.226 - admin01 [02/Feb/2024:22:09:08 +0900] "GET /static/js/app.js HTTP/1.1" 500 49701 "-" "Mozilla/5.0"
192.168.4.130 - emp003 [24/Feb/2024:10:18:34 +0900] "GET /api/v1/members/profile HTTP/1.1" 200 6411 "-" "Mozilla/5.0"
192.168.7.50 - emp002 [24/Feb/2024:21:39:54 +0900] "GET /api/v1/reports/export HTTP/1.1" 200 39560 "-" "Mozilla/5.0"
192.168.2.225 - analyst1 [25/Feb/2024:06:31:32 +0900] "GET /admin/users/list HTTP/1.1" 200 27286 "-" "Mozilla/5.0"
192.168.3.138 - - [03/Mar/2024:12:57:59 +0900] "GET /api/v1/members/profile HTTP/1.1" 200 18646 "-" "Mozilla/5.0"
192.168.4.230 - emp004 [25/Feb/2024:15:58:04 +0900] "GET /api/v1/members/profile HTTP/1.1" 304 42161 "-" "Mozilla/5.0"
192.168.2.82 - emp007 [04/Feb/2024:13:57:27 +0900] "GET /api/v1/members/profile HTTP/1.1" 404 1313 "-" "Mozilla/5.0"
192.168.7.79 - emp003 [03/Mar/2024:09:31:19 +0900] "GET /api/v1/reports/export HTTP/1.1" 500 878 "-" "Mozilla/5.0"
192.168.10.51 - emp001 [19/Mar/2024:19:57:52 +0900] "GET /static/css/style.css HTTP/1.1" 200 6290 "-" "Mozilla/5.0"
192.168.8.128 - - [11/Feb/2024:02:52:38 +0900] "GET /api/v1/members/profile HTTP/1.1" 200 9434 "-" "Mozilla/5.0"
192.168.4.130 - dba_user [29/Feb/2024:01:48:53 +0900] "POST /static/css/style.css HTTP/1.1" 200 21304 "-" "Mozilla/5.0"
192.168.4.244 - emp010 [03/Feb/2024:13:12:29 +0900] "POST /api/v1/personal/info HTTP/1.1" 200 47568 "-" "Mozilla/5.0"
192.168.1.226 - dba_user [14/Mar/2024:07:28:38 +0900] "GET /api/v1/reports/export HTTP/1.1" 200 21768 "-" "Mozilla/5.0"
192.168.2.82 - emp009 [12/Feb/2024:07:25:29 +0900] "GET /static/js/app.js HTTP/1.1" 200 4373 "-" "Mozilla/5.0"
192.168.4.205 - emp007 [09/Mar/2024:15:04:26 +0900] "POST /static/css/style.css HTTP/1.1" 200 47181 "-" "Mozilla/5.0"
192.168.5.8 - - [12/Feb/2024:01:24:02 +0900] "POST /admin/users/list HTTP/1.1" 500 9277 "-" "Mozilla/5.0"
192.168.2.141 - emp004 [08/Mar/2024:23:27:30 +0900] "GET /api/v1/customers/search HTTP/1.1" 200 9199 "-" "Mozilla/5.0"
192.168.8.128 - - [19/Feb/2024:05:30:57 +0900] "GET /static/js/app.js HTTP/1.1" 200 35473 "-" "Mozilla/5.0"
192.168.4.144 - emp006 [22/Feb/2024:05:19:13 +0900] "GET /admin/users/list HTTP/1.1" 200 44499 "-" "Mozilla/5.0"
192.168.4.221 - - [18/Feb/2024:07:48:02 +0900] "GET /static/css/style.css HTTP/1.1" 304 4918 "-" "Mozilla/5.0"
192.168.4.130 - - [16/Mar/2024:16:24:43 +0900] "GET /api/v1/customers/search HTTP/1.1" 500 6142 "-" "Mozilla/5.0"
192.168.3.138 - emp007 [04/Mar/2024:15:09:44 +0900] "GET /api/v1/personal/info HTTP/1.1" 200 7572 "-" "Mozilla/5.0"
192.168.1.194 - - [23/Feb/2024:14:36:31 +0900] "GET /api/v1/customers/search HTTP/1.1" 200 20829 "-" "Mozilla/5.0"
192.168.7.79 - - [13/Feb/2024:20:09:37 +0900] "POST /static/js/app.js HTTP/1.1" 200 6685 "-" "Mozilla/5.0"
192.168.3.91 - emp009 [01/Mar/2024:19:40:24 +0900] "GET /static/css/style.css HTTP/1.1" 304 4890 "-" "Mozilla/5.0"
192.168.1.194 - admin01 [03/Mar/2024:10:28:36 +0900] "GET /admin/users/list HTTP/1.1" 304 8310 "-" "Mozilla/5.0"
192.168.1.194 - emp005 [20/Mar/2024:14:37:09 +0900] "POST /api/v1/personal/info HTTP/1.1" 404 36724 "-" "Mozilla/5.0"
192.168.7.50 - admin01 [10/Feb/2024:15:49:41 +0900] "GET /api/v1/customers/search HTTP/1.1" 200 29898 "-" "Mozilla/5.0"
192.168.4.130 - - [26/Feb/2024:10:57:08 +0900] "GET /api/v1/members/profile HTTP/1.1" 200 45544 "-" "Mozilla/5.0"
192.168.4.144 - - [06/Feb/2024:23:26:29 +0900] "POST /admin/users/list HTTP/1.1" 200 41624 "-" "Mozilla/5.0"
192.168.2.141 - - [29/Feb/2024:12:57:59 +0900] "GET /admin/users/list HTTP/1.1" 304 47033 "-" "Mozilla/5.0"
192.168.4.230 - emp008 [04/Mar/2024:06:40:10 +0900] "POST /static/js/app.js HTTP/1.1" 200 14190 "-" "Mozilla/5.0"
192.168.1.194 - emp008 [14/Mar/2024:16:06:30 +0900] "GET /static/css/style.css HTTP/1.1" 500 30881 "-" "Mozilla/5.0"
192.168.2.141 - admin01 [06/Feb/2024:15:48:30 +0900] "GET /admin/users/list HTTP/1.1" 500 27683 "-" "Mozilla/5.0"
192.168.7.50 - analyst1 [14/Mar/2024:01:06:58 +0900] "GET /api/v1/reports/export HTTP/1.1" 200 29905 "-" "Mozilla/5.0"
192.168.1.226 - admin01 [14/Mar/2024:00:50:34 +0900] "GET /api/v1/members/profile HTTP/1.1" 404 4572 "-" "Mozilla/5.0"
192.168.4.244 - emp008 [21/Mar/2024:11:49:50 +0900] "GET /api/v1/personal/info HTTP/1.1" 500 13551 "-" "Mozilla/5.0"
192.168.2.24 - - [01/Feb/2024:11:11:24 +0900] "POST /api/v1/reports/export HTTP/1.1" 404 5351 "-" "Mozilla/5.0"
192.168.1.226 - emp006 [11/Mar/2024:13:38:23 +0900] "GET /api/v1/members/profile HTTP/1.1" 200 9503 "-" "Mozilla/5.0"
192.168.8.128 - - [20/Mar/2024:14:56:50 +0900] "GET /api/v1/members/profile HTTP/1.1" 200 36624 "-" "Mozilla/5.0"
192.168.3.91 - - [03/Feb/2024:22:52:18 +0900] "GET /static/js/app.js HTTP/1.1" 200 45600 "-" "Mozilla/5.0"
192.168.8.128 - emp002 [15/Feb/2024:15:09:30 +0900] "GET /static/js/app.js HTTP/1.1" 304 28820 "-" "Mozilla/5.0"
192.168.4.244 - emp008 [10/Mar/2024:18:18:00 +0900] "GET /static/css/style.css HTTP/1.1" 200 22785 "-" "Mozilla/5.0"
192.168.4.144 - emp010 [19/Mar/2024:16:31:21 +0900] "GET /api/v1/members/profile HTTP/1.1" 500 646 "-" "Mozilla/5.0"
192.168.1.226 - emp008 [29/Feb/2024:03:11:27 +0900] "GET /api/v1/personal/info HTTP/1.1" 404 25460 "-" "Mozilla/5.0"
192.168.4.230 - admin01 [07/Feb/2024:20:58:47 +0900] "GET /admin/users/list HTTP/1.1" 500 48000 "-" "Mozilla/5.0"
192.168.4.130 - emp002 [29/Feb/2024:17:40:14 +0900] "GET /static/css/style.css HTTP/1.1" 200 44579 "-" "Mozilla/5.0"
192.168.2.141 - emp006 [16/Feb/2024:16:31:22 +0900] "GET /api/v1/reports/export HTTP/1.1" 200 34675 "-" "Mozilla/5.0"
192.168.4.230 - emp006 [02/Mar/2024:20:42:42 +0900] "GET /api/v1/reports/export HTTP/1.1" 200 14326 "-" "Mozilla/5.0"
192.168.4.205 - emp008 [19/Mar/2024:09:47:33 +0900] "GET /api/v1/personal/info HTTP/1.1" 304 40451 "-" "Mozilla/5.0"
192.168.1.226 - emp003 [03/Feb/2024:12:15:57 +0900] "POST /static/js/app.js HTTP/1.1" 500 49350 "-" "Mozilla/5.0"
192.168.4.230 - emp010 [26/Feb/2024:19:09:33 +0900] "GET /static/css/style.css HTTP/1.1" 200 20147 "-" "Mozilla/5.0"
192.168.2.225 - analyst1 [12/Mar/2024:13:19:15 +0900] "GET /api/v1/reports/export HTTP/1.1" 200 21611 "-" "Mozilla/5.0"
192.168.3.138 - - [27/Feb/2024:10:48:57 +0900] "GET /api/v1/customers/search HTTP/1.1" 200 37562 "-" "Mozilla/5.0"
192.168.7.79 - analyst1 [27/Feb/2024:02:31:24 +0900] "GET /static/css/style.css HTTP/1.1" 500 49254 "-" "Mozilla/5.0"
192.168.2.141 - emp001 [29/Feb/2024:19:23:01 +0900] "GET /api/v1/members/profile HTTP/1.1" 304 43626 "-" "Mozilla/5.0"
192.168.4.144 - emp009 [21/Mar/2024:23:00:36 +0900] "GET /api/v1/members/profile HTTP/1.1" 404 9718 "-" "Mozilla/5.0"
192.168.2.225 - emp010 [19/Feb/2024:04:30:42 +0900] "GET /static/css/style.css HTTP/1.1" 304 41490 "-" "Mozilla/5.0"
192.168.3.138 - emp008 [19/Mar/2024:06:08:46 +0900] "POST /api/v1/customers/search HTTP/1.1" 200 12959 "-" "Mozilla/5.0"
192.168.2.141 - emp005 [28/Feb/2024:05:46:23 +0900] "GET /api/v1/personal/info HTTP/1.1" 404 2266 "-" "Mozilla/5.0"
192.168.2.24 - - [01/Mar/2024:19:39:33 +0900] "POST /api/v1/reports/export HTTP/1.1" 200 2044 "-" "Mozilla/5.0"
192.168.2.24 - emp004 [08/Mar/2024:06:49:04 +0900] "GET /api/v1/members/profile HTTP/1.1" 200 31130 "-" "Mozilla/5.0"
192.168.2.141 - emp007 [07/Mar/2024:13:02:25 +0900] "GET /static/css/style.css HTTP/1.1" 200 21533 "-" "Mozilla/5.0"
192.168.3.91 - emp006 [16/Mar/2024:00:15:14 +0900] "GET /static/js/app.js HTTP/1.1" 404 15542 "-" "Mozilla/5.0"
192.168.2.225 - - [18/Mar/2024:15:57:16 +0900] "GET /admin/users/list HTTP/1.1" 200 37161 "-" "Mozilla/5.0"
192.168.5.8 - emp003 [15/Feb/2024:04:09:59 +0900] "GET /admin/users/list HTTP/1.1" 200 47791 "-" "Mozilla/5.0"
192.168.4.168 - - [08/Feb/2024:08:56:19 +0900] "GET /api/v1/reports/export HTTP/1.1" 200 44445 "-" "Mozilla/5.0"
192.168.3.91 - admin01 [04/Mar/2024:06:57:51 +0900] "GET /api/v1/members/profile HTTP/1.1" 404 40315 "-" "Mozilla/5.0"
192.168.5.8 - emp003 [11/Mar/2024:15:22:00 +0900] "GET /api/v1/members/profile HTTP/1.1" 200 28322 "-" "Mozilla/5.0"
192.168.5.8 - emp002 [11/Mar/2024:18:54:11 +0900] "GET /admin/users/list HTTP/1.1" 500 8497 "-" "Mozilla/5.0"
192.168.4.144 - emp007 [20/Feb/2024:13:58:35 +0900] "GET /api/v1/reports/export HTTP/1.1" 200 2738 "-" "Mozilla/5.0"
192.168.10.51 - emp004 [28/Feb/2024:08:08:38 +0900] "POST /static/js/app.js HTTP/1.1" 304 37019 "-" "Mozilla/5.0"
192.168.2.24 - emp006 [18/Mar/2024:21:44:04 +0900] "GET /api/v1/personal/info HTTP/1.1" 200 15911 "-" "Mozilla/5.0"
192.168.4.168 - analyst1 [02/Mar/2024:00:39:37 +0900] "GET /api/v1/members/profile HTTP/1.1" 200 20117 "-" "Mozilla/5.0"
192.168.1.194 - - [10/Feb/2024:07:59:15 +0900] "POST /api/v1/personal/info HTTP/1.1" 500 23309 "-" "Mozilla/5.0"
192.168.4.205 - emp009 [09/Feb/2024:19:44:05 +0900] "POST /static/js/app.js HTTP/1.1" 500 15842 "-" "Mozilla/5.0"
192.168.3.138 - emp009 [19/Feb/2024:23:04:25 +0900] "POST /admin/users/list HTTP/1.1" 500 27079 "-" "Mozilla/5.0"
192.168.2.141 - - [29/Feb/2024:16:44:41 +0900] "GET /api/v1/reports/export HTTP/1.1" 200 36636 "-" "Mozilla/5.0"
192.168.2.225 - emp008 [08/Mar/2024:06:49:46 +0900] "GET /api/v1/personal/info HTTP/1.1" 404 24786 "-" "Mozilla/5.0"
192.168.7.50 - admin01 [15/Mar/2024:10:50:05 +0900] "GET /admin/users/list HTTP/1.1" 304 40190 "-" "Mozilla/5.0"
192.168.1.194 - emp005 [18/Mar/2024:03:11:06 +0900] "GET /api/v1/reports/export HTTP/1.1" 500 41559 "-" "Mozilla/5.0"
192.168.10.51 - emp001 [05/Feb/2024:16:21:26 +0900] "GET /static/css/style.css HTTP/1.1" 304 8469 "-" "Mozilla/5.0"
192.168.2.82 - emp002 [16/Mar/2024:11:27:53 +0900] "GET /api/v1/reports/export HTTP/1.1" 200 33960 "-" "Mozilla/5.0"
192.168.7.50 - - [05/Mar/2024:11:59:22 +0900] "POST /static/css/style.css HTTP/1.1" 304 19476 "-" "Mozilla/5.0"
192.168.7.50 - admin01 [05/Mar/2024:19:12:46 +0900] "GET /api/v1/members/profile HTTP/1.1" 304 45060 "-" "Mozilla/5.0"
192.168.4.205 - emp009 [19/Mar/2024:12:47:07 +0900] "POST /api/v1/customers/search HTTP/1.1" 404 34031 "-" "Mozilla/5.0"
192.168.4.144 - emp010 [22/Feb/2024:13:38:23 +0900] "GET /api/v1/reports/export HTTP/1.1" 304 47608 "-" "Mozilla/5.0"
192.168.4.205 - emp005 [06/Mar/2024:07:17:14 +0900] "GET /api/v1/members/profile HTTP/1.1" 200 37898 "-" "Mozilla/5.0"
192.168.4.230 - emp004 [14/Mar/2024:09:11:47 +0900] "GET /static/js/app.js HTTP/1.1" 200 41880 "-" "Mozilla/5.0"
192.168.4.221 - emp005 [21/Mar/2024:13:55:10 +0900] "GET /static/js/app.js HTTP/1.1" 404 16391 "-" "Mozilla/5.0"
192.168.4.144 - - [17/Feb/2024:21:13:05 +0900] "POST /admin/users/list HTTP/1.1" 404 44606 "-" "Mozilla/5.0"
192.168.4.205 - emp007 [06/Feb/2024:20:43:13 +0900] "GET /static/css/style.css HTTP/1.1" 404 14598 "-" "Mozilla/5.0"
192.168.3.91 - admin01 [05/Mar/2024:09:48:57 +0900] "GET /static/css/style.css HTTP/1.1" 200 16686 "-" "Mozilla/5.0"
192.168.3.138 - - [25/Feb/2024:07:43:33 +0900] "GET /api/v1/reports/export HTTP/1.1" 200 14658 "-" "Mozilla/5.0"
192.168.10.51 - emp004 [05/Mar/2024:10:37:26 +0900] "GET /admin/users/list HTTP/1.1" 500 34056 "-" "Mozilla/5.0"
192.168.4.130 - analyst1 [10/Feb/2024:15:04:32 +0900] "GET /api/v1/members/profile HTTP/1.1" 200 43033 "-" "Mozilla/5.0"
192.168.3.138 - - [16/Mar/2024:00:50:54 +0900] "GET /api/v1/personal/info HTTP/1.1" 200 30203 "-" "Mozilla/5.0"
192.168.4.230 - emp005 [22/Feb/2024:03:59:17 +0900] "POST /api/v1/members/profile HTTP/1.1" 404 22185 "-" "Mozilla/5.0"
192.168.4.230 - emp005 [10/Mar/2024:21:56:35 +0900] "GET /api/v1/customers/search HTTP/1.1" 500 17188 "-" "Mozilla/5.0"
192.168.4.221 - emp002 [08/Feb/2024:00:13:46 +0900] "GET /api/v1/personal/info HTTP/1.1" 200 12374 "-" "Mozilla/5.0"
192.168.2.24 - emp008 [11/Feb/2024:20:00:17 +0900] "GET /api/v1/members/profile HTTP/1.1" 500 46800 "-" "Mozilla/5.0"
192.168.1.226 - emp004 [12/Feb/2024:09:11:27 +0900] "GET /static/css/style.css HTTP/1.1" 500 47587 "-" "Mozilla/5.0"
192.168.4.244 - - [26/Feb/2024:20:34:17 +0900] "GET /admin/users/list HTTP/1.1" 200 44620 "-" "Mozilla/5.0"
192.168.5.8 - emp007 [26/Feb/2024:06:59:42 +0900] "GET /api/v1/members/profile HTTP/1.1" 200 22645 "-" "Mozilla/5.0"
192.168.2.141 - - [16/Feb/2024:19:59:29 +0900] "POST /api/v1/reports/export HTTP/1.1" 500 47741 "-" "Mozilla/5.0"
192.168.4.130 - emp002 [11/Mar/2024:02:21:32 +0900] "GET /api/v1/reports/export HTTP/1.1" 200 8481 "-" "Mozilla/5.0"
192.168.10.51 - emp002 [14/Feb/2024:16:52:01 +0900] "POST /api/v1/personal/info HTTP/1.1" 500 42479 "-" "Mozilla/5.0"
192.168.2.225 - emp002 [04/Mar/2024:02:45:22 +0900] "GET /admin/users/list HTTP/1.1" 304 39245 "-" "Mozilla/5.0"
192.168.10.51 - emp003 [01/Mar/2024:23:37:55 +0900] "POST /api/v1/personal/info HTTP/1.1" 404 43199 "-" "Mozilla/5.0"
192.168.2.141 - dba_user [07/Mar/2024:16:29:36 +0900] "GET /admin/users/list HTTP/1.1" 404 26683 "-" "Mozilla/5.0"
192.168.4.230 - - [06/Feb/2024:18:05:06 +0900] "GET /api/v1/personal/info HTTP/1.1" 200 49898 "-" "Mozilla/5.0"
192.168.4.130 - - [06/Mar/2024:11:22:33 +0900] "GET /api/v1/members/profile HTTP/1.1" 500 49788 "-" "Mozilla/5.0"
192.168.7.79 - emp007 [04/Feb/2024:11:26:23 +0900] "GET /admin/users/list HTTP/1.1" 404 49054 "-" "Mozilla/5.0"
192.168.4.144 - admin01 [12/Mar/2024:23:53:43 +0900] "POST /static/css/style.css HTTP/1.1" 200 33347 "-" "Mozilla/5.0"
192.168.2.141 - emp004 [17/Feb/2024:10:11:58 +0900] "GET /api/v1/customers/search HTTP/1.1" 404 47074 "-" "Mozilla/5.0"
192.168.2.225 - emp002 [18/Mar/2024:13:08:31 +0900] "POST /api/v1/personal/info HTTP/1.1" 200 16095 "-" "Mozilla/5.0"
192.168.4.221 - - [05/Feb/2024:23:33:21 +0900] "GET /static/css/style.css HTTP/1.1" 200 29669 "-" "Mozilla/5.0"
192.168.5.8 - emp006 [07/Feb/2024:09:28:34 +0900] "GET /api/v1/customers/search HTTP/1.1" 200 29836 "-" "Mozilla/5.0"
192.168.3.138 - emp004 [27/Feb/2024:17:44:02 +0900] "GET /admin/users/list HTTP/1.1" 500 7425 "-" "Mozilla/5.0"
192.168.4.244 - - [29/Feb/2024:23:19:35 +0900] "GET /admin/users/list HTTP/1.1" 500 26196 "-" "Mozilla/5.0"
192.168.7.50 - - [11/Feb/2024:18:52:25 +0900] "GET /static/js/app.js HTTP/1.1" 404 44470 "-" "Mozilla/5.0"
192.168.2.141 - - [15/Feb/2024:18:35:32 +0900] "GET /api/v1/customers/search?phone=010-5555-1234&user=- HTTP/1.1" 200 35064 "-" "Mozilla/5.0"
192.168.4.130 - - [05/Feb/2024:14:41:35 +0900] "GET /api/v1/members/profile HTTP/1.1" 200 44154 "-" "Mozilla/5.0"
192.168.7.79 - emp004 [17/Feb/2024:22:57:34 +0900] "GET /api/v1/members/profile HTTP/1.1" 200 45885 "-" "Mozilla/5.0"
192.168.2.225 - emp001 [29/Feb/2024:23:44:21 +0900] "GET /static/css/style.css HTTP/1.1" 304 31517 "-" "Mozilla/5.0"
192.168.2.225 - analyst1 [16/Feb/2024:09:14:10 +0900] "GET /api/v1/personal/info HTTP/1.1" 200 3859 "-" "Mozilla/5.0"
192.168.2.82 - emp002 [12/Feb/2024:02:49:52 +0900] "GET /admin/users/list HTTP/1.1" 200 19102 "-" "Mozilla/5.0"
192.168.4.221 - emp005 [06/Feb/2024:18:52:56 +0900] "GET /admin/users/list HTTP/1.1" 200 21162 "-" "Mozilla/5.0"
192.168.2.82 - emp003 [27/Feb/2024:19:54:31 +0900] "GET /api/v1/personal/info HTTP/1.1" 200 33232 "-" "Mozilla/5.0"
192.168.2.82 - - [07/Mar/2024:04:33:51 +0900] "GET /api/v1/customers/search HTTP/1.1" 404 30922 "-" "Mozilla/5.0"
192.168.4.221 - - [25/Feb/2024:17:47:36 +0900] "GET /api/v1/personal/info HTTP/1.1" 500 30234 "-" "Mozilla/5.0"
192.168.2.141 - - [27/Feb/2024:02:00:25 +0900] "GET /api/v1/members/profile HTTP/1.1" 500 45018 "-" "Mozilla/5.0"
192.168.3.138 - emp007 [03/Feb/2024:10:00:39 +0900] "GET /api/v1/reports/export HTTP/1.1" 200 45424 "-" "Mozilla/5.0"
192.168.4.205 - emp002 [09/Mar/2024:04:24:14 +0900] "POST /api/v1/personal/info HTTP/1.1" 200 1809 "-" "Mozilla/5.0"
192.168.4.130 - emp002 [14/Mar/2024:04:41:44 +0900] "POST /admin/users/list HTTP/1.1" 304 48013 "-" "Mozilla/5.0"
192.168.1.226 - - [17/Mar/2024:04:47:42 +0900] "GET /api/v1/customers/search?phone=010-9876-5432&user=- HTTP/1.1" 200 45438 "-" "Mozilla/5.0"
192.168.4.244 - - [22/Feb/2024:21:35:36 +0900] "GET /static/css/style.css HTTP/1.1" 200 37926 "-" "Mozilla/5.0"
192.168.5.8 - emp002 [19/Feb/2024:13:46:22 +0900] "POST /api/v1/reports/export HTTP/1.1" 200 10345 "-" "Mozilla/5.0"
192.168.2.225 - emp009 [18/Mar/2024:18:23:44 +0900] "GET /api/v1/reports/export HTTP/1.1" 304 3003 "-" "Mozilla/5.0"
192.168.4.168 - emp005 [28/Feb/2024:01:14:12 +0900] "GET /api/v1/members/profile HTTP/1.1" 200 30613 "-" "Mozilla/5.0"
192.168.2.225 - dba_user [10/Mar/2024:01:20:10 +0900] "GET /api/v1/customers/search HTTP/1.1" 304 33805 "-" "Mozilla/5.0"
192.168.4.205 - emp004 [16/Feb/2024:16:55:44 +0900] "GET /admin/users/list HTTP/1.1" 304 27340 "-" "Mozilla/5.0"
192.168.3.138 - emp002 [17/Mar/2024:03:11:16 +0900] "GET /static/js/app.js HTTP/1.1" 200 26051 "-" "Mozilla/5.0"
192.168.1.226 - emp002 [07/Mar/2024:10:00:10 +0900] "GET /static/js/app.js HTTP/1.1" 304 3125 "-" "Mozilla/5.0"
192.168.1.226 - emp006 [06/Feb/2024:17:47:07 +0900] "GET /static/js/app.js HTTP/1.1" 200 47299 "-" "Mozilla/5.0"
192.168.2.82 - - [12/Feb/2024:16:45:41 +0900] "GET /admin/users/list HTTP/1.1" 304 17166 "-" "Mozilla/5.0"
192.168.1.194 - emp001 [25/Feb/2024:01:54:51 +0900] "GET /admin/users/list HTTP/1.1" 404 25639 "-" "Mozilla/5.0"
192.168.4.230 - analyst1 [12/Feb/2024:15:43:03 +0900] "GET /static/css/style.css HTTP/1.1" 200 7980 "-" "Mozilla/5.0"
192.168.4.168 - - [07/Feb/2024:14:18:58 +0900] "GET /api/v1/reports/export HTTP/1.1" 200 25978 "-" "Mozilla/5.0"
192.168.4.205 - - [09/Mar/2024:13:02:29 +0900] "GET /api/v1/reports/export HTTP/1.1" 200 24739 "-" "Mozilla/5.0"
192.168.4.244 - emp010 [14/Feb/2024:04:52:56 +0900] "GET /static/js/app.js HTTP/1.1" 500 40677 "-" "Mozilla/5.0"
192.168.2.141 - analyst1 [09/Feb/2024:03:07:33 +0900] "POST /static/js/app.js HTTP/1.1" 200 17107 "-" "Mozilla/5.0"
192.168.4.221 - analyst1 [09/Feb/2024:07:32:26 +0900] "POST /api/v1/reports/export HTTP/1.1" 500 40425 "-" "Mozilla/5.0"
192.168.2.225 - - [08/Feb/2024:00:52:43 +0900] "GET /admin/users/list HTTP/1.1" 200 10113 "-" "Mozilla/5.0"
192.168.7.50 - - [28/Feb/2024:16:21:27 +0900] "GET /api/v1/reports/export HTTP/1.1" 404 47934 "-" "Mozilla/5.0"
192.168.3.91 - emp006 [06/Mar/2024:10:41:37 +0900] "GET /api/v1/customers/search HTTP/1.1" 500 32300 "-" "Mozilla/5.0"
192.168.2.225 - emp005 [03/Mar/2024:12:02:41 +0900] "GET /api/v1/personal/info HTTP/1.1" 200 34415 "-" "Mozilla/5.0"
192.168.2.24 - - [15/Feb/2024:02:42:59 +0900] "POST /api/v1/reports/export HTTP/1.1" 404 21421 "-" "Mozilla/5.0"
192.168.2.82 - emp004 [18/Feb/2024:02:15:16 +0900] "GET /api/v1/reports/export HTTP/1.1" 200 15858 "-" "Mozilla/5.0"
192.168.4.168 - emp003 [11/Mar/2024:10:08:00 +0900] "GET /api/v1/personal/info HTTP/1.1" 404 47135 "-" "Mozilla/5.0"
192.168.3.138 - - [13/Mar/2024:08:11:02 +0900] "POST /static/css/style.css HTTP/1.1" 500 12905 "-" "Mozilla/5.0"
192.168.2.141 - emp003 [04/Mar/2024:08:21:01 +0900] "GET /admin/users/list HTTP/1.1" 200 28546 "-" "Mozilla/5.0"
192.168.4.168 - analyst1 [04/Feb/2024:12:42:39 +0900] "GET /api/v1/customers/search HTTP/1.1" 500 6511 "-" "Mozilla/5.0"
192.168.4.244 - emp004 [12/Feb/2024:04:31:14 +0900] "GET /static/css/style.css HTTP/1.1" 500 30454 "-" "Mozilla/5.0"
192.168.4.168 - admin01 [12/Feb/2024:17:28:26 +0900] "GET /api/v1/members/profile HTTP/1.1" 304 25302 "-" "Mozilla/5.0"
192.168.5.8 - emp004 [07/Feb/2024:21:52:09 +0900] "GET /api/v1/reports/export HTTP/1.1" 500 383 "-" "Mozilla/5.0"
192.168.2.141 - - [19/Feb/2024:03:31:04 +0900] "POST /api/v1/personal/info HTTP/1.1" 500 49317 "-" "Mozilla/5.0"
192.168.8.128 - emp005 [14/Feb/2024:07:56:03 +0900] "GET /api/v1/members/profile HTTP/1.1" 404 30099 "-" "Mozilla/5.0"
192.168.4.130 - - [07/Feb/2024:04:28:42 +0900] "GET /api/v1/personal/info HTTP/1.1" 304 1997 "-" "Mozilla/5.0"
192.168.4.244 - emp010 [09/Feb/2024:00:42:41 +0900] "GET /api/v1/reports/export HTTP/1.1" 500 11770 "-" "Mozilla/5.0"
192.168.2.82 - dba_user [22/Feb/2024:02:11:16 +0900] "GET /api/v1/members/profile HTTP/1.1" 304 20366 "-" "Mozilla/5.0"
192.168.8.128 - emp008 [29/Feb/2024:22:42:29 +0900] "GET /api/v1/personal/info HTTP/1.1" 304 47866 "-" "Mozilla/5.0"
192.168.7.50 - emp010 [20/Feb/2024:07:39:09 +0900] "GET /static/js/app.js HTTP/1.1" 304 23832 "-" "Mozilla/5.0"
192.168.4.244 - emp001 [17/Mar/2024:12:28:25 +0900] "POST /api/v1/reports/export HTTP/1.1" 404 41209 "-" "Mozilla/5.0"
192.168.2.24 - emp006 [07/Feb/2024:14:07:47 +0900] "GET /api/v1/members/profile HTTP/1.1" 200 43322 "-" "Mozilla/5.0"
192.168.4.230 - emp002 [28/Feb/2024:16:23:12 +0900] "GET /static/js/app.js HTTP/1.1" 200 18174 "-" "Mozilla/5.0"
192.168.4.130 - - [15/Mar/2024:21:38:32 +0900] "GET /static/js/app.js HTTP/1.1" 304 4610 "-" "Mozilla/5.0"
192.168.3.138 - - [01/Feb/2024:09:18:13 +0900] "POST /api/v1/reports/export HTTP/1.1" 200 32071 "-" "Mozilla/5.0"
192.168.2.82 - - [16/Feb/2024:00:03:48 +0900] "POST /admin/users/list HTTP/1.1" 200 23740 "-" "Mozilla/5.0"
192.168.4.244 - admin01 [20/Mar/2024:06:21:06 +0900] "GET /api/v1/personal/info HTTP/1.1" 200 26587 "-" "Mozilla/5.0"
192.168.2.225 - - [15/Mar/2024:19:41:52 +0900] "POST /api/v1/customers/search HTTP/1.1" 200 5475 "-" "Mozilla/5.0"
192.168.2.24 - - [05/Feb/2024:14:02:31 +0900] "GET /api/v1/members/profile HTTP/1.1" 500 25424 "-" "Mozilla/5.0"
192.168.7.79 - emp003 [17/Mar/2024:15:27:49 +0900] "GET /static/js/app.js HTTP/1.1" 200 42692 "-" "Mozilla/5.0"
192.168.4.130 - emp003 [09/Feb/2024:10:50:31 +0900] "GET /api/v1/customers/search?phone=02-345-6789&user=emp003 HTTP/1.1" 200 37382 "-" "Mozilla/5.0"
192.168.4.130 - emp007 [10/Mar/2024:00:38:44 +0900] "GET /api/v1/customers/search?phone=02-345-6789&user=emp007 HTTP/1.1" 404 26092 "-" "Mozilla/5.0"
192.168.2.24 - emp003 [14/Feb/2024:11:22:58 +0900] "GET /api/v1/personal/info HTTP/1.1" 200 33158 "-" "Mozilla/5.0"
192.168.5.8 - emp010 [11/Feb/2024:17:48:37 +0900] "POST /static/js/app.js HTTP/1.1" 200 41950 "-" "Mozilla/5.0"
192.168.3.138 - - [13/Feb/2024:13:55:26 +0900] "GET /admin/users/list HTTP/1.1" 200 24337 "-" "Mozilla/5.0"
192.168.1.194 - emp010 [15/Mar/2024:12:01:31 +0900] "GET /static/css/style.css HTTP/1.1" 304 2196 "-" "Mozilla/5.0"
192.168.4.205 - admin01 [22/Feb/2024:21:11:23 +0900] "GET /static/css/style.css HTTP/1.1" 200 11399 "-" "Mozilla/5.0"
192.168.3.91 - - [06/Mar/2024:10:50:11 +0900] "GET /static/css/style.css HTTP/1.1" 404 32787 "-" "Mozilla/5.0"
192.168.2.24 - emp005 [27/Feb/2024:01:04:08 +0900] "GET /api/v1/reports/export HTTP/1.1" 404 14159 "-" "Mozilla/5.0"
192.168.4.144 - - [08/Feb/2024:09:14:46 +0900] "POST /api/v1/customers/search?phone=010-5555-1234&user=- HTTP/1.1" 304 32703 "-" "Mozilla/5.0"
192.168.4.168 - emp008 [18/Feb/2024:17:25:00 +0900] "GET /api/v1/members/profile HTTP/1.1" 200 45175 "-" "Mozilla/5.0"
192.168.4.130 - emp005 [15/Feb/2024:14:18:25 +0900] "GET /static/js/app.js HTTP/1.1" 404 28050 "-" "Mozilla/5.0"
192.168.7.50 - - [01/Feb/2024:18:14:35 +0900] "GET /admin/users/list HTTP/1.1" 200 1048 "-" "Mozilla/5.0"
192.168.2.24 - admin01 [06/Feb/2024:21:50:12 +0900] "GET /static/css/style.css HTTP/1.1" 200 46889 "-" "Mozilla/5.0"
192.168.2.225 - emp010 [09/Feb/2024:17:24:06 +0900] "GET /static/css/style.css HTTP/1.1" 404 10260 "-" "Mozilla/5.0"
192.168.1.194 - emp005 [18/Feb/2024:10:26:43 +0900] "GET /static/js/app.js HTTP/1.1" 500 16884 "-" "Mozilla/5.0"
192.168.2.141 - - [11/Mar/2024:04:24:04 +0900] "GET /api/v1/personal/info HTTP/1.1" 200 25648 "-" "Mozilla/5.0"
192.168.2.82 - emp004 [01/Mar/2024:17:18:09 +0900] "GET /admin/users/list HTTP/1.1" 500 32275 "-" "Mozilla/5.0"
192.168.1.194 - - [14/Feb/2024:01:58:23 +0900] "GET /api/v1/customers/search HTTP/1.1" 404 36663 "-" "Mozilla/5.0"
192.168.4.244 - - [14/Mar/2024:08:02:56 +0900] "GET /api/v1/members/profile HTTP/1.1" 200 27020 "-" "Mozilla/5.0"
192.168.4.130 - emp009 [14/Mar/2024:06:07:03 +0900] "POST /api/v1/reports/export HTTP/1.1" 200 17585 "-" "Mozilla/5.0"
192.168.8.128 - - [07/Mar/2024:16:52:43 +0900] "GET /static/css/style.css HTTP/1.1" 304 43689 "-" "Mozilla/5.0"
192.168.2.24 - emp003 [17/Feb/2024:20:46:14 +0900] "GET /api/v1/members/profile HTTP/1.1" 200 7012 "-" "Mozilla/5.0"
192.168.3.91 - emp007 [15/Mar/2024:01:45:43 +0900] "GET /api/v1/personal/info HTTP/1.1" 200 27127 "-" "Mozilla/5.0"
192.168.4.244 - - [06/Feb/2024:06:44:57 +0900] "GET /static/css/style.css HTTP/1.1" 200 15277 "-" "Mozilla/5.0"
192.168.1.226 - emp001 [10/Feb/2024:18:16:57 +0900] "GET /static/js/app.js HTTP/1.1" 500 13841 "-" "Mozilla/5.0"
192.168.2.225 - - [18/Mar/2024:18:24:26 +0900] "GET /admin/users/list HTTP/1.1" 200 33780 "-" "Mozilla/5.0"
192.168.4.244 - emp010 [10/Feb/2024:01:32:13 +0900] "GET /api/v1/members/profile HTTP/1.1" 200 35162 "-" "Mozilla/5.0"
192.168.4.130 - emp004 [16/Mar/2024:02:54:57 +0900] "GET /api/v1/members/profile HTTP/1.1" 200 23710 "-" "Mozilla/5.0"
192.168.4.130 - emp010 [27/Feb/2024:12:17:14 +0900] "GET /static/css/style.css HTTP/1.1" 500 30399 "-" "Mozilla/5.0"
192.168.2.24 - analyst1 [18/Mar/2024:15:57:23 +0900] "GET /admin/users/list HTTP/1.1" 200 15858 "-" "Mozilla/5.0"
192.168.4.144 - emp003 [28/Feb/2024:00:40:20 +0900] "GET /static/css/style.css HTTP/1.1" 500 42773 "-" "Mozilla/5.0"
192.168.2.225 - dba_user [01/Feb/2024:08:21:35 +0900] "GET /static/css/style.css HTTP/1.1" 200 5140 "-" "Mozilla/5.0"
192.168.3.138 - analyst1 [16/Feb/2024:01:58:36 +0900] "GET /api/v1/customers/search HTTP/1.1" 200 42420 "-" "Mozilla/5.0"
192.168.4.205 - admin01 [11/Mar/2024:04:02:10 +0900] "GET /api/v1/reports/export HTTP/1.1" 500 32292 "-" "Mozilla/5.0"
192.168.8.128 - emp004 [06/Mar/2024:01:32:43 +0900] "POST /static/css/style.css HTTP/1.1" 500 1025 "-" "Mozilla/5.0"
192.168.4.130 - emp002 [07/Mar/2024:13:01:35 +0900] "POST /api/v1/customers/search HTTP/1.1" 200 21420 "-" "Mozilla/5.0"
192.168.4.244 - admin01 [07/Mar/2024:00:54:00 +0900] "GET /api/v1/reports/export HTTP/1.1" 200 46477 "-" "Mozilla/5.0"
192.168.1.194 - emp007 [06/Feb/2024:16:54:03 +0900] "GET /api/v1/personal/info HTTP/1.1" 500 27790 "-" "Mozilla/5.0"
192.168.3.138 - emp009 [20/Feb/2024:10:11:21 +0900] "GET /api/v1/reports/export HTTP/1.1" 200 37830 "-" "Mozilla/5.0"
192.168.4.144 - emp010 [23/Feb/2024:05:19:54 +0900] "GET /api/v1/members/profile HTTP/1.1" 404 46827 "-" "Mozilla/5.0"
192.168.4.230 - emp003 [17/Mar/2024:09:27:11 +0900] "GET /admin/users/list HTTP/1.1" 200 47154 "-" "Mozilla/5.0"
192.168.4.130 - emp007 [18/Mar/2024:12:54:22 +0900] "POST /static/css/style.css HTTP/1.1" 200 6169 "-" "Mozilla/5.0"
192.168.1.226 - emp003 [20/Mar/2024:03:00:52 +0900] "GET /admin/users/list HTTP/1.1" 200 1412 "-" "Mozilla/5.0"
192.168.4.130 - emp008 [06/Mar/2024:00:38:24 +0900] "POST /admin/users/list HTTP/1.1" 200 27074 "-" "Mozilla/5.0"
192.168.2.24 - - [10/Mar/2024:05:00:14 +0900] "GET /static/css/style.css HTTP/1.1" 200 19736 "-" "Mozilla/5.0"
192.168.2.82 - - [26/Feb/2024:17:35:27 +0900] "GET /static/js/app.js HTTP/1.1" 304 37547 "-" "Mozilla/5.0"
192.168.2.24 - - [27/Feb/2024:01:34:33 +0900] "GET /static/js/app.js HTTP/1.1" 500 12108 "-" "Mozilla/5.0"
192.168.4.221 - emp010 [13/Mar/2024:14:24:12 +0900] "GET /api/v1/personal/info HTTP/1.1" 200 3507 "-" "Mozilla/5.0"
192.168.7.50 - emp006 [09/Feb/2024:11:10:00 +0900] "GET /api/v1/reports/export HTTP/1.1" 200 3937 "-" "Mozilla/5.0"
192.168.4.130 - emp001 [07/Mar/2024:19:57:07 +0900] "GET /api/v1/personal/info HTTP/1.1" 200 31021 "-" "Mozilla/5.0"
192.168.4.205 - - [06/Feb/2024:13:29:30 +0900] "GET /api/v1/members/profile HTTP/1.1" 200 49204 "-" "Mozilla/5.0"
192.168.10.51 - emp009 [15/Feb/2024:04:03:12 +0900] "POST /static/js/app.js HTTP/1.1" 200 1854 "-" "Mozilla/5.0"
192.168.7.50 - - [27/Feb/2024:01:02:44 +0900] "GET /static/js/app.js HTTP/1.1" 200 16433 "-" "Mozilla/5.0"
192.168.8.128 - emp010 [07/Feb/2024:17:26:35 +0900] "GET /static/css/style.css HTTP/1.1" 404 43638 "-" "Mozilla/5.0"
192.168.4.205 - emp002 [03/Feb/2024:16:46:07 +0900] "GET /static/css/style.css HTTP/1.1" 200 22164 "-" "Mozilla/5.0"
192.168.2.82 - dba_user [10/Mar/2024:15:28:14 +0900] "GET /api/v1/reports/export HTTP/1.1" 500 23064 "-" "Mozilla/5.0"
192.168.4.244 - emp010 [23/Feb/2024:03:46:01 +0900] "GET /api/v1/members/profile HTTP/1.1" 404 23472 "-" "Mozilla/5.0"
192.168.7.79 - emp002 [12/Feb/2024:21:35:34 +0900] "GET /api/v1/members/profile HTTP/1.1" 200 3137 "-" "Mozilla/5.0"
192.168.4.168 - emp001 [15/Feb/2024:20:24:12 +0900] "GET /static/js/app.js HTTP/1.1" 200 19175 "-" "Mozilla/5.0"
192.168.4.221 - - [18/Feb/2024:06:02:23 +0900] "POST /static/css/style.css HTTP/1.1" 200 28429 "-" "Mozilla/5.0"
192.168.2.225 - - [14/Mar/2024:13:56:39 +0900] "GET /api/v1/reports/export HTTP/1.1" 500 23352 "-" "Mozilla/5.0"
192.168.4.244 - emp003 [06/Mar/2024:09:56:25 +0900] "GET /api/v1/reports/export HTTP/1.1" 200 6774 "-" "Mozilla/5.0"
192.168.4.205 - emp005 [04/Mar/2024:05:18:01 +0900] "GET /api/v1/customers/search HTTP/1.1" 304 45075 "-" "Mozilla/5.0"
192.168.4.130 - emp003 [28/Feb/2024:12:48:55 +0900] "GET /admin/users/list HTTP/1.1" 200 35781 "-" "Mozilla/5.0"
192.168.4.244 - emp007 [07/Feb/2024:08:54:41 +0900] "GET /static/js/app.js HTTP/1.1" 200 16741 "-" "Mozilla/5.0"
192.168.4.244 - emp009 [19/Mar/2024:18:57:34 +0900] "GET /api/v1/personal/info HTTP/1.1" 404 46277 "-" "Mozilla/5.0"
192.168.4.230 - emp010 [18/Mar/2024:13:21:26 +0900] "GET /static/css/style.css HTTP/1.1" 500 25546 "-" "Mozilla/5.0"
192.168.4.168 - emp010 [04/Mar/2024:17:21:36 +0900] "POST /static/js/app.js HTTP/1.1" 500 30563 "-" "Mozilla/5.0"
192.168.4.168 - emp007 [22/Feb/2024:05:03:41 +0900] "GET /api/v1/personal/info HTTP/1.1" 200 16451 "-" "Mozilla/5.0"
192.168.1.226 - emp003 [11/Mar/2024:13:49:04 +0900] "GET /static/css/style.css HTTP/1.1" 200 36873 "-" "Mozilla/5.0"
192.168.4.205 - - [06/Feb/2024:04:26:59 +0900] "POST /api/v1/reports/export HTTP/1.1" 200 758 "-" "Mozilla/5.0"
192.168.4.205 - emp008 [23/Feb/2024:15:41:08 +0900] "GET /api/v1/personal/info HTTP/1.1" 500 25548 "-" "Mozilla/5.0"
192.168.3.138 - - [14/Feb/2024:16:53:14 +0900] "GET /static/css/style.css HTTP/1.1" 500 49795 "-" "Mozilla/5.0"
192.168.2.141 - - [21/Feb/2024:16:56:44 +0900] "GET /static/js/app.js HTTP/1.1" 200 36646 "-" "Mozilla/5.0"
192.168.1.226 - emp006 [07/Mar/2024:22:58:03 +0900] "POST /api/v1/customers/search HTTP/1.1" 200 11458 "-" "Mozilla/5.0"
192.168.4.244 - emp010 [07/Feb/2024:23:21:11 +0900] "GET /static/css/style.css HTTP/1.1" 304 23732 "-" "Mozilla/5.0"
192.168.7.50 - emp010 [15/Feb/2024:18:44:13 +0900] "GET /api/v1/personal/info HTTP/1.1" 404 35546 "-" "Mozilla/5.0"
192.168.4.221 - - [14/Mar/2024:15:01:04 +0900] "GET /admin/users/list HTTP/1.1" 200 4284 "-" "Mozilla/5.0"
192.168.10.51 - emp006 [04/Feb/2024:04:48:28 +0900] "GET /static/js/app.js HTTP/1.1" 200 49743 "-" "Mozilla/5.0"
192.168.3.138 - emp010 [11/Feb/2024:23:39:28 +0900] "POST /api/v1/reports/export HTTP/1.1" 304 5942 "-" "Mozilla/5.0"
192.168.4.205 - analyst1 [19/Mar/2024:21:24:17 +0900] "GET /static/css/style.css HTTP/1.1" 200 20562 "-" "Mozilla/5.0"
192.168.4.168 - emp006 [03/Feb/2024:01:25:19 +0900] "POST /api/v1/reports/export HTTP/1.1" 200 26086 "-" "Mozilla/5.0"
192.168.3.138 - - [05/Feb/2024:02:42:44 +0900] "GET /api/v1/personal/info HTTP/1.1" 200 28148 "-" "Mozilla/5.0"
192.168.2.82 - - [03/Feb/2024:20:11:07 +0900] "GET /api/v1/members/profile HTTP/1.1" 500 8884 "-" "Mozilla/5.0"
192.168.3.138 - emp007 [13/Feb/2024:06:52:57 +0900] "POST /static/css/style.css HTTP/1.1" 404 243 "-" "Mozilla/5.0"
192.168.4.130 - - [05/Feb/2024:14:08:06 +0900] "GET /api/v1/members/profile HTTP/1.1" 200 24290 "-" "Mozilla/5.0"
192.168.2.225 - emp009 [13/Mar/2024:06:28:46 +0900] "GET /api/v1/customers/search HTTP/1.1" 304 3321 "-" "Mozilla/5.0"
192.168.3.91 - emp004 [19/Feb/2024:04:13:56 +0900] "GET /static/js/app.js HTTP/1.1" 404 4336 "-" "Mozilla/5.0"
192.168.1.226 - emp006 [01/Mar/2024:07:31:03 +0900] "GET /static/css/style.css HTTP/1.1" 200 24484 "-" "Mozilla/5.0"
192.168.1.226 - emp003 [15/Mar/2024:09:19:34 +0900] "POST /api/v1/reports/export HTTP/1.1" 404 39067 "-" "Mozilla/5.0"
192.168.2.24 - emp002 [09/Mar/2024:16:05:37 +0900] "GET /api/v1/reports/export HTTP/1.1" 304 38709 "-" "Mozilla/5.0"
192.168.7.79 - emp003 [10/Feb/2024:09:08:11 +0900] "GET /api/v1/reports/export HTTP/1.1" 200 26903 "-" "Mozilla/5.0"
192.168.4.221 - emp010 [16/Mar/2024:19:18:51 +0900] "POST /static/js/app.js HTTP/1.1" 200 39811 "-" "Mozilla/5.0"
192.168.8.128 - emp008 [01/Feb/2024:10:53:26 +0900] "GET /admin/users/list HTTP/1.1" 200 47319 "-" "Mozilla/5.0"
192.168.1.226 - - [11/Feb/2024:04:26:58 +0900] "POST /api/v1/personal/info HTTP/1.1" 500 23930 "-" "Mozilla/5.0"
192.168.4.221 - emp002 [19/Feb/2024:12:22:31 +0900] "POST /admin/users/list HTTP/1.1" 304 8163 "-" "Mozilla/5.0"
192.168.4.244 - emp004 [12/Mar/2024:02:37:20 +0900] "POST /static/js/app.js HTTP/1.1" 200 49412 "-" "Mozilla/5.0"
192.168.4.244 - analyst1 [05/Mar/2024:00:35:48 +0900] "GET /api/v1/reports/export HTTP/1.1" 200 36196 "-" "Mozilla/5.0"
192.168.7.79 - emp006 [16/Mar/2024:18:43:36 +0900] "GET /static/css/style.css HTTP/1.1" 200 42373 "-" "Mozilla/5.0"
192.168.2.82 - - [01/Mar/2024:11:39:37 +0900] "GET /api/v1/reports/export HTTP/1.1" 404 41541 "-" "Mozilla/5.0"
192.168.4.130 - emp007 [18/Feb/2024:13:01:35 +0900] "GET /admin/users/list HTTP/1.1" 500 27636 "-" "Mozilla/5.0"
192.168.4.244 - emp004 [17/Feb/2024:08:14:12 +0900] "GET /api/v1/members/profile HTTP/1.1" 200 33596 "-" "Mozilla/5.0"
192.168.7.50 - emp004 [26/Feb/2024:10:20:25 +0900] "GET /api/v1/customers/search HTTP/1.1" 200 6165 "-" "Mozilla/5.0"
192.168.2.141 - emp005 [06/Mar/2024:10:39:35 +0900] "GET /static/js/app.js HTTP/1.1" 200 24339 "-" "Mozilla/5.0"
192.168.4.221 - emp005 [19/Mar/2024:19:54:51 +0900] "GET /api/v1/customers/search HTTP/1.1" 200 38098 "-" "Mozilla/5.0"
192.168.4.144 - analyst1 [09/Mar/2024:20:57:36 +0900] "GET /api/v1/personal/info HTTP/1.1" 500 31916 "-" "Mozilla/5.0"
192.168.4.244 - dba_user [29/Feb/2024:14:12:11 +0900] "GET /api/v1/members/profile HTTP/1.1" 200 11994 "-" "Mozilla/5.0"
192.168.3.91 - - [05/Mar/2024:02:33:10 +0900] "POST /api/v1/customers/search HTTP/1.1" 200 5420 "-" "Mozilla/5.0"
192.168.3.91 - - [22/Feb/2024:06:03:40 +0900] "GET /api/v1/members/profile HTTP/1.1" 404 8173 "-" "Mozilla/5.0"
192.168.1.194 - emp004 [12/Mar/2024:17:12:08 +0900] "GET /static/css/style.css HTTP/1.1" 304 8963 "-" "Mozilla/5.0"
192.168.2.82 - emp009 [10/Mar/2024:04:23:46 +0900] "GET /api/v1/customers/search HTTP/1.1" 404 41639 "-" "Mozilla/5.0"
192.168.2.24 - emp005 [21/Feb/2024:11:30:17 +0900] "GET /api/v1/customers/search?phone=010-9876-5432&user=emp005 HTTP/1.1" 200 17281 "-" "Mozilla/5.0"
192.168.4.221 - - [04/Feb/2024:19:39:59 +0900] "GET /static/js/app.js HTTP/1.1" 200 26550 "-" "Mozilla/5.0"
192.168.2.141 - - [03/Feb/2024:16:14:42 +0900] "GET /static/js/app.js HTTP/1.1" 404 972 "-" "Mozilla/5.0"
192.168.7.50 - - [02/Mar/2024:12:11:46 +0900] "GET /api/v1/members/profile HTTP/1.1" 304 28770 "-" "Mozilla/5.0"
192.168.2.24 - - [14/Mar/2024:21:23:16 +0900] "GET /api/v1/customers/search?phone=010-9876-5432&user=- HTTP/1.1" 304 22477 "-" "Mozilla/5.0"
192.168.8.128 - emp010 [06/Mar/2024:02:43:38 +0900] "POST /api/v1/customers/search HTTP/1.1" 500 44916 "-" "Mozilla/5.0"
192.168.4.130 - emp008 [02/Feb/2024:06:38:53 +0900] "GET /static/css/style.css HTTP/1.1" 304 2377 "-" "Mozilla/5.0"
192.168.4.244 - analyst1 [26/Feb/2024:18:16:47 +0900] "GET /static/js/app.js HTTP/1.1" 200 15021 "-" "Mozilla/5.0"
192.168.5.8 - emp006 [19/Feb/2024:06:46:20 +0900] "GET /api/v1/customers/search HTTP/1.1" 200 24870 "-" "Mozilla/5.0"
192.168.7.79 - - [05/Mar/2024:18:58:44 +0900] "GET /admin/users/list HTTP/1.1" 404 23393 "-" "Mozilla/5.0"
192.168.1.194 - dba_user [08/Mar/2024:12:31:50 +0900] "GET /static/css/style.css HTTP/1.1" 200 14620 "-" "Mozilla/5.0"
192.168.3.138 - - [07/Mar/2024:00:02:00 +0900] "GET /admin/users/list HTTP/1.1" 500 44309 "-" "Mozilla/5.0"
192.168.4.230 - emp005 [28/Feb/2024:04:54:15 +0900] "GET /api/v1/members/profile HTTP/1.1" 304 42969 "-" "Mozilla/5.0"
192.168.2.24 - emp008 [26/Feb/2024:14:44:10 +0900] "GET /api/v1/reports/export HTTP/1.1" 500 4789 "-" "Mozilla/5.0"
192.168.4.244 - emp005 [17/Mar/2024:04:54:20 +0900] "GET /api/v1/personal/info HTTP/1.1" 404 4016 "-" "Mozilla/5.0"
192.168.1.194 - - [07/Feb/2024:08:53:53 +0900] "GET /static/css/style.css HTTP/1.1" 500 42092 "-" "Mozilla/5.0"
192.168.2.225 - emp009 [08/Feb/2024:08:30:26 +0900] "GET /static/js/app.js HTTP/1.1" 200 18493 "-" "Mozilla/5.0"
192.168.1.194 - admin01 [01/Feb/2024:08:15:44 +0900] "GET /api/v1/members/profile HTTP/1.1" 200 13751 "-" "Mozilla/5.0"
192.168.5.8 - emp008 [12/Feb/2024:14:13:04 +0900] "GET /static/css/style.css HTTP/1.1" 500 44072 "-" "Mozilla/5.0"
192.168.2.225 - emp006 [24/Feb/2024:00:27:57 +0900] "GET /api/v1/members/profile HTTP/1.1" 304 41725 "-" "Mozilla/5.0"
192.168.3.138 - - [06/Mar/2024:05:25:47 +0900] "GET /static/js/app.js HTTP/1.1" 304 44099 "-" "Mozilla/5.0"
192.168.2.24 - emp004 [29/Feb/2024:17:51:08 +0900] "GET /api/v1/members/profile HTTP/1.1" 404 41180 "-" "Mozilla/5.0"
192.168.7.50 - dba_user [06/Mar/2024:20:34:05 +0900] "GET /admin/users/list HTTP/1.1" 500 37098 "-" "Mozilla/5.0"
192.168.3.91 - - [25/Feb/2024:12:04:39 +0900] "GET /api/v1/members/profile HTTP/1.1" 304 15909 "-" "Mozilla/5.0"
192.168.7.79 - - [16/Feb/2024:07:19:32 +0900] "GET /static/js/app.js HTTP/1.1" 404 24125 "-" "Mozilla/5.0"
192.168.3.138 - emp001 [15/Feb/2024:04:06:35 +0900] "GET /api/v1/personal/info HTTP/1.1" 200 24511 "-" "Mozilla/5.0"
192.168.1.194 - emp004 [28/Feb/2024:03:38:22 +0900] "GET /admin/users/list HTTP/1.1" 200 19434 "-" "Mozilla/5.0"
192.168.10.51 - emp010 [17/Mar/2024:09:02:25 +0900] "GET /api/v1/personal/info HTTP/1.1" 304 36297 "-" "Mozilla/5.0"
192.168.4.168 - analyst1 [16/Feb/2024:13:38:35 +0900] "GET /api/v1/reports/export HTTP/1.1" 200 14245 "-" "Mozilla/5.0"
192.168.2.82 - emp009 [15/Feb/2024:20:11:00 +0900] "GET /api/v1/customers/search HTTP/1.1" 404 47748 "-" "Mozilla/5.0"
192.168.7.50 - emp009 [01/Feb/2024:05:32:27 +0900] "GET /api/v1/members/profile HTTP/1.1" 200 1022 "-" "Mozilla/5.0"
192.168.8.128 - emp008 [08/Feb/2024:04:47:55 +0900] "GET /api/v1/reports/export HTTP/1.1" 200 16197 "-" "Mozilla/5.0"
192.168.1.226 - emp009 [17/Feb/2024:03:26:28 +0900] "GET /api/v1/customers/search HTTP/1.1" 200 6919 "-" "Mozilla/5.0"
192.168.4.168 - emp002 [08/Feb/2024:02:56:37 +0900] "POST /api/v1/members/profile HTTP/1.1" 304 41762 "-" "Mozilla/5.0"
192.168.1.226 - emp007 [22/Feb/2024:08:20:22 +0900] "GET /static/js/app.js HTTP/1.1" 304 7734 "-" "Mozilla/5.0"
192.168.7.50 - emp006 [17/Feb/2024:20:22:18 +0900] "GET /static/css/style.css HTTP/1.1" 200 17743 "-" "Mozilla/5.0"
192.168.4.221 - analyst1 [21/Mar/2024:03:28:08 +0900] "GET /api/v1/personal/info HTTP/1.1" 200 18688 "-" "Mozilla/5.0"
192.168.2.141 - - [10/Mar/2024:03:50:20 +0900] "POST /api/v1/reports/export HTTP/1.1" 200 17203 "-" "Mozilla/5.0"
192.168.10.51 - emp010 [08/Mar/2024:13:16:27 +0900] "GET /api/v1/personal/info HTTP/1.1" 200 33958 "-" "Mozilla/5.0"
192.168.4.221 - - [13/Mar/2024:14:37:19 +0900] "GET /static/js/app.js HTTP/1.1" 200 9993 "-" "Mozilla/5.0"
192.168.3.138 - analyst1 [15/Mar/2024:13:01:07 +0900] "GET /api/v1/reports/export HTTP/1.1" 200 5305 "-" "Mozilla/5.0"
192.168.4.244 - emp002 [13/Mar/2024:09:40:16 +0900] "GET /api/v1/personal/info HTTP/1.1" 200 28949 "-" "Mozilla/5.0"
192.168.1.194 - - [13/Feb/2024:08:53:31 +0900] "GET /static/js/app.js HTTP/1.1" 500 26690 "-" "Mozilla/5.0"
192.168.7.79 - emp010 [05/Mar/2024:23:18:09 +0900] "GET /admin/users/list HTTP/1.1" 304 40465 "-" "Mozilla/5.0"
192.168.4.230 - dba_user [08/Mar/2024:11:38:28 +0900] "GET /admin/users/list HTTP/1.1" 200 48828 "-" "Mozilla/5.0"
192.168.2.141 - - [07/Mar/2024:14:48:54 +0900] "POST /api/v1/customers/search HTTP/1.1" 200 22462 "-" "Mozilla/5.0"
192.168.1.226 - - [02/Mar/2024:04:37:24 +0900] "POST /api/v1/reports/export HTTP/1.1" 200 2791 "-" "Mozilla/5.0"
192.168.7.50 - - [14/Feb/2024:13:05:49 +0900] "GET /static/css/style.css HTTP/1.1" 200 33223 "-" "Mozilla/5.0"
192.168.2.225 - emp002 [06/Mar/2024:19:46:44 +0900] "GET /static/js/app.js HTTP/1.1" 200 36549 "-" "Mozilla/5.0"
192.168.4.168 - emp008 [20/Mar/2024:05:44:44 +0900] "GET /api/v1/reports/export HTTP/1.1" 404 12058 "-" "Mozilla/5.0"
192.168.4.144 - - [02/Mar/2024:08:12:36 +0900] "GET /admin/users/list HTTP/1.1" 200 34169 "-" "Mozilla/5.0"
192.168.1.194 - emp005 [04/Mar/2024:04:09:34 +0900] "POST /api/v1/personal/info HTTP/1.1" 200 26778 "-" "Mozilla/5.0"
192.168.7.79 - - [05/Mar/2024:23:14:44 +0900] "GET /api/v1/customers/search?phone=010-1234-5678&user=- HTTP/1.1" 200 41737 "-" "Mozilla/5.0"
192.168.2.141 - emp005 [04/Mar/2024:00:45:02 +0900] "GET /admin/users/list HTTP/1.1" 500 15480 "-" "Mozilla/5.0"
192.168.4.221 - - [04/Feb/2024:19:24:06 +0900] "GET /api/v1/members/profile HTTP/1.1" 404 9974 "-" "Mozilla/5.0"
192.168.2.24 - dba_user [16/Feb/2024:10:17:09 +0900] "GET /api/v1/reports/export HTTP/1.1" 200 42903 "-" "Mozilla/5.0"
192.168.3.138 - emp008 [19/Mar/2024:02:59:44 +0900] "GET /api/v1/customers/search HTTP/1.1" 500 12140 "-" "Mozilla/5.0"
192.168.4.230 - - [18/Feb/2024:21:33:58 +0900] "POST /api/v1/members/profile HTTP/1.1" 200 14271 "-" "Mozilla/5.0"
192.168.2.225 - analyst1 [18/Mar/2024:20:51:06 +0900] "POST /api/v1/members/profile HTTP/1.1" 304 13837 "-" "Mozilla/5.0"
192.168.7.50 - emp001 [23/Feb/2024:14:22:35 +0900] "GET /static/css/style.css HTTP/1.1" 304 14183 "-" "Mozilla/5.0"
192.168.5.8 - - [15/Mar/2024:06:58:47 +0900] "GET /api/v1/customers/search?phone=031-234-5678&user=- HTTP/1.1" 500 21192 "-" "Mozilla/5.0"
192.168.4.244 - emp007 [13/Feb/2024:12:30:53 +0900] "GET /api/v1/personal/info HTTP/1.1" 200 38250 "-" "Mozilla/5.0"
192.168.2.225 - dba_user [14/Mar/2024:16:38:21 +0900] "GET /api/v1/members/profile HTTP/1.1" 404 12876 "-" "Mozilla/5.0"
192.168.4.244 - emp008 [07/Mar/2024:14:39:38 +0900] "POST /static/css/style.css HTTP/1.1" 200 31558 "-" "Mozilla/5.0"
192.168.3.138 - emp009 [22/Feb/2024:08:56:23 +0900] "GET /admin/users/list HTTP/1.1" 200 46233 "-" "Mozilla/5.0"
192.168.7.79 - emp010 [09/Mar/2024:21:18:53 +0900] "GET /api/v1/reports/export HTTP/1.1" 304 26207 "-" "Mozilla/5.0"
192.168.10.51 - emp009 [14/Feb/2024:07:38:51 +0900] "GET /api/v1/customers/search HTTP/1.1" 200 13525 "-" "Mozilla/5.0"
192.168.1.226 - emp002 [01/Mar/2024:14:37:47 +0900] "POST /api/v1/customers/search HTTP/1.1" 304 36391 "-" "Mozilla/5.0"
192.168.3.138 - - [16/Mar/2024:21:28:01 +0900] "POST /static/css/style.css HTTP/1.1" 304 49816 "-" "Mozilla/5.0"
192.168.4.244 - - [13/Mar/2024:13:42:35 +0900] "POST /api/v1/personal/info HTTP/1.1" 200 18110 "-" "Mozilla/5.0"
192.168.2.141 - analyst1 [17/Feb/2024:06:10:36 +0900] "GET /api/v1/customers/search HTTP/1.1" 200 29337 "-" "Mozilla/5.0"
192.168.4.205 - emp004 [19/Feb/2024:02:36:49 +0900] "GET /api/v1/customers/search HTTP/1.1" 500 29495 "-" "Mozilla/5.0"
192.168.4.144 - dba_user [21/Mar/2024:04:43:46 +0900] "GET /admin/users/list HTTP/1.1" 304 48485 "-" "Mozilla/5.0"